SEQUENCE: aaugauaugguuuagccuuaaacu
SCORE:     score     fa_atr     fa_rep    fa_intra_rep    lk_nonpolar    fa_elec_rna_phos_phos    rna_torsion    suiteness_bonus    rna_sugar_close    fa_stack    stack_elec    geom_sol_fast    hbond_sr_bb_sc    hbond_lr_bb_sc    hbond_sc        ref    free_suite    free_2HOprime    intermol    other_pose    loop_close    linear_chainbreak    time    missing        rms    rms_fill description
REMARK BINARY SILENTFILE    FULL_MODEL_PARAMETERS  FULL_SEQUENCE aaugauaugguuuagccuuaaacu  CONVENTIONAL_RES_CHAIN X:29-41,X:58-68  CUTPOINT_OPEN 13  DOCK_DOMAIN 1-24  EXTRA_MINIMIZE 2,9-10,12,15-17,23  FIXED_DOMAIN 1:1,13 2:14,24  INPUT_DOMAIN 1:1-2,12-13 2:14-15,23-24 3:9-10,16-17  SAMPLE 3-8,11,18-22  WORKING 1-24  RNA_TERMINAL 1,13-14,24  RNA_BLOCK_STACK_ABOVE 13,24  RNA_BLOCK_STACK_BELOW 1,14
SCORE:     3.984    -29.848      3.963           0.382          0.972                   -0.024          6.473              0.000              0.857     -26.668        -2.855            9.959             0.000            -1.372     -16.624     50.240        -2.000            0.000       2.300        -2.552        10.739                0.042 11757.600          3      2.364       7.332    S_000001_000
RES_NUM X:36-38 X:58-68 S_000001_000
FOLD_TREE  JEDGE 4 14 1 C4 C2  INTRA_RES_STUB  EDGE 4 6 -1  EDGE 6 9 -1  JEDGE 6 2 2 C2 C4  INTRA_RES_STUB  EDGE 2 1 -1  EDGE 2 3 -1  EDGE 14 10 -1  S_000001_000
RT -0.991209 0.130812 0.019848 0.128846 0.988438 -0.0799272 -0.030074 -0.0766672 -0.996603 6.18831 0.19974 -0.188259   S_000001_000
RT -0.780052 0.596722 -0.188262 0.625138 0.730295 -0.275448 -0.0268794 -0.332553 -0.942701 7.23559 -3.92306 -4.27859   S_000001_000
ANNOTATED_SEQUENCE: u[URA:Virtual_Phosphate]gga[RAD:Virtual_Phosphate:BlockStackBelow]gccuu[URA:rna_cutpoint_lower]a[RAD:rna_cutpoint_upper]aacu[URA:BlockStackAbove] S_000001_000
LrhANC9RjSGsEn+Yw4UjNCdKCTGcvcSYwSyuLCF51MGcnyGZwOu2MCdVfeGMMwPZwFRdMCZRjgGcik6ZwNsmMCtdOsG8F5FawAcAOC16NvG89VFawRi8LC9KJ0GMzhnZwVZjKCNzQ1GMDtuZwQBJOCFQ75GMLU3ZwbGvMCRyW+GMcivZwumSMChioDH8lLVawSb+OC9OI6Gs8FQZwGAcPCRW/DHMujCZw3KMPCV8TMHcMRVZwlMNQC9byDHslJeYw5ZjQC5v76GsgTGYwJOQRCpdE8G8UYMXw/jCQC9wAxG8UNWYwpjSPCda+wGsxn5Ywz0ANCZbScGcu+NawQRhLC1IdeGsiI+ZwR5PMClsWtGcNxiawPDGMC5NzxG8k9JZwxMlOCp2H+GsFwNawaytMC1VHDHscmWZws7TLC5izDH86QVawJziQCpZsKHMm/TYwWPPQC9ZTqGMeQHYwIz8OCxnFqG8O1DZw S_000001_000
L4ihJCN2v0GcZQHZwVZ3JCtPPrG838sYw1fJICV971GcciYZwPJ3JChAL/Gs48rYwf+rJCh6iJHMAl9Ywo5aKCZc6RH8o7jYwtS2LC1R3PHc9ZlYwpaGKCN/SSH8mvoXwLv7IC17SYHMXAWXwZkcMCdfzRHcKY6Xw0uXLCVnBXHsWrCXwW4aLCFCSiHM+ZOXwcAVPCpMQ/G8qdaUw99IPCRV/JHsXGpUw8izPCBFtQHsOb1Twm8WOCFn3NH8B8lVwFCxNC1LCGHMfxTWwLx4NC5KH7GMLeKWwSquOCNdD3GcA7IVww19OClJotG8+c2UwDNHNCRBy1GchkGXwj+iMCV+a9GMDgyXwqj5MCNXeHHsKFXXwBrBKCFDmJHMoAbZwiyuICdNSLHsA79Yw+nPKCBt9YHMkcwYwaG/JCxM+KHseaTXwAmNNC1OqWHcLl/Xw3aeLClQDVHM+SGWwJegKCZsHlHMsBOXwje7PCFeM9GMLxrTwxetPC5HdYH8148TwKwYQCF14NH8kPITwEo7LCZLH8GcBIRYw S_000001_000
LEcAICdtEVH8FAGWwJu0HCRTSJH8ATHWwFU0GCxaLcH8ONGWwtN5ICZjBYHsvk0UwvcPJCRsziH8KriUwZUIKCZvnjH8i8UTwz3YLCpbNeHcrMlTwmumJCR9XeH8cyDSw7ZqICpvykHMrkXRwhK3LChiaZHM/qYSwRT4KCNURcHcoORRwWTVLCxOslH8EdnQwm9zNCVjZ2GMOjqQwPl8NCdQlAH88qKQw/zsOC1coBHM0QIOwPsYNCBwIJHMNVtQwFlqMC1FqGHcVlzRwH5dMClrx8GMVuYSw6xENCFHrzGsW2yRwrLBNC9qOqG8mMKSwTOqLCFCo9GsBngTwXtYLCZ7zHHsoylTwLw9LCNZwNHMfylSwxetJCZZ0lH8zIUVwdBbICJV7mHcCkYUwExTKChcMrHcvMJTwgFMJCxrgXH83iSSwuyvMCRQUcH8t4KSwnDxKCFCVWHsP/oQwj6lKC1nxoHMfrGQwANROCprmwGM0GMQwXR1OCRrtIHsD+UNwJlHPCFHW7G85HUNwv30KCNF6KHMq5SUw S_000001_000
LkqWKCRcm0EcuHOTw6nOKC9WZKF8SEzTwymTLCdKHlEctl0TwkwtKC1HC3EsxSrRwg67KCNzvkEsMQ3QwlkKLC1V1qEsvB2Ow9d+JCZnB1Es4lxNwHmRMCpn96EciUVOwPJkNCtSkxE8OvSOwT6VKCNdvFF8cC+LwSP3LCdj1EF8WGrLwjHMMCFCL3EsIDgJwzlgJCZ9jKGcMnvJw7M+JCdxYCGs02RIwjeKKClPfwF88K/IwJi0JCNjZtF8svjLwILVJCJsm8F8fCUNwADLJCVuvIGcPdUMw/ntICNk5QGMsvxNwVhFJCtgmzFcYfzPwBXbJCxOgfF8DPgPwnY4JCtioaFMN7+Mwi4JKCtjVbEsWx6QwQKuLCBSBdEMdjMRwCZVGClGNfFcHU6LwExfGCNbi0FczzxIwocWLCRi1dEMU1zNwy1PMCBrBGFMlTuPwmF7JCdL3CFMS8OKwQuPMCptKTF8DbcLwlQBNCtmjvEskf6Jw57MKCVoIEGMdO2EwP8nICRABYGsUS+MwvidICtNxPGcutpPwDZXJCx16UFMxUeQw S_000001_000
LMU1OCNQo+EMdvZPwn6ZOC54mKFMjQ6Qwa5+PCFspvEcbtkPwFRJPCJzjPFsUiGNw+KlPCZwwIFc7SiKwoLiPCtFyaF8aAiIwanLOC1YEjFcF5VIwIFYQCdBWuFcgYMJw6uvRCZOurF8oAiIwS7NOCZEd5FMhDvHw52rPC9T//FMWiOHwMsDQCRNa/F8+zvBwpLMMClyyfGcQ2FLwyKyMCZxZdGcb8rIw3W2MCpAYlGMscyFw+zRNCJz4TGMm+EIwFVINCxL1MGsdUGKw0ajMCBcZOGsRikMwExBMCxWpYGsvyMNwzkeLChxnbGMuPSPwQSmMCZBGFG86KFOwcMMNCtSV8FsSzhMwDgiNC5nUCGslRFKwSKAPC1vH9Eczr6JwFGgQCZyeDFsOHrKwVgzPCpZRVFMgojFwgGTQCpkdxFMz/GLwNIwNCpWh8FchmXEwnQ2PCVmDHGMDFaIwNdARCBnt7FcQyeBw7u2LCddFnG86HWLwwzQNCNXIkG8AYSCwEGfMCh1bsGM5VqGwEgXNCFkftFctgDNw S_000001_000
Lbu4SCp6H1Fs67dKwG3cSClOzxF87qRNwMdMUCFDesF8lUkJwo73SChoFHGMnP4Jw11TTCZrKLGsNKwGwDV+SCZ93WGc0JJGw7RiRCJxWYG8ZoXGwxlgTCBuSeGcB5OJw+B3UCBFShG8oC0IwzwNRClL7hGMSijIwYSiSCRMpnGMuBIJwvT1SCpyluGcaY6Fw3+eQCx1HfGM7pCLwGYqPCta5mGsFbNMwgckPCBn0vG8VMJLwwC/OCxDjkG8LleOwgfGPCBP5aGs8klPwlgaOCR67YGs9V6Qw2c7PCZi0SG821cOwx+lQCBNPVG8SINMwTA4SChmIHGsk43Dwq8RUC9YQKGsXDeGwxOTTCVrVZGc9ypCwbgbTC94vaGs7a+KwucpQCRvfmGc5F4GwFVgSChjgrGMNM1KwagzTC9F/uGcn1dFwIreOCRm6RG8W9VRwtK2NCV6geGMgPTRwlgAQChkvLGMB2RPw5wKRCZQyPG84CZLw S_000001_000
Luc1VC9yPjG8HfULwBvjVC1N1aGMl6VNwD0NXChhokGMzFSKw6pWVCx1auGckqgMwu1iVCVlE4GsTEELwj7+UCVflBHMN6iMwwViTCB0xAHMNBsMwWkaVCpLzCH8sjcPwitsWCZgfHHsqFuPwN2ETCxXJFH8yJJPw40SUCtBhJHsXVUQwfCdUCdzgUHc7v/Pw6eXSC5Sv8Gc/4VQw/bdRCxo7/Gs/OVRw5xRRCdSnJHMvNiRwnMzQCdJb4GMoIDSw53ARCZVEuGMu8zRwhxVQCJS8mGMt3iSwIf7RCt8jqGMBG0Qww1kSClzDyGcEFHQwzTGVCpzd3GcS2UJwHQgWCB/K5GM0oxKwLLOVC5IHIH8OWkLwCwaVCx1v7G84rJQwLLdSCleBLHcsYwOwnpNUCdGZIHc9OSRwiSaUCFduYHMKs0QwXbeQCVhRfGcQSZSw6htPCt0YpGcT0OTwQEFSC947iGMjZpQw2XNTCB/zvGcOl1Ow S_000001_000
L8opXCJxKEHMjkFRwaMZXC9kv4Gs31ZRw09BZCZ0sHH8IxwQwghHXCFdNLHs1YTSwDyAXCZb1GH838mTwDCSXCJjIPH806qUwIHsYC1a+RHMA5qUwvLkWCRMyZH8NSgUwhIOVCxGgZH8Xs8UwFw1YCt/ycH8seCVwZncXC5HahHM/QTVwazKXCB5vgHczQsWwVHjZClBhiHMTy8TwPl6ZCNaAtHs8LMUwLurZCNgmxH8XWPVwVckaCpg+xHst6JTwQ04aChNptHcFY7Rw4tebC95KzHsKOGRwZleaCJDxiHMT/vRwoy1ZC5vudHsGgvSwBSqXCZQABHsl+sTw88GWCZg+DHMj+uTw1RDXCl+HMHsE5iVwqclWCd93bH833jTwvvXZCN9NdHcuH3VwQ1XXCF3woHMmI+Uw9nMWChIxgHMws0WwVo1aCRya5HMFfTTwUgqaCp0CfH89E6QwBdkZCl7SWHcGHmSw S_000001_000
LA7CUC1KIeHspHBUwJ2HUClgpYHcA+sSwH9xSCFzydH8+1yUw1RcUC5XWqH8OVzTw7EZUC1KwxHceJ4UwnGCVC5yR8HcfqgUwAXcWChts6H86sOUwR9fUCp52AIcHjQTwQDUTChd0DIc1hfTwmE3WCRfrAIshKLTwsWrVCdUSEIsvW0Sw1SJSCRs0DIcQ8YSwtkvSCl62FIMIOARwItwVCR8DJIMdTlTw+1RXCROh6H8VYCSwtcEYCt5M/HckMERwMTbYCVhQEIsvCHRwRtbYClWk4Hc3GCQwEBGYCJF9tHMrsvPwUBgYC5XDpHsiKxNwjmRXCRkppHsCn6Qw3F6WCZX7vHsOx7RwCO3UChctuHckepVwnLdTCFJBzH8TsHVw1c8UCdwmAIcLHRVwEuUUCZ2R8HcbukSwDknXCZJ5CIs9TdTwjZpVCxLCFIc8x2Rwy32UCRxcKIs74uTwck/YCFmu7HsnoqOwPL/WChIKiHcfj4QwlLWWCp+ysHcDmoSw S_000001_000
LNxJSCVX1DIMIkZSw9avRCRSV8Hs2HPSw2bKRCBM2HI83Y3SwE1vSCVD2FIcGlARwQPQTChrHLIMsf3QwHdAUCpoyLIccJJPw8uLVCF9YIIcUVJPwXsQTCFlLKIMlgnMw8jYSCF9NOIMqNrLwXwaVC9uUGI8/8jMwdFZUCpU4IIMy+rKwMMUTCt4zDI8WQfTwPy8UCdtmNI8wnkJwOlmWCBn2oH8dBCIw8C5WCNCBzH84k0GwpMjWC5F+7HsNkrIwaL0VClrv5HMkS3KwIDcVCpcuvH87kwLwnR3VCFV5mHM1PPKwz2kVCR6wcHsKu2Kw5xrUCp/hwHskOFOwB6nUCFG26H8q9hOw+VSVCVzcAIcSXqMwx32TChK5LIMZWnRwFegSCN+pNI8Yz4QwTkSUC99hPIM6c+OwTwvSCBx6GIcnK+MwamUWCFYRHIsXD+LwTkGUCJnXGIsN9SJwdgOUCxUHQIMgGKJw/hbXCZMA0HsNTlDwTq5VCNu7WH8j1tJw2oCVCJoJbH8UmcMw0eJUC9+89HcX6BQw S_000001_000
LDDFRCRjoMIsqT+JwCuiQCh9iHI8iOELwS1MQC5KaRIs9Q0Jw6UpRCZwdLIMwvGGwkl7QCRaKIIciaeCwi42RChqaFIMYLL9vck6SC1ssCIsHXfBwSEPRCNPDBIspSo0vMgkQCllEDIcqzXrP3GOTCphe7H8ZoJ+vQibSCZDB7HcXavuv36NTChEh/HMJ0QxPHgxTCtJ2TH8mUTEw40TUCt1vZHsFSYAwyxHUCB4CkH8wkf+vYlQTC90foHMmQuCwyKoSCxSejHc368GwJW6SCBKkYHs4euHw0HYSCJSrSHc+Q0JwStzRCNImqHcRk1Iw5c9RCRMnzHsfrEHw7x0SCBE7yH8Xd0CwX1SQCxnXKIMYIeAwI+bQCNrcFIMmofEwgfQSCBcHIIcjXe4vDRmQCh8A+HM92p6vEcLUCBe46HMo+l8vjsJSCNDszHMfNBovQEoSC997AI88va6Psb7UC9j8VHcloA8vqQnSC1FGLHcGI/JwH9vRCVb7VHssTFLwZ7fRC1WP6HcJSCIw S_000001_000
LxAfPC5A7+H8XC/4P+ZdOCZSFDIMCim9PtnNQCBBY3Hsa/BAQJ8yOCVLK4HMx0/RvEVjNCdxX7HMoufxvwi9MChIwyHMFsv7vzAaNCZgToHssXE4v7hXNCRACzHshFxDwCMWMC1APuHMhf9Gw6wQOC1CXjHMjZu/v30nOCNeGsHsuv3DwXc8OC9R1nHMhOeIwHxZRCxwFDHMaAj6vorUQCh+kEHMSvWAwURjPCp5MNHM0b1AwtU/PCxkHVHcXJS7vdNFRC1iyUHcqSBxvsN0RCx1MLHsQgcwv5G5SCJstJH8hKUnPOrORCx6ceHsCRbdPcWPQClXTkHMBgCrvpvcPC5CKfHc6tH6vhS7MCll98HM5vmgPm5rNCNB7AIcsDC5vI9+LCd7FzHMOyQ7v+3jNCtvV6HslC8Ew0ozNCxqfdHcJluBwacYPCBQQwHMbZhCwto6PCBoHoHs7/tIwsJEQCJtc+GsarkCwCTXTCpv1CHMo4LmPCeNTCV/ePHMf3I1PjEFQC5UrrH8n+RVv S_000001_000
LWWILCdvW1HsTNmIwZeqLCVuj8HsV+sKw0WaKCti+5Hc8XiEwUkKKC5e4sHM1i/JwdLbJCtLblH8PlcIwsMVKCdFwdHMuU9FwsdSLCpRHZH8d/0IwrAqJCRZHUH80OaDwWnCJCNEiWH8uH58vlZlLC5gbOHc5iCIwyHzKC1hHMHciM9CwY7nLCd6YOHMpy88vMpOLCBj/GH8yZPKw/XyLClxt8G8XROKwwhjMCNVJ6GsFgYIwKveLCVAy1G8gRNMwkypKCxEv4G8taKOwgPYKCdznxGcVhCQw7XEKCVWHDHcKHPOw3XYKChb6JHsR8QMwaW4ICREVpHsp4RGw1W1ICVRWhHcXboJwbQ0KCdpthHsUCMDw9x+IClSSRHco03Fwb2iMCR+4NH8H4VHwm/dKCNJvEHMG94CwjvDLCJ6VPH8RJQ1vLixJCZTjzGsVaxQwLEyKCR4eqGsEpAQwoidJCd2NFHcXurPwgT/JCRKGRHsc/RMw S_000001_000
LhfqHCNuyQHseTk5vIK4GCpj6OH8xEvBwD7DHC9l9WHchjKavh7HICZNeFHcceCyvtesIC17iEH8B2qyPDJRJCF2i5GsTDc2PVCNKCVi32G8Rr7hvMeRICRSVwGsrxS2Po2lHCF4GvG8VlgAQIzGKClN0rGsJokvv2YJJCJczmGs4xawPJE5JCdYJjGcpWK9PFmoJCh0gqGcNME/vx+yJCZMjgGcCT2BwsTTKCx4/YGc47C/vnNWJClTufG8phBHwaywICBVpnGc/5BJwKHaICVuolGsJjVLw/HoICt+uxGsy6ZHwJtDJCBJxyG8xlXCw2CJGCxWthG8ARIAw3OaJCF72JHsQXK0PmRAICtx9FHsCgt6PYlvJCBIj5GcuAF+PpenHChDhxGMMShjPAb/KCFwhoG8lknsvyrnICpDChGsc2jfPDoSJCZKZiGs7npBQR8cJC1puYG8CtXIwDQOICBJ13G8phoIw9B9ICNzv5G8u1oAw S_000001_000
OTHER:   -2.552    -13.749      1.583           0.203         -0.149                    0.010          2.085              0.000              0.459     -13.098         0.005            4.604            -0.594             0.000      -8.251     26.340        -2.000            0.000    0.000         0.000    0.000                0.000    0.000    0.000    0.000    0.000    S_000001_000
REMARK OTHER_POSE 1
RES_NUM X:29-32 X:39-41 S_000001_000
FOLD_TREE  EDGE 1 4 -1  JEDGE 1 7 1 C4 C2  INTRA_RES_STUB  EDGE 7 5 -1  S_000001_000
RT -0.991358 0.128915 0.0242836 0.126816 0.989159 -0.0740446 -0.0335658 -0.0703252 -0.996959 6.18705 0.203631 -0.159107   S_000001_000
ANNOTATED_SEQUENCE: a[RAD:Virtual_Phosphate:BlockStackBelow]augu[URA:Virtual_Phosphate]uu[URA:BlockStackAbove] S_000001_000
LN5JECxD5XI8zKhFQvdiECh7ySI8ic4CQWbNFCFufbI8AloHQUzQDCZaObI8nKbBQ4pxCC1sYgI8tXyCQzt4BCF4niIcUn68PmMtACxySfI8B8v7PU9eCCpcziIcFk5lP51UDCBtSnIsMMBCPa3UACF6+eI8OzXcPw5PBClGxiIcwDxyvHWpACh35nI83RtzvF6M+BFbtRI8EsmGwaFs9BxG7WIMxv7Fwd8Y+BpIJaIs+e7BwcNz/BdjcXIcAxc8vifPACtuFSIM4Ft8vm0n/B9uHPIcC3zCwjQEACxG7JIM1xeDwlO+ACdDtQIsm1suvqeDBC1ULVIs/f7lPJTbACt6aZI8SYZsv36QCCFCJgIsPtHGQFOiDChSziIMtqUDQ+cR7B1r3RIs4d91PD0R5BpUkRI8GY52vD4mBCBlPmIMJ+8+PN5/CChjhfIcz2cXPZHz+B1yNgIsxI/EP75cBCZRYhI8Sji8vytsACFrPpI82eN9vhup8BxOnYIcWsZIwole/B5QEIIcZMrGwmGlACpk9HIMC0xAwvUhBClzdVIMoin4P S_000001_000
LMgnECJTzmIMBXA3v5MJFClFRhI8NNI1vCogFCpCarIc7BcyvmJCECBehnIsL+oBwawWDCxYSsIc9pIDwNAdCC5YYrI8Ej4HwOThBChrFnIscXuGwf0IDC14npIMEugKwjpsDCNU8tIsc89LwGiSBC1A+jIcoBsJwuaBCCxtumI8yh/Lwf3IBCF4ZqIcciPNwJ5QBCxGcQI8U++MwvzqAC163UIsTv5NwLAuACJy1ZIcTi8MwxtfBC15DaI8aOwKwI/KCCJ02VI8GokJwTXCCCdazQIs5uxKwxUoCClfYMIMuJ3Jw743CCJtlXIs+RrGwqBnCCZ4tcI81KcGwaCyBCNAfeIMVgOJwoO0CCFBitIs72GAwq+AECNcCvI87iCEwLq8BCV4quIMNwSIwDM2DCpbDnIse7EKwMEVACFM3jIcODFKwPOYCClsHkIcKVRNwVhqBC5EFtIsnxNOw2mHACNRZUIMuigPwD6fCCJ89IIMxdyKw0fMDClHjMIM35QIwGH+CC1xEfIcQZqDw S_000001_000
L+FIFC9VStIcFyZNwvPDGCZbrqI8mteLwgkfFCVUhyI8bfmOwMI2EClCMpIMNtxPwvH+DCB2iqIM1A9QwCtnDCldulIMnqyRwtp8CCtLwhIcTY+QwPoyEC1AtiIsGtZSwecRFCxDFlIc7GmTwqgVDCpvhcI8EGXRwY7NECRwHdIcEimSweaZDC5q4cIcUowTwW0DECRABaI8LpOQwWPLEC1SgUI8vaPQw2wtDClTtRIs5FIRwai2ECF1WSIs/KWOwjjaFCJuFVIcA4OMwao/FCxrkSI8VXdKw6XQFCNlxaI8SzVMweamECZM+cI8zUZOwpbJDC1JEsIclNlQwe1ZEChPOtIMichRwo/ADC9M2mIcArgSw2UhFCJshiIc53vRw4NjCCx5WaIMvQlRwKI7ECFsZaI833nSwmm3DCd0keI8MdgUwPj8ECxMdOIc1xUOw97nFCVQCdI89w6KwbXgECxo3gIstLbOw S_000001_000
L7Q0GClthkIsrB/TwRtkHC9yblI8tjuSweyBHCtqJoI8kIJVwLaGHCd3jeIce/dUwB5hGClekcIsv2qVw5p0GCNrsWIcnx2VwHbKGC16nTI8EQ0UwfLSICNSEVIs9yvVwJHBJClXCWI8N47WwmS9GCtmIPIMQNeUwHPMIC1GLPIM8FYVwBo7HCxb9LIc7LhWwhXwICd+KFIs9ZaQwYwiIC5LXDI8DTsRwKP2ICFdc8Hs8X7RwXNEIClaXGI8r9qSwHJ0HCdbaLI8z3QSwbb/HCBtnNI8ayARwxQgICJpWKIMtT8Pw3zuICNikLIM7tlNwIJnHCRV9SIcJQARw8AOHC1n4TI8JjOSw7LUHClxePIssyCTwCyjFCRJGdIsvDpVwgc5GCBNkeIcbdbWw2jeGCN7jVIsJnuWwr0sICt6BXI8fcAVwUYcGCJ62LIsgYoUwNZ/ICR99NI8+R5UwCTkIC5x5MI8McOXwXOHJCJ8nCIs4JhPwL1tICxua5Hsxp0Sw93MJCxf83HMQTNRw424GCtjXXI8b/hSw S_000001_000
LElXGCZPuXHM9PrQw/PDGCFJQcHsQnrOwacCGCxRYMHMzD+QwieqFCNs/eHslxxRwzL4FC9dIdHspVKTwavTFCpjBmHsthAUwk3BGCZV5vH8qRwTwUo2DCNh6oHcPBwTwQV8CClu5hHsWFZUwwcJFChrt4HMqL2Tw1ixDC5jZ0H8B+PUwoCqDCxRy0HMRgqVwigHFCF8Q+HsjUiSw1WsECNXZEIMb3hSwwjWEC5uxGIcxViTwCqrEC1azGIsW3SRwruCFCFniEIs0xFQwRg+ECVUPHIci4HOw2IeFCBVL+HsyJLQw6hfFCZCT5Hc4RXRw311GCBQmcHchCVTwnycFC1KYWHc0faTwhZaFCxLGkHsr+8Uw93rDC1zzoHMkMySwZ9dFCN1r9HsQJiUwoTDDCJEX4Hs2vzTwgZ7CCBeDwH85b8VwTmYEC9PiKIcKGRRwQyvFC17U6HsB3uOwxdyFC9c1xHcNQZRw S_000001_000
LXfeBCVSBgHsNxxTwSadBC56fkHs8xZSwg9GBChDpUH8uv/Tw71hACx5NnHsqDsUw56k+BNFGrHc5dMUwDLU+B9HB3HcVzYUwKgaACVmP8Hc7cEUwS6R8BZgp8HMUNgTwASo5BJ047HMd2/Tw+sLACpTEDI8sRbTwxEW9B1sBEIcb+cTw6jr8BJ84GIMwkoUwuptACRnsCIcvyCSwUF6AChncHIckPXRwJqqACNI0LI83I2RwupZBC1J6GIsDpFQwChtBCtmNCIcer3OwkYJCCZLZCIcbVkMwF9eBClE76HMe3MQwZaABCRKv7HcefcRwffH9BhegnHcN7qUwyWc+BZscpH83UPTwI339BhHb4Hca5UVwJZW8Bd0j5HcQkmSwaxoACF2+FIc/b5TwwXv8B1x5FIMXZpSwxMx6BBybGIssT0Uw/8iBC9pOKIsgGLPwqcrBClj4zHssZoPwG/2ACl0H1Hs2r8Rw S_000001_000
LlnL3BFAz5HsGY/SwzdK4BFi4yH8su4Rwta10BJzW2HcDxyTwgLj2Bl9pCIMSwYSwvmW1B5osGIMDyLTwzIs1Bd+KMIs8akSwRdf4BV+INIcvwRSwAaS0BhEFNIs2QPRwneixBBoVOIMebYRwbqw4BdmDQIc44DRwwn71BJDkRIcLlnQwyJQ1B5dmWIMsjLRwPXL6BhdyMIcS/CQwWbL7Bh2bPIsKc4Nw/Z86BtcPUIssNjNwdWe8BVKQMIc+lDMwwW38BRXzGIMmTNMwR4E+BFCgEIsmbZKw6ux7BRMVEIMMJjOwUcg6BNpVHIM/fLQw53n1BJvxHI8q/6Kw5+L2BJjrGIsoiEUw5JczBNr7FIcB4RTwjCE1BJC3OIMRdNTwz3d0BZv2JI8v5rQwSoy5BdQUTIstEPRwdcx1BVrlRIckBSPwWtTzBtlyWIMzwSRwewM9BJMDOIMUWeKw7w97BR1dAIc0u0OwD2x5BVRjFI8sJ+Qw S_000001_000
SCORE:     6.629    -11.788      1.257           0.186          0.282                    0.016          1.928              0.000              0.458      -9.934        -0.544            3.766             0.000             0.000      -8.197     21.460        -2.000            0.000       2.300       -11.865        19.306                0.000 21199.109          3      7.942      11.262    S_000002_000
RES_NUM X:58-59 X:65-68 S_000002_000
FOLD_TREE  EDGE 1 2 -1  JEDGE 1 6 1 C4 C2  INTRA_RES_STUB  EDGE 6 3 -1  S_000002_000
RT -0.991209 0.130812 0.019848 0.128846 0.988438 -0.0799272 -0.030074 -0.0766672 -0.996603 6.18831 0.19974 -0.188259   S_000002_000
ANNOTATED_SEQUENCE: a[RAD:Virtual_Phosphate:BlockStackBelow]ga[RAD:Virtual_Phosphate]acu[URA:BlockStackAbove] S_000002_000
Lne9LC5QuSGccrCWw8m6LCJiXeGcAJwVwak+MCpfeOG8XB/WwKyHMC9GjMG8cFqUwP2OMCdiOBG8hsnUwTsRMCZ2M6F81CNTw+ACLCxMO/FcNxhSwkUWNC5M6BGMGvTSwM3nOCpPV6FMAjfSwpKSLCVxMCGckMKRw4dxMCV8OAGs7g6QwxC9MCVdCrFM4peQwwjVKCF9WeGcPRCLwTpsKCdNDUGML85KwVX7KCtkLNGcbn4MwqEwKCZP6RGsmiRPwuaYKCpqacG8OkuPw9qKKCVr3iGMWzdNwdvzJCRJJtGst5lNwx7SKCpOeeGslcORwwAnKCtSUVG86AyRwYZ5KCJEXNG8mP4Qw6gdLC1LK8F8KGFVwTRDNChuI+Fs0eFVwj9THCVW/OGsqLpQwNzRHCNQnQGM3jLNwrAZMCRtnqFsgVOTwtdaNChAnJG8iGfSwIawKC9Nu6FMJJmQw3DJNClVYFGMGcRQwuWzNC5LolFsaN1QwZuzKC92KRG8fEGJw8DrJC9gPxGcgX8LwNbrJCxllwG8DcVPwVzoKCJHQUGc+MwSw S_000002_000
LkN9PCZANEGMpXUSwddsPCBn/OGcod4SwKpGRC1sq7FMXs0SwhhHQClGZFG8bWvQw++bQCRz04F8eH3Pw6MeQCJPp+F8oy7MwayJPC94tCGcIdEMw9HYRCFDoIG8bjLMwKXvSC5foFG8YT8LwmbRPCdZ1KGM/xGKw4ywQC51iMGc/pkJw2DKRCJrBGGc/MxGwvjRNClE6uGc2CKHwkO2NCRrPnG82+8Dw2d5NCtrbpGsK1Z9vhgVOC9vFeGcNawFwkGNOC9BMdGMogjJwzipNCR+VkGsXSVLwIRINC5+IuG8zuVKwLOmMC59g1GstKmLw4MtNCN7ZgGceI7NwgPSOCVQGXG8ffrNwvOnOCh6oUGMbWFLwy4wPCZpqtF8QiEQwJNURCBbTzFMqjMQwRLvQCh8AyF8+r5LwU5SRClqQOG8xQiNw+W1OCFfbIG8STdIwU19QC5dHUGMFIQJwLeISC1CTFGsfoyGwbR8MCBva1G8whbFwe9SOCVZQkG86oc4vydiNCRHMwGsmar6v6zdOCR/VSG8BjMPw S_000002_000
LJa7PCJPugHs2FCTwvxhPCZKlXHsRD5TwPcuPCRI1rH8RDhTwRdLPChwhfHsgloRwMxcPCNqqmH8zDkQw38zOCF37iH8TsjOwjbaPC12yYHcYvyNwLYTNCpVAhH8QAqOw8rtMCpf2jHcu0JMw9yZOCZu9QHMUVdNwfSNNC9c8UHMBpEPwsx/LCJFTQHM+YMOwPe/QCBVeuGcRXNLwZrpQC9K/2G8X3uJwZa+PC9Lt/GcBmcKw5CoPCdrN/G8zoCNwzy5PCttA3Gcs4zOwwDoQC5CPuGMItzNw7w9QCpovlG80yRPwQrYPCdwR5GMWYqQwcS0OClFpCH8QugQwdJ7OCFWtGHcvveOwo1aQCF1JnHMm0bQwVfGPC93wtHsniyQwpFAPCRCOoHsSIKNwq94MCND6kH85bEQwSDJOCd8HQHsIFlLwY4VNCdLTTHMWCfQw259LClQ0IHMKyxOwnM8QCNIx2GciCuHwdGeRCR92fGM72dOw+etQC9TZlGcAZlQwT2WOCpbZGH8pSPRw S_000002_000
Lsh6LClO8uHsMZ2Lw4WjKCpVatHsG59Mw5txMCJjp3HsJc5Mw9uxLCdzfwHcEtsIwZYwLClY46HcPMGHwHtXMCZa76HsAnlBwt1xNCtjN4HcHP8BwEpzLCJi1yHs5KS7vN4mKCF+U2HMghs0vItKOC1D/xHMvP+6v5c9MCBUTxHcV28tv9sBNCJ905H83jAwPzDNQCdpgNHsn6xcvD36PCtmPWHs5r8xPE5YPCl+efH8WadmPLpIPCZ+TfHMnbw4vWzXPCFW8WH8a6u/vn/7PCxpmNHsK4Y7v5GOQCNM5EHM4XkAwJ++OCJzpZH8dhBFw13hOC92bjHMQ2iEwU0lOCdRXnH8/41+vLhQMCVky/HMV3sIwgA1KCtFW9H8zP2GwbGSMCdsDBIMvrDAw52oLCNtEsHMOgB/v+b6OCVKb1Hcmlc2vle6MC1vUqH8Pz+BPoeHMCtY37Hc3XJ0PAeIQCd/wVHMtYn8PpVnQCFLn+GsUBq9v0SCQClyxEHs8raEwLVLOChUknH84NkHw S_000002_000
LmLTJCZK3uHM5bH1vBZDJClLmrHsAu5AwclOICNPY0H8iQrWvQ5uJCN/fkH8MHqwOaJGKCtcPlHcQE+6PTu0KCByVbH8omt+PzNEMCR2IaHMdw04PmpGKCVBxQHsLG/8PJbKJCJAcOHsplkCQp7TMCptRPHMfjz0PoKQLCB6yIHcxMa8PnsvLC9ASGHcIbYDQshNMC5P7NHsDfuyvt2tMClQhEHsS/65vwjONCNWp9G8KXFwvl4oMCZ3FDHs7LUCwCfFMC1TmKHsu2YFw59BMC9r1IHcJ5UJww+jLC9IPUHs3aMDw8XpLC1ckVHcXRy7v7brKCFNerHMCY97PKUSJCtOLmHs4BS/PGzBLCNHIcHMw3KDQIMpJClA8QH8YlI0PlCNNCpOFNHMRfy4Ph8/KCRjWCH8Abb4PMW/KCFOnFHsub2FQcUoLCtKNOHMhogKwECZMCZNMCH8SuEKwvGKLCxrtZHs0IfFwBuSLCp1JcHMOXn4v S_000002_000
L/X0HCln9HH80qLBQiuQHCJJaMHcvTS4P6X+GCJfqHHsLSEGQq3UICRkH8GM0CAAQgj2IC58n1G8Q7JEQnmYJC5RKrGssOCCQfkcKCRpJtGMwRa8PdNZICdjOkGc7W99PpzjHCV7EeGc4YYCQktYKCp6mlGck8ivP0VTJCdcgdG8+vu1PkV5JCFLAVGcibt8PMJGKCJSHrGsXmu0vf1UKCFHblG8qBr/v/3vKChFScGMF/v/vh3CKClG2qGs7zeEwTPkJCB8I1Gcnz8Ew0HXJC1b54G8X4tIwPkWJCRPi6GsQf8/vgpnJCl6c1GsPuj1vHWpGCZ5qmGMenN/v8FlJCRof5GMe07FQpRJIC9pJ0G8S9wGQuxvJCpyAnGcqCCFQZc1HCJJ0oG8dqb5P8/PLCVl8hG85TZtPmB1ICpp5aGsAlKYPAIQJCFNUSGs4x+AQ6zMKCJW9mGcL70HwU7AJCJP5BH8bp2/vwudJCB2T5GcrIeBv S_000002_000
OTHER:  -11.865    -35.047      4.420           0.433          1.192                    1.191          8.560              0.000              0.978     -31.022        -5.373           12.677            -0.847            -1.285     -20.310     58.520        -6.000            0.000    0.000         0.000    0.000                0.049    0.000    0.000    0.000    0.000    S_000002_000
REMARK OTHER_POSE 1
RES_NUM X:29-41 X:60-61 X:64 S_000002_000
SUBMOTIF_INFO RES_LIST 11 20 SUBMOTIF_TAG base_pairs/ua_handle_1q9a.pdb SEED 0 S_000002_000
FOLD_TREE  EDGE 1 3 -1  JEDGE 1 13 3 C4 C2  INTRA_RES_STUB  EDGE 13 11 -1  JEDGE 11 16 2 C2 C4  INTRA_RES_STUB  EDGE 11 9 -1  JEDGE 9 14 1 C4 C2  INTRA_RES_STUB  EDGE 9 4 -1  EDGE 14 15 -1  S_000002_000
RT -0.741508 0.670941 0.00193771 0.59933 0.663658 -0.447617 -0.301611 -0.330751 -0.894223 8.12578 -3.0805 -3.55634   S_000002_000
RT 0.396218 0.883814 -0.248765 0.781012 -0.466879 -0.414782 -0.482734 -0.0299444 -0.875255 5.27212 -1.85349 0.55056   S_000002_000
RT -0.991358 0.128915 0.0242836 0.126816 0.989159 -0.0740446 -0.0335658 -0.0703252 -0.996959 6.18705 0.203631 -0.159107   S_000002_000
ANNOTATED_SEQUENCE: a[RAD:Virtual_Phosphate:BlockStackBelow]au[URA:rna_cutpoint_lower]g[RGU:rna_cutpoint_upper]auaugguuu[URA:BlockStackAbove]c[RCY:Virtual_Phosphate]ca[RAD:Virtual_Phosphate:Virtual_Ribose] S_000002_000
L+gxICVTPOI8mQ3+PeQGJCNrvJIc9gF3P0h1JCRiFSIMJ++AQmnkHC9siRI8wgu5PQOEHChxMWIsgk0+PzN4FCBBdYIMPp54PrYyEC5DoUIMusD5PCxFGCVonZIsBfqrv9LvGCtDleIcgikxvi8EECN+xUI88wQdvAMrECBHXZI8kQw2vRJ9DCBGIeIMSyQyverQCCtW4IIsCNmHwEi7BCF3yNI8WT7FwhhcCCliqQI8jU8BwKVbDCJ97NI8Zb8+vmM4DCtJ3IIswZuAw3/PDCFCQGIMq4BFwzDlDCxhWBIs2isGw+05EChuVHIMIJn6vxBDFC9SdLI8jVewvO2LECpAmPI8JPz0vvzyGCxaSVIcGDEDQLXxHCtV6YI8WFH/PtkACCxmFGI8Qmw0P9DmACBiIGIcnUQzvkmlFCBwvbIMZVe8PH+nGC5SvWI8KsL0vanIDCp7iVIMoe4aPiKrECpIiYIsT/C/vBwkECplKhI8Iuqyv8NNBCl4hPIcsS7HwkrGDCJVe/HcgF3IwqySECF+u+HcuE5EwBZtFCFtkLIczlXkP S_000002_000
LFiwHCh8NfI8VGo+vXJjICFUNaIcfse/v7ZdICVwakIsFJc9ve3zGCBtlfIcnObEw5o6FCpF9jIMPrFFw6a8ECFr9iIMg/yIwvQLEC5IKeI8wgQIwXsjFCtm9hIsfLiLwtK9FChtumIMTN2MwUe3DCZRkbI8YwtKwjHdECRk7eIsxA/MwWLdDCRzdiIM9N9NwonrDC1X1II897/OwFyADCpTXNI8KJgPw0EHDC58GSI8PvTOwCDCECZm9RIcxeWMwHJzECBanNIsgVmLwnYmECt70IIcJNBNwRFRFCR6TEI8UGhMwOMpFCBJ9OIMS8fJws1XFC12/TIMJTCJwr/ZECZ2EWIcuIsKwnjaFCZpekI80pwBwOlbGCRjMnIcLV3FwOJVECx7AmIM0A7IwYlVGCtTnfIM/ZVLwpC5CC9rbbIsho5Kw0R0EC9rqcIs5ZaOwzR4DCZZ0lIMKAhOw52WCCZHKNI84qeQwHZFFCl/FBIMB5kNwIA8FCFbNEIMbyFLwIX0FCtEGWIM4ESHw S_000002_000
LLZyGClKYmIsmikPwHjJHChH+rIMSPIQwI08FCBLNjIsfLuQwGoIICZQJjI8EADPw0JUJCJ0zlIsQ7MOwWKjKC9sYjIsOZcPwp2oKCND6kIsSqHRw1AnKCFrTdI8czfPwLzBLCtWEbIcy7BNwuIMLC92pgIclY4RwgQkLC1YNcIMVl5QwDyOKCdKEWIMH7yLw2oIKCpleRIc08/Nw+v6MCZo6cIsBBgQwe1LKCFy3eIM0G4SwAUpKCN55bIMZu8TwZZ0LCxAvaI8MeGUwdjrJCxHWaIsoE2UwNGVICZtabIsZByUwhklHC9WuZI8XzqVwvP7HCNQgeIckVpTwKE2ICBGFgI8oiwSw3iQJCxblpI828tOwGrYJCVDklIsLGQMwvtVLC9rvkIs0HgOwNUuJCxW5bIsRE9PwUm/LC1o4hIcJXWSwqpaLCRNqYI8jfSRwFaENCFw+aI8AwUPwpE/JCFLPYI86LnVww6+GChLdfIsNWhTwRwiICxtLiI8xV/Rw S_000002_000
LArOKCp1FWIM/2zLwfv2ICdgDYIc2aQLw8RELCBFEUIcx3kJwZVIKCVDgRIMgzAOwJgOLCVOCOIck2gOw0o2KCtbQIIstOEOwFbBKCVnfGIMHEJQwb6DKCd6DHIswThLwYaeKCBJDCIcPcbKwTl1IC57JEIMa9SPwfMoIC9GpGIcooiMwSUBLC5FDbIsGWCNwhTxHCh8gDIMKa7Kwaz6FCBx5SI8IVmRwbc7GC5DPTIMj+qQw07MHCNjIYIcKnMQw1xnHCBqEPIceQPQwWAOHChCeKIMCS0QwcROGCd9sJIsHFwRwXOfFCJ9MOIMoRNSwlTkECFHWOIMQCCTwmpHGCpyVEIsv/FSwXYCHC1J/BIsIBYRwJZvHCVAeFIsVAlQwiShLCJofOIM4yLQwiv9LC51+OI83BUNwKMrLC1KHGIs+KDOwD2JKCZ98JIcOuNKwiN6ICFkQAIcjhHPwmIQICtaPKIcIMvMw0y1HCtFvEIsShEJwd1dFCRgOWIMKo2RwRb6HCdYnYIcOKEPwdYsGC9DPbI8R0gQweKNHCNVQ8HMnuZRw S_000002_000
L8SyLC5tvBIcK6mIwRlsLCpYP5H8UTPGwJi1LClu3GIsveOGwdMENC98dBI8iJgKw6uOOCpwR9H8eEtJw+RVPChiS+HsI0vLwtY2OC5k26H8bKWOw4NkQCJlb3HsaJRLwOvdRCp//7HM+WZJw5Z4PCF0h1H8/CxPwgiJRCpHT2HM1LEOwJt3RCt3m/H8Cl0OwqylQCNyaTHcZFsSwolKRCxuFdH8ZiuSwKr7QCF2nlHcux9RwqS+PCdJhjHci1DRw+oSPCVG/ZH8xf5QwFVoPCdjkRHMoJxRwstDPCNY7HH8ltuRw1wXOCpPxaHMweuPwb/gOCh7lkHsZB3Owf9dPC5AWqHsQ+GQwU5iOCF0EAI8OB/HwdcAOC99s1Hs+deJwcymPCV15CIMLG3LwZTSQCRaXwHcFBoKwcKCQCNcC5HsxwvQwensRCx50vH8TnOOwftdSCV/1AIcslWNwyx2RCtHBeH8OdaTwoiVPC5rXCH8OPXSwq9WOCt1ZGHsogERw3d/NCd6jnHsvJYNw S_000002_000
L5TYSC1Bb0Hc1bLHw0mfSCVX45HsTL7BwOnmTChCVyHsHKMJwOjoRCxCUpHcS+QGwB12RCRHNjHcw/jBw+QPRClUOYH8w99BwKB7RCtDASHsDTDGwBOxPCRw1XHcTWpDwHqJPCpsdOHcb+gBwIPERC1mvPHc+AOJwSp2PCt9AXHM0G3Iwf1sOCJ5wSHcDhGKwxNzRCJKASHsx8uLwC3oRCZ60KHMnC0NwYq7QCFA6CHc1+pNwTlVSC5KPNHM2LDQw5dKTCBB6VHMdiQQwSSuTCF/9WH8xQWRwKISTC9/+cHsD5ROw0WnSC9t0aH8KxBMwwm0SCtuciHsi5/AwF0dRC5q9mHMM8/8vAiVRC1IlUHsDEC9v/5SPCp5UeHch5iCwHlxQCBGQIHsc9NJw6/CQCF4FeH8+FnJwRDuOCNJkUHMumAMwNIPSCRVQIH8AKzQwLf2TC10WjHcWgZOwumtSCBuyfHc6shKw S_000002_000
L29gOCFGxOHMR4n2vhcrNCJmkYHMZU31vaypPCdkkNHsEw9NPqfjNCR2sEHs3/rzvFw3NChld8GsREckP0taNCFjqxGMUwrpvnDfOCZlnsG898c4viQPMCx3sxGsP+G6vwM/KC9IlyG82NsxvBW8NCVqhmGMH3dAwF0aMC9LOnGMhbEAwgW8LCpGaeGsk/D6v3DtOCxgifGsroROwlfLOCt+gZGcfyUMwutAOClq1bGck4vJwWOdOCNhwlG8cWNJwFQBPCZm4sG8V4/KwkIJPC1gdpGMNnqNwpiqPC9odvG84InPwBJXPCBZX2G8vTuJwHQAPCx/x0GMU/dGwqvcOChf5qGsW0jFww21OCFaT8Gs6+mqPNpbNCZE/9G8oCZ4PEiMNCR6JtG8p5+uPWoVMCpVr3GMbMI/vvOOOCBxCfGc2YHAwXPAMCVJgnG8rqnDwQiCLCBrAgG8zD/2vSG4NCFmYSGc7x3Mw1WuPCByosGcd+tQw3V/PCR9r2GMq1NPwwwHPC5LK6G8vvpDw S_000002_000
LDHtJCB8g2GMHvW7vg1NKCtkj9GsHAACw/cxIC5/66GsZ84svGWAJCp8bsG8EOZAwusMICxootG8ktBFw3bkICdQqlG861pIwnoAKChkdlGcUOAJwtCCICJ76nGc0WcLw7GsGCdbjkGMKbyLwKcVKCh61jG8AfuLwnYBJCdpCiGcznONwPuvICVm5WGs/jTNwLIELC96ZtGMi+sMwOgtLCV9hsG8GzIPwABtLCVYYkGMBNPQwd5XMCxxk1GsXc9Pw1EdMChwN/GM3VoOwiyFNC9XoGHsN0oPwMxwLCFGi/GMQFIMwjCHLCdl12GM1pRLwdkQHCNflsGsYqCEwYBUIC9g40G8CjcGwNHRICJCjeGsHxFIwD6FICllnvGMTQzLwAC6KCJfhdG8PM7LwRXDJCdrJlGcOyBPwuEzHCxF2VGssauNwMp1MCZOI1GMSz1QwSGxLCJmEGHM11CLwULpKCRqQ3GcGsjJw S_000002_000
LBazFCVJppG89tHOwsVCGCxYX1Gc49/NwtlbEC92XlGsQhuNwfvVGC5RblGsOydQwmtSGCF/BsGcgonRwcSjHCteDrGMELcSwTtsICJAOuGMkMpRwYgoHCVlJyGMnFrTwDm7GC5g6tGMCRyUwo8pJC9hZzGsGhdSwxjIJC9UGzG8Zh5TwsopJCVQ4pGchBjUwc1QMCNEKWHsWR9SwCpYMCR6uMHMS5pTwcwUNCJxfMHsHJnUwvGpLC1YKEHsPjbTw68vKCJ/xFHMBDcSwnBjKCRZ2OHsSkrRwoeWLCdi/XH8pn7RwVtULChiygHMihXRwq7hJCpzQNHMHgwQwSAJJC1DcDHMh59Qwfo1JC9Ec+GsiO+RwHmhFCR17pGcC4KSwcnLGCt9fzGMtzVRwAcqHCJ9kjG8SrtSw8SRHCd4O5GclMdTw1mgKCpCkvG8sWaSwBHXJC5Ar5GsijYUwLL+IChqCnGMcDKVwyM3MCR9CcHsQxMTwuRdNCd4+FHskCJVwhP4NC9E0SHsRGyUwxDbICdv+/GM6TdQw S_000002_000
Lj8KGCNWy1GskczVwlPfFCJeL+G8eUAVwFnYFCVFIvGcr4vWwhaWHCtcV7G871nWw3vOICRlK1G8vSbXwqBUJCx6/7GMLNBYwkbKKCBwTAHchf/Ww561ICFV0FHs1sZYwR/ZICRGbDH8DyDZw7umKC1ExKHMNyWXwGCEKCBpFNH8bMYYwCLCLCh68JHsk62YwZ8BLCZtgwHcUZfVwK/tLC5ntrH8rEhWwrRpMCFNuxHsaZIXwAFhLCtivhHsvd6WwmdjKC1f3cH8JPMWwotzJCxJ7gH87eJVwWQCKC1QorHcm8uUwKfeJCNmrwHcTC1Tw+x6ICBTUZHsM2qUwynIJCFo7QHccnaVwvVHKC5XhSHMF6WWwEOpICxRnvGsE33WwL2tHCZlvxG8glEYwE12JCF8i3GMyTUYwn7GICJqNJHcn6JYwfclLCdm6KHsXAYXwNG0JChFoUHcfYbYwjYlKCRpbIHMMFSZwaYQLCxF83HcqjRVwHwKNC1LuuHc5v3XwVOzMC1xG5HsaC2WwigpICpPLKHMABUVw S_000002_000
LbgbHCl5hLHcEpcZwsyqGCNVSFHMjE9ZwtzOICF36UHcVVqZwuDaGCNcZPHsIz4Ywhj/ECROQQH8fBCZwHYYECp/+XHM0HiYww2KFChuvhH8YCkYwqEfECZZgUH8ArmXwLCbDCJCKZHcFT2WwfQ0FChb8jHsHV6Xwoa0FClNSZH8fwKXwaW9FCN5raHc9cxVwl1FHCpJGpHcICHYwX8YHCZBWyHsmahXw0TnGClHH2HcKPsWw+FmIC9t12HM9d2XwVKhJCZYRzHcQEZYwiHkKCNWU4HsxQeYwP2IJCtBspH8hEvYw539HClRDlHcZ+kYwxL4EC1h3SH8FXfZwQSlECJgKJHs+h/YwmBdDCBZbZHsriqYwVWfECFFtMHsnihXwmlTFChbOpHcvVZXwZNjGC5uyUHs7BgXwXZ6GCNJ0aHMiCjVwd01ICBQY9HcfsXXwuZuJCZJomH8rAFZwF+tHCJDgeHM2M0Yw S_000002_000
LVDFCCxufSH8mjmWwDOSCC1nnMHMODVVw4c1BC1ubMHcbz2XwIn3AC1bnaHMpYZWw5SgAC1bMeHc1UGVwDYRACNUHqHcScEVwKuiBC50tvH8ZjCVwoDD/Bt1auH8Z/2TwmGP8B5TOtHMTq9TwxXcBCR5B5H8iIPUwnp9/BB0B6HMAbzTwvpk+BZrMAIs0KwUwkKXCC9N43HMxIFTwMzmCCN9dAIcG2USwN8GCCBhzEIcogkSwxodDCZdf/HMmGRRw+gFECt6H2HMHA5QwDL1EChrH2HcWc0PwiQyDCBvFtHMw6tRwHO9CC1VRuHsTWwSw/YX/BdfiaH86q0UwfLOBCZ1ZcHcQFeUwfkk/BhwKsHM5a4VwKLr/BJ0sqHcbgDTw1tsBCB9W/Hs7RwUwqC0/Btl98HcFc5SwMYr8BlJZ+HsBtvUwNopDClE6CIMm8tQwN7LEClnGmHcFihRwjDxCCRO+nHciiTTw S_000002_000
Lw0d6BtzArHc9rpSwPw/7BtFsjHciDxRwcpu3BRRAoHcMwFTw1GT6BhPY2Hs3+7RwWur4Bp3r+HsLGeSw3kD5B5WhEIsq1tRwek27BRnEGI8PNvRw8JW4BB3ZEIszMPQw0Wk1BFM/EIM6m/PwR/l8B5QbIIcjnfQwfuB6BV18IIMkJWPwqx14BB9/NIsrk4Pw4ro+BRHGFI88OoPweLBACpkbHIs9PjNw6Yq/BRKBMI8RR0Mwp/8ACt2MEIM7YWMwiQQBCpK99HsA0/Mwz+HCC5QM5HsoXuLwXafACdZp5HsElKPwKkJ/BVGx/HMI3LQw7507BpDc7Hccp8Jw5dK5BBG0/HczOaTweMz2BBIj8Hs5saSwql/3B52THIcn7JSwbX94BF1ABIsVxsPw6hV9BlV/LI8teqQww9X6BRndII8kkbNwyK72BBhzNIMI5ePwrfdBCF4xFIcL33Kwb9oACxbRyHsC2wPwSVI+BdRo8HMxG7Qw S_000002_000
LKBePC9VwWIcKnXRwXx0OCFaLTIcG9XQwsC0QChCBZIs7bFRwFCjPCVmoTIcBYwSwTrJQCRJBWIsRP5Twtg/PCppkSIc05HVwKalOCtA9RIMkJcVwDZgQCZM3MIsF2AVwjB6RCBTdMIM0BNVw+vVOCpWxMI8GQ9VwONsPCNn8JIMcmEWwU9NQCNy1KIsm0XXwhQaNCxP8JIsErCVwuJuMCNCeFI8hyhVwz95MCR2AEIMEusWwQj3LCtP0CIMVrtUw38rLCNVdEIcXVdTwkb1KCtAuBIM0RsSw80XMCtD/II8jw7SwJqNNC1IlLI868vTw25uPCBOgZIMcxDUwKxGRCJ0iWIcx7tTwAPcQCpmVUI8OF4Vw9mRQC91bLIcCSIUwBh7NCd3CNIMYD2WwRQnPCBpHGIcKz3VwchMRCRIqKI8pOVXwijrKCJ80CI8a7wRwrYXKChFN9HsskDTwz3OMC9oKKIsHoASwmdsNCxUtOI8aCaTw S_000002_000
LTAxSCd8PIIs9DWUwPhPSCNKRIIs8G9Sw/GNUCZQWJIc8llUwvoaSC1QnCIcj+/Uwv61SChfVBIMcMUWw6HVSC9633H8xXwWwmV4QClFE4HciQ1WwWeoSC1LiuHcFE1Vw/b8TC9GcqHMal/VwdtWQCtK/tHceBdWwFiiRC9cjmHsrvLWwpl2RCZa5gHst+XXw8xfPCpLcvH8xdQVwomnOC5LLnH8R+5UwkdlOCRc8eHMlSmVw/x0NCNBToHcJc0TwnT4NChSOxHci2FTwP/ENCxU+xHMUvBSwmvwOCt7w5HcN9aTwqpiPC9Lk4HM04fUwPxgSCF5EEI8Fs7Wwbn0TCJtTBIs5yVWw0SsSC1GS2H8VRpXwm8gSCp81wHcMm5UwzO0PCN7ErHs6/LXwylWRCRYrhH8JDcVw50sRCJLmlH8/mEYwwFGNCxWb4HcnMeRwjReMChoEsH8hYzRws1yOCJUJAI8aW4SwM3JQCNtW+HseivUw S_000002_000
LgISQCdaXQIME5DWwYfIRC5F7OIc+75UwdI4QCJNDRI8bkZXwMLIPCJd9LIMrHHWwGsnOCVHlJIcZvTXw/zrNCxsJNIcokCYwQToMCZzNPIcN5NXwmS5MCF9JKIc5KlYwVLuNCpxJJIs3cJZwcTdLCFN+PIcDa+XwnbxLCxxIOIcNotYwkVNMCBkkSI8eOGZwNNlICxk5KIMsL5TwZ5hJCdwmOIsReDUwSvPKCRFuPIcw6IVwoC5JCNJiMIM5bKWwRz7IChljII8OIIWwlaPICRwsHIc596UwJLSHCV//DI8FhwUwc02ICNBEGIsCJXXwzOvJCt0fIIsxdDYwZOaKC1ydMI879bXw7vXPCBnqII8RU5XwNmIOCtfTGIsTBFXwVTMOClAMQIMV+NYwaxjMCtUyGIcUPZYwey/KCBhZMIMi16YwS8cLCh5/UIMJvKZwKELLChauTI83A/Xw9euJCVyzQIMzHRTwQd1GChMoDIcBD5TwwKCHC5dqBIsQQgVw7o5JCtFjHIchdhYw S_000002_000
