SEQUENCE: gggggggaaaccccccuuugggggggaaaccccccX
SCORE:     score     fa_atr     fa_rep    fa_intra_rep    lk_nonpolar    fa_elec_rna_phos_phos    rna_torsion    suiteness_bonus    rna_sugar_close    fa_stack    stack_elec    geom_sol_fast    hbond_sr_bb_sc    hbond_lr_bb_sc    hbond_sc        ref    free_suite    free_2HOprime    intermol    other_pose    loop_close    linear_chainbreak    elec_dens_fast       N_WC      N_NWC       N_BS description
REMARK BINARY SILENTFILE    FULL_MODEL_PARAMETERS  FULL_SEQUENCE gggggggaaaccccccuuugggggggaaaccccccX  CONVENTIONAL_RES_CHAIN A:0-34,z:1  CUTPOINT_OPEN 35  DOCK_DOMAIN 1:1-35 2:36  INPUT_DOMAIN 1-35  WORKING 1-36
SCORE:  -1222.954    -96.171     20.402           0.962          3.804                    0.701         11.874              0.000              8.205     -81.865        -0.898           34.934            -0.780            -1.229     -54.886    124.560         0.000            0.000       2.300         0.000         0.000                0.000         -1194.868         12          2         41    S_000001
RES_NUM A:0-34 z:1 S_000001
FOLD_TREE  JEDGE 36 1 1  Y    C4   END  EDGE 1 35 -1  S_000001
RT -0.79245 0.562807 0.2351 0.57614 0.817225 -0.0143674 -0.200216 0.124065 -0.971865 -3.99519 5.4086 -2.09642   S_000001
ANNOTATED_SEQUENCE: g[RGU:LowerRNA:Virtual_Phosphate]ggggggaaaccccccuuugggggggaaacccccc[RCY:UpperRNA]X S_000001
LbiuDAhH+mDEiQfTwyxBGAxoXCEE9uVSw8eld/42FPDEoBrTw6D1WAZfQFDE5LbTwRUNmA15nSDUlakTw8X6tAxb+uC0NfPTwIfpsAJcTiCEDu2RwwIbsAFUkFC03RBUwUgAxAVa+GCUaSUVwcWOuAd8+pBUpduRwm0ixARY9IBkCuGTwD038ARW8KBEb7MTwU44bAdapb8LqvqPwleToAZjtz67FgNQw19SvA9u0t+bMOEQw2amrANAXP9DaWsQwxXkjAVHwa/jDexQwI+8RA9LyG/zeIbQwhrFLAB2Ib6TzN0PwDC9x/wuCD0rNPFPw32iGA9HFuA01CqQwgKwUAlyMjBk+wIRwzJbkAFFEABkJ2ORw0GjnAdyxqDkD69Swd+YnAxl5bDElmfUwK4P1Ax7T5C0UMYTw+owkA1S6+BEgZGUwFoE0AppcgBkboFRwGjsuAtEbPAUCaRTwz25+Ap/tmBUFsCUwL/nYAtVQA/7Kd+Ow5uz2Axjsd+rVSUQwFZ6sANNJOA8xvaPwVJaRAZjCPCEPmZRw S_000001
LSzisAtBxQB0AueWwWgrgAxeZWBkdZeWwCSiyApLOkBErduXwxszvAJm4l/jTQAWw60j6AFJ7s+D04FWwCJx7A14xx1bQ3kVwNPK4AB/FD4b8qMUwMyM1AVrnP+7cXSWwcR35ANVBG/LykgXwjxLzAJ4e0+LqL9TwEIb0ABnVOAcAbPVw+DD+ANnV+AMV8KVwSa7EA9WOsBssX9RwwhAZANeTGCMgiMSwESLcAVAVvCc812RwjKckAt23fBcWZuSwUuehAZIuOAMPUATwkEYPAlfQQ/baxzSwbkB9/cLxYAsxaPSwyFAQ/ILHCAMaO/RwQv0PA5xKc6r3tOTwjfqhA9PMH4L7rqTwT14nA92Jh+7k1jTw5qH/AFyV5/jKGkVwuR38AJ3ww+zx2BXwKArBBxzPf6b2OnVwPhBuA5LIF9bs4dWwhPK3AJkSs/7Q6OTwfyMuA95MzA87ZZVwwzCBB9VJ2Ac8//VwU9m0/U+TJC8oBkRwgqGlAh+o8Cs/LASwmygQAxMIADsKsdRwOYQkAxgS38TNLCUw S_000001
LkqdyAJh5IAsq0VYwU26oA9Bzh+77AaYwVfW5Atc1YAMkv7YwzXmuAd9MjBsnzDYwF471ApvxTCsvm8XwCCtwABA95CcM8SXwBBssAhOHuCsaG/Vw2b+mAVUKMDcYWAYwRBtpAlBomDsLjjYwNb9iABdmFDcCktVwJtJhAdotjD8qV5WwAkDmApy1FE8yanWwfS0y+KW42CM79+TwJ/X1+EiVaD8lZBUwvPv09eGu+D84SiTw5N10/ANHaDcW3fUwPUOAAdmCzCcZi8UwtW7o/UlsNCsD/8Uw21CM9WlXOCcjBcUwY1hW/SyJhBc25WUwfVPAAhJtYB8h7fVwA3lSANMZ7BMJpzVwEeqTAJucoCcj7fVwtz47AlMFKCc1oYXwiEv4AZhScCcbVaYwEDD2ARItQDcIOMXwIseiAN2g0C8lfKYwBxLkAhyfWDcFm5UwSfBTAdb6mDcvEGXwfFaqAJQJKEMpoYXwtKcp/unZ6Cc+BnTwu5S3+0xgMEc5SiTwBrcg/+qG/DskcLTwSkZeANZhbBMj4NWw S_000001
LwpdhAxDpsDsnhKZwCIJaA1+6BD8auVZwkJzmANJZDEs4BsZw69BQA9ZPEEcoj2YwwDbTA902ZEMSVqYwB09//oyKjEMtoUYwLTR2/cnDXEcNecXwWdLN/U1hiEsBNuYwzPvH/wjAzE8nRNZwPFqh+8scWEsU7PXwTd9t+yDBkE89gLYwt0YA/KDW5EsWV5XwNWNaArBqKD8eHIWwdiVYAXNH2DM6v9VwldokAnsHFEs3wbVwfsGHATPJGEs6DTWwICTv/awIzDMtN0Wwbzzv/aVhHDcURBXwsweKAbPIwCchGqWwtx0NA/6PJCMVowWwioJm++sw5Csw2kXwVem0+kBpcDMlusXwOgee+GfTAE8/XQXwqWnfAV1haEMypWYwh/tWAxhUiEso5DZwdcADA9DByE8vqMYwgVcI/E6kUEclk8YwKg3l9AnDdEc4TYWwUa2m/yA/dEcZJVYwNqXE+eyKDF87KSYwGw0jAD0L9CckM2VwmJbkA//pUEcazSVw8DCrAjGD6DM90LVwYMNq/4pDdDs+ICYw S_000001
LC+vk+6wzvE8kQ3ZwSvt/8mGCaEsOWIaw8fKv9SKvCFstWTawOs/4/GucwEs2dlZwpFVFAjfoDFc30UZwuGWbAHB//EMMZCZwnSJaAzCrwEcBnfYwwa6lA3tc2EMrugZwNJZqAntxFFMC/8Zw8FtmAX02jEsC+eYw0CAuAP4jsEM3MCZwfS10AnlX8EMJawYwCBq0AD3MvCcnrSYwQjr5AHvHVDskVJYwYV4BBbjVSD8lr1Xw+SL1A/2M7D8b6NYwonDrArWM4DsyycYwTAUlAbB+TDcOEnYw0aQqA/JZrCMsCiYwJRfmAjZjHCMwZpYwtgSWAz9leDcnT1YwlvxVATQJEEs9izYwR9RkAbe9MEc/6kYw5713/uvIJFcCR+Yw4gRGArbQOFsX1rZw6JagAjalNF8gS3YwE2hiA7mCrE84hxZwltHqA7BAmE8KEDYwGJEyAbmChE8i/PZwniq0AfvIJFcWjCZwVmt4APErUC81KOYwJk3DBHqasDsDWnXwK4kDBPgT2CMOxuXwNASJAnBqME8Nt7Yw S_000001
LaQIvA7pZ+E8Odqaw1qZnAT7PvE8xI+awcLayA/44RFc+SCbwsjq5AbHYxEcNdeawwRVBBP127EM9TMaw6cnFBHMGsEcvg/ZwuygDBnDWdEsP1fZwVmtHB7iqdEsx3iawZhfLBz+8nEMBu9awNc8FB32iIE8KylZw9yAKBzS1KE8kEKawZJFPB/66PEs5T4ZwBA/BB73IjB8uxuZw3QqGBzMFGCsqFkZwFy1KB/H/ZB8VjaZwVkMHBjaOwCs03iZwHtnCBfzeEDslXtZw7yf7ArpCzC8Re4ZwSuc6A700FC8Hs5ZwrQeyAb9ggBcyxCaw0oD0Ard6SD8A9AawIiU5Aj4h2DsDA7ZwQH5BBrOGwD8ECvZwxDMABj23DFc//yZw+/zCBf44FFcbThawn9nIBLB/zEs59yZwS1sEB7DrYEc9T0awwP0HBbb7EEcUOLZwphKKBjtv7D8Btbawz6lQBzSLcE8/sHaw7RACBrsWkAcptuZwqMSOBfzxzBsgrSZwgveKBznpbAsmYbZwAvH2AzOdJE8hp+Zw S_000001
Ly7QMBPTKgEs+Wubw566GBvxzfEsKIDcwygpQBLg9sE87rBcwDeSOB/MGIE8W8pbwiMcTBzNcDEsRPZbwgjLUBzYhXD8Y+RbwjtHQB3CTHDMUP1awCxpTB36M7CMfX5bwoDWYBv6h6CsnzScw23jOBjpsdCMABBbwaxUSBvZMQC8mblbwLt8WBDOW5BM5oTbw/FB7A7tpTA8D+ebw74ZCB/Y9t/7JDRbwVi1CB7QQK87yIKbwBpkGBTPWpAsFXKbwMtcFB7XG8Bc23Sbw3FtABHprPCc22gbwiWh4AbHloBsf7nbwPubvA/ol7BMGU0bwYEMBBDjn7CcOylbwL+HGBD1zDD835abwpr7IB/95fC8GEPbwJY5TB/g+KEsX+9awyRKWBzxeIEsldtbwV1sXBjIsSDc4+EbwsdnQBftDFD8RjKcwCG4OBPHWJC8YRpawukhQBL/f6B8S45bw8eIaB3SIICsR6hbwgFW1AL9TS/LC8ibwqIPGBD19m4bzJAbw42h/ADNeI1THAPbwayqHB3BngDMMIbbw S_000001
LAx+XBbCRDDcgZFdw6q6VBzLXvD8GzLdwoxJdBHCm2Csz8YdwiEhTBXCmiCMsfVdwuCVQBXKAsCMV65dw1rlPBj5JFCMW6VewEHtUBXEf0BsiuoewMXtNBPca5AMoa/dwXJEIBTl1wAc87+dwmJkVBfk0aA8VQnewL7PQBH1Gk/LO0Zewy2MNBvspA/bKG/ew9UChBPJJR+jhEmdwrtReBfiGa+DxNEewCjKbBnUoz5TAtTewxbQcBPTYv9LSkAewPLBgBjEAV+7EHhdw6UihB7iC217tiTdwdabjBPuID4rkd1cwZTBgBPSAgA89CVdwOyUcBLJkCB8+Ctdw+23ZBPumJAstLIewQqESBfDmCDsXnKewgR0MBLbL2C8IcwdwN2BNBjOCMCMcosewAXNPBrN83AcLdidw/9mWBDkzEAMocDfw4z1QBDH459rZmIewsZ5OBvkZF9ruzOfwNXtdBvm8FA0cqQew2BbkB/9St8zUTtcwbw0jBP2679bukncw/nYbBHcb/B8Dxrdw S_000001
Lu55EBvQ+rA82MSdwAOSIBHfzUBc66wcwatv+A/TVLBMvbZdw1smEBb/QQ+bwHIdwgtxBB7a645r6ijdwtgeEBfILN+zFVmdwBA+JBXwro9Dg9zdw/34EBf8Ax/Tps8cwrXjABb6dxAUCR2cwYWiNBjLhW/zeSbdwSZEKBb1vqA0TfCdwt6PJBPae0B09PcdwsnjdBHkVJ+jcV1bwn02bBP5aHAELeMcwbQpXBvaHNAEFZmcwye9UBfJHF+D0incwP3NWBHn1z3b3lRcwdcxaB/VGq2bSO3bwJ/dcBj2nP+LnHgbwamiSBPwfP+ranacwUGNPBnPGO8bnZ1cweLbQBLofA9jfp+cwB8lBBzl1i8L+PAewwAS8ALGE83rekYdwkrlCBngcT/T1e7dwFCVFBnZog+T74kcwKeHQBH0vKA066sdwBVsLBTpR5AU43mcwbZkMBrK4KCEWLddw8DBeB3Il7AEb+JcwajrfBLgvE+r5UObwZzgaBb3S8/L9Ahbw9dHMBvz0C+LEsBdw S_000001
L1a56AfPAzAEhPJcwz1g6AL0N0+zci4bwbyzwAfStjB0SEPcwUcRBBX3ZpB02zqbwOCACB3yRhCEwZxbwT1MHBP/uwC0QbebwIpkLB7QQYCU0Jwbw6w0HB/N4qCUKXuaw63uFBfQkND0OZWawY7QPBP/DMCU54Qbwby1NBvfulCUcPpawPAfQBHv4NDUXMrawHmNXBrl5/3TqyMawTE3YBjNEz+zkZNawn6lWBTyTdAEKxfawXVCSBvE2GAUFtzaw4R1PBTBSX9DW41awatnSBDdtG57NJhawAw+QBXVR7+bNegawIsGLBD34b9TXNNbwuYkKBHsSHAkLaYbw79nOBnrQ7AktGKbwzSACBTkInC09NQcwaKE+ADI1wCkzFkbwajrHBLZAPDkNulbwJnDGBLPOQCENulawZP+SB/MNSCkNHZbwSIvOB/+CWCkHCPawANSUBDguJDEjqkawY2NcBXa2J/TtK+ZwDLGTBz1FJAcrdRawYRqNBTU6b/LECvawSXjHBzWacAUydpbw S_000001
L8A1ABbjwFDkQZ2Zwwtx5AT8WvC0p+RawqEs+AbV8uD0d2hZw1vpCBnLglC0OuRZw/8HHBTN2uC0mU3Yw8P/KBDlwJCEsZ1YwKPpKBjiyhB0bkcZwbCBKBnWTSBkvGSYwdOJMBP+BsBURFUXwqQKLBnAxIAk4iTZwPKmMBveuBAEsFkYwz4PSBDVSEAEFtfYwS9HGBnSZ2+zvGeZwFdSGBrh6C0zcliZwAbmKBDpXP8r4jdZwU5vBBvb2j873LsZwTjV6Arz3zyzxbxZwA8lxATyXv8b936ZwXqv5AbXz3+TUHtZwRmYBBvk0FAU/kjZwOv+IBr49HDUvvCZw2T3FBLxN1CEIVaYwWNoOBrkFVCkZjyYw2/JGBDDxIBEQGPYw3pFOBfiji/D12kZw3nELBTp5b+TcQXYwgyLTB77AuAU0hJYwVIuqAn0iq5LF8+ZwjlByA75WU/bUy9ZwIf9yAD820/jMBxZwVqQBBHFKEBEWegZw S_000001
LKiWJBv6TNBkQu8Vw9sdDBjOMQBUDNJWwttzLBbt09BUuC1UwcYFLBf2SX/jkozVw8vfQB35+p+j44jVw7tTRBHk/p4bpFnVwtu+PBnnPq8Lks7Wwdg1NBDyd+9b6PrUwHy2PBHowF+7xgWTwkoaNB/1z3/Lpv1WwQRrNBbcRWAMOeXVwBeeSBjOzEBs7UJVw/g1HB7Krs/bnrVXwtRLFBHpXCBsuaqXwQUiHBbz1DCcVhhXw9YFABvwG/AMSzDYw7bR7AXvrn/LIWIYwR4OxATMTn/r51WYwG3OABLqgV8bVF8XweKRFB3yol8rESfXwkaxSBfSQg/jqFPWwODiRBv69T/ToDrUwo3EVB3e146LpHbVw70NKBLpsd8LVKqUwi3ZPBn8PlAsobYXwdxgKBvEX3AcGtGVwDrSUB/VUtA874WUw8patALxg19bchaYwYjrtAb0ypAsd4dYwsty8ATXyM6j0dBYwNsHHB/VZ84TRwQXw S_000001
LkP1LBzJeZ+7f9GSwqRBHB/2//6rEoYSwiY7OBHaF59LqF3QwtpGKBzP2uA8OdJSwGR2NBbBtwB8/V3RwhggLBnRMkCMb9GSwzgAKBPxgoCMXPgTwoVZGBv6nuCcnYWRw7BXHBnZS8Cc0MBQw9QLFBHiWADsNHoTwS/0DBPJxQDMoYOSwlMTGB/zN5DcbSCSwfj3ABPmDlC8IBMUwi/p4A3sH5CMQEuUwCpF4A7EtgD84KtUwjjswA7d9gCMPWPVwFRgxAbW3sB8iiPVw4rcpA/xz/Ac0AxVwX8n6AbTLCBsVbtUwCmOBBrDsyBMa2MUwz//QB7sJpB838bSwgq8OBfkasB81P7Qwd0NOB7nw5CMvM5RwDoFEBz5RVC8HXVRwn8yFBXHvYD8ZQOUwkV5/AfTNSD8ObFSw0yMIBXwL5DsOgLRwpNzpADzJBAMkKyVw7RLjALJYdB84XIWwQOJ7AvgpDA8NAuUwFWZEBftdWBsqC1Tw S_000001
LqABDBHeAzCcJVvNwppxABvYnHCspQMOwHefFB3Pi9CsvxHLw+rz8A/fBVDs+KTOwDbo+AbFvAEMMX7Nwe5R1Ab68NEM0D5Ow0bozADsdKEsVe3QwLNfqAvLzIEMicpNw39/oA34mSEcphHLwGOfoALVOKEsf3KRwv9piAXteQEsUQxPwpNfhATpGnE8jxsPw6UOlATZmpD89eqRw9Z8WAf14lDMB0VSw9mvLAzrHDEMEggSw/5mQAvwK/CcOQzSw8W6cAbW5cCsx9mSwwCCWAjGuuBcCHFTwXnaoA3XlfC88H7Rw1rdrADEDGDcnQeRwmhhCB/X7EEstG7Owgox/A7RiDEcYgBMwlU52AfqHdE8wulOwELzpAbwhyDcYpcNwKEDnAja8UEcHS3RwwKeXAjyMJEsBqnPw6t2jAvhXsEcEp8NwqEueALuI7Ac7C9SwxeUIAf1MrB8SQjTw1T4sAnTNGCcyWyRwwaSyAX2kIDME7/Qw S_000001
LNgshAf0OHEsfr4Iw59qjArdrfDsAABJwV5SjA/FwSEscZoEwpOiLADYmLEctZ3JwJL1CAz1kgEMLY2JwkUDV/y/VhEstpMLwOAzc/i2kaEMQr9NwLutd+o9pSEcpLDKw3uQY/09UbEsEghHw0wXP+YTNOEM5VvOwMhml/0HbPEc4maMw1jVAA9KdhE8AryMwLpiX+iszvDMP5WPwgj8K/QKHWDMkCaQwZcQ4/09TlDMXNxQwCP/p+o9TtCMz2sQwKEJW/KludCMKITQwuvik/m0jqB8NKnQwj3o4/efA3CM7ZHPwIHet/C+UfD8L7iOwq6pMAjSNqEchqyKwh4TBA3DZlE8Xc/HwcS3/+iJHwE8e1JLw/4uK+GW6EE8U+kJwNTcF/QDtUEMkvKQwlSH2/8MJCEMpuPMwJX3AAxhspEMQLILwzx5//aw2RBsZTVQwm+DA/q//HBMOzHRwjHHKAv3QrC8+JiOwm+rAA/1PxD8XxhNw S_000001
LLSuu/clvLEcRL+CwE0U9+4sg0DcO4GCw08e8/wtKZEsrFx8vjbOMAdZnBEcypnFwknWeAhseOEcOLzGwSfonAZDDCEs+E5IwxHZjAlLe1DMXBcLwS9mrAxCZbDsfYGHwUuczAF5SjDclqHDw6QfnAd79LDcL1DMwYouvA14RBD8Hu5Jw7c85AFv1PD8o/vKwOIYdAtKIsCcDILMwrksgAV8oECcodZNwRFtpANZ86B8X4VOwagoRAZLJOBcDyhNwLb38/YgCfBMP/fMwracd/oEwiA8EQrMwRnpz/U9UXCcAOPLw+XiJAtfW0C8H7HLwZ00ZAJ/qaE8YefIwe5OiARqyTEstIcDw9pvtANMeLEMGdOJwjWilA1ncMDMGMeFwyECrARDYNDc1kzNw3NyvAlzjiCs/mfJwMdn8AlFv8Cse2JMwipVi9gzPtAsIB8LwP2Jl/8z7X/7EjiNwOSqO/c7TdCc6NfKw2GsGAp9/PD8sARKw S_000001
LDNG0A5U7EDM8Y87v9ULpA9BvEDctsg2vLbP9Ata/UDcqfBzvCS02AVDaVCMRCt/vEjrAB938JCcpVZBwn/zABBON+A8oQLEw+FC6ApM2+A8zrSIwX1L+AtYEj/rKR2AwJHODBFt9j+7wgA7vq551ANO6W/baFpIwp8Q7ANUHF9rgfKFwDsRCBtGhB5blsdHwJMGqAZxna/rRwVIwSFXkAJ0u08boAmJwfXjoApUS24D3G6KwMg8SA5HoF97nwQJwRkpHA5dxb/r2uqHwJJ+n/8q6R/bHZcHwP8jUAFNNuAMFgLFw+55kAtRlrAMa4wFwGqFCBpt1fC8vu0Dwkc8CBh2mIC8pGa8vKZaEB9ui0AcYolFwZux3ANpgAAc/3l9vbou3AVvOv+LcacKw9CV2A5HL02rp9zDwGzLBBpOKx7TU3EJw40fKAZuXR27TkIKwB52NA1ixbBsklEDwKRJpA9XUYBsahBEw S_000001
LfzACBxfEu974jXiPF7O7AdwDo/L5FDyPwjLHBZ2/q97TcT2Ph9l/Al0IQ8jl5lePH87CBdXuO/jdhqtv4ID/A9wFpAUVDC5vyqE4ApAM9/zAvUAwSgS3AZe4aBEGDCovcaO8AZdlPC0gbTuPE3MuAd73nA0n7nAwQEAvAZ2z3BUMrH6vo01yAJPyeCk/+JAwM22lAto6W/DuNf9val+WAlyW0/jSYbAwRKCSAFek1AUefVDwsPFIAVNSB+jjvL9varsLA5JbV2L0uM1vH9H5/wcvK9rEs5vvLOxgARa9/57NiwtvMVLoAp1Kc8jMrz1vWhfFBNJme+D20i4vkJ6EBdJVDAkwTkpP/U3BBxd5QBUT038vff8zAJvtzA09oasPz6ksA5Te5AEgMTEwyTKoAtAoCCUTBX1vzh+uA5Qz4CEQ2O+vWFky/0C2T+j3Ke/vJvxiAhx9+9rs5yhPt7kvAtoov7zp3Qxv S_000001
LU7j5AhhnXC0I++/PlUf0A1ElgBEReJCQRSqBB5oBpC0Y4lCQjuwwAp3g8C08ry/PadlyAV/QjDkOuJ6PRk/oAtICwD0MXPuPHBTlAxyzLD028+pvEaKeAREU9DUuLy5PV/ieANraUE0n788PhmTUAhiTKD0ZwisvBkRMA9gnzD09Y2mP4m+KANz1JEkshX0vLY0MAxC+jCEGmArPfKlw/4xyVCkOpHaP7JvR/8EVnCkoKfzvYdGk/guWkBks4i0PTM67/YWb3AUzhq9PefGs/Ez5w/zClCBQLtBTAR0YYBERsc/PSagZAhSyOCEtnE6Pisv4AldlfDkCN0yPcTJ0ABLD6DUocT/PkPHrAtGYDE0euIjvCBkcAFSyqDUmiBAQtMYPAdLvIDkcVk6v98F9/MbjvDk1h/yPgrR+/0oZGEkKhB7vou3Y+8CPPBkUxyxPeEmcABzW8AELcSCQPk/jAJScZCEupb7P S_000001
L7QHgAFnXaEUHCsEQD4LmA1/nIEkgVOHQeQckAZzfwE0eF5EQLb0IAJGsaEEtkNHQjq2y/gFBqE06TiFQyqFX+EbPgEUxVDFQx1mj+4zKNE00pwBQm9u1+aAoYE0L0HJQg/Rg/eNbpEE0jnKQ4QVJ/if66DUZ3uDQOtZt/WB+HEkl/JIQG8aJAPquRE0I2NGQjuvi/GH59AEUBrIQHR+AA7HP3BUlm4HQCiJVAbQ/ZBUy45HQP+O6/+vvjC0aQfGQngLA/+zHtCkkirGQxfJD/Eg6SC0msCIQkmWj+QF4PB06LyIQY3Ti/ogfXAU7NeJQnlI4/8OvoCk0pwHQCgat/M4KPDUaENGQk14h9IIAUDkA+dFQigb7/QxzvEUwlDCQlS7x/clr1EUs/EIQeNIx+aBpqEk3BWDQUOsh+IbkREkW9NKQUdio/2orzDEwA1AQi6N0/a5K7Dk/OkJQjcbKA3qZgEUBJlHQrTzr/CJ6DAUdvJJQ4negA/LCACUHY5GQHBJYATRqeAE/9dIQ00FBA1YLmDUZLnFQ S_000001
LNvIm/2wHnEU78yNQccLt9A0JfE0rh7OQl884/CFV7Ekbn0OQzhgEA/FrUEk/jHOQUabaAbEqYEEIPkNQPy7jAHd6EEkY/+NQqfEgAbchnDkLMSMQRfvjAHRu2DU69YQQ3HgqAjjTGEENJTRQj5VhAzuC/CUnGpNQTaBnAD9gID0PKJQQHPPyAHo9EDkMX5PQwMy5/uehQ/Dy4CQQ0WZSAX80y/D135PQjRrfAXPig9ja5NQQ7TXaAzv7EBkFYPPQmA1KATGL/BEOjxOQsZ6p/SQn0Bkk35OQ29mS/mPRjAkHknPQjNNy+sHMNAktB2PQv75J/CaKgCUXzROQjPzz/6AP7CUMUyNQQp6NAbhkpCUfFDOQRl3bA3NbdEUwUtLQ3GkfATKDkEkXZwOQC7WrAbWLIEknwfNQs6xYAnLV3DkmyuQQny7lA7p/sCELbhMQHIgkA3ik1C0++2QQVfv1AfsVeDUajUQQZeTx/aTm48zEFTQQhymnAHeKB+DkoKQQdo6ZA7tH+iTItdQQrz1u/+1HZDEk7RNQ S_000001
LQy8nAL/6FE0Y83SQdpnYArsuJEkZVDTQSAxvAXQGUEE/pjTQNgbqAf4xbDUMyTTQIcD1An4xLDk4hTTQibY1A/UvcCUyxoTQC1TvAbazECENvpSQkcZwAz/1PCUW19UQdqN3ADolXCEqrEWQ1KNqAvWSBBkioSTQKG1tATxiBBUuEwUQVjI3A3fBOAE5I4UQThbY/Cl127zcrsTQ8tqCAPm8A1Dv06TQPD5EALqrd+7JFTUQmc0TALB4O9DJvxTQX0uOAnkGEAEPKZTQMvh1/uuNmAEdWJTQz7BC/eSUi/DZVTTQGTIK/c+tDAU6YITQ0iu4/Cmd7BkVSxSQhC4QADqoFCks0ySQ6G7cA/3oFBkLcKTQTqM4ADgMQD0psaSQISS5AnjjbDEj99TQkG18ALs+SCEHonTQ6YspAj2vfCUZ5FVQtn1sAnlcNAEJW2SQS/FoATsJuAUASWVQXHk8AjbwtAkZGYVQZS3H++Hyl4LFI1TQTgMTAr6hM/rnBeUQoRkw/uSxm/bT3ZUQeQBXAzjkhCUGbkSQ S_000001
LarOyATQVfCU4LiXQP4BpAL/J9CkjWZXQSgH7ATcHqCUXsOYQA0ptATbRjBU638XQKTp0AL/odA0auGYQIpiuAzy0X+zj0OYQkoMoArEYZ9T94SXQPAdmADtEd+zAJzYQPqOrA3QaL+DbEcZQCuscADmVe5za5tXQJPudAHLs82T0rnYQC0UjArhvV+L7ZyYQjX0n/8DW04Dxn/WQ7rD2+IX3Q9LP5dXQ1PZg/0My8/rhwyXQD0vY/CpEv87NLnXQWgGq/C+AK8TmbPXQqL+E/q+rM/z+YwWQ4f0U/4M24+zgymWQ3410/MGGRA0zWMWQ7Tos/CiCsAUXTfWQ35eJA3R3RA0P2zWQde3JA/oc89TueRXQ13W5ADygVAkwCcXQL2A5AT+8qAUN6fYQ1zpzAfuot7jvQUYQqoiiA7CAFAER/xYQELVcALUit8bCTUXQiCmPAnsXf5DVt0YQDVApA3V+E+7wnHZQNLPDA5MRzybGN7WQZ618+QtIuA8sUEYQawZ//ESLFAsZCsXQPITWAf8o1A0ZmuWQ S_000001
L6cblAXA4Z/zsmFaQ9wohAPCTEB0Zw6ZQMRpsArn6A/Tm2qaQOQbWALgaF9ThKMaQlorYAXj+V87fzYaQ0wbDArLQm+LGOZaQK3Z0/iU+k+bJmuZQVnRk/SiUv8bNU1aQP7Kp/+1vA+rEOhbQAT2S+GDdZ+b90xZQOt9E+U8ad+LhihaQnC7v+YlykA8SDuaQ26XeAdDuY+jIs2YQkn1cA5AUj0b20JZQzgjnA9BX78b74NZQ8ZsKAlcEP8bMCYZQNg2z/gexI6jXeRZQY+fz/487B/jOu+YQgVUNAFLyDAklpvYQaCdQAFziJBEOFeYQNMhp+sGYCAkMB+YQUhT0+Wn/O+zSEQZQbGHo+cPB4xzGncZQHiJhAvdGF+LexEaQdA8eALY6d8Lqk1aQTMuFAbXpOA8ZFiaQqe2k/utjU6zD5xaQsmJN+EhF//r7zjZQ+Wha/Y2Jo8LMAoaQfEjD+6j3wA8UBIbQkGSmAtdW++z8PtYQ85enA9mFP/bGVbZQZnSuAJrs16rQdDZQvSBs/mxvZ+TgMUZQ S_000001
Lc9cM/WIpTzLJSFcQVSbh/m/Hv+zRY5bQz1Jj/yTCO8r5xvcQfnmY/wQcE5Lr/AcQ+4rw/wVG1+L2xLcQJO3PAV/gx+bl9AcQxWoSAlYvV+bLXTbQbs1cARGNM67gmVcQ7+KhA9CgM8rQxAdQoC5iAJREG7LcOMbQhSDoAFAtk4bFA4bQ+ijvA16cZ+Lyz/bQNA4xA9S1lB0OJ6ZQM4H3AFDVgAknELaQZK4ABVlBeAEPgFaQxHSyAJKWD/D87faQ1IonA5aLc/DAoiaQrIohAxNGxAEW2SaQUD6mANh+zBE0g8ZQ1K/iAN1XaCUPIsZQp/uNAdh9lAklUcaQl/DNABsq7+zIWxaQF1agAV4Vi9TjT2aQSV/i/kQRJAsG87bQ53Ut/Mm9J/r7fqcQEwNWAxV/PAsGpIcQBapUANGqP8jvaUcQMPsnANo/r9LmV6aQTxXrAxW558Tz05bQvKTuAdijI/LtaccQxeM2Al8cICE2OrZQwB9CBtyyb/Ta9QaQpYsCBh4OMBEIH2ZQ5Jk//wonJ+T0c8aQ S_000001
LuOViA9IPo8jQHidQl69QAVo08+TCSddQx7ykAdzCvzzFAMeQwqSsA16sH/DHtUdQ4bz2ABMOD+DUMUdQEDj+AVhI6/DBB+cQXml7ABmTHAE+TRcQu/1+ANjlYBUufOdQXgQCBpPChB0Ng1dQYsp+A9pWZBET4CcQl84BBVeGECEQ3ocQPZhHBN5K8B0DbncQJOWwAZrQkDkUOkaQGzu6AtP+XD0qzraQZXLBBt7buDEKfXaQzae9AVWC4CU4RFbQGf20A9y/kCUjCXbQheLqA5YuuC0amRbQHvWnAx7FRDESL2aQcZqcAJPoeDk6PtaQ75yjAJgdTCkZkpbQ3DkqAp4K0BEMx8bQ1xC1ABy+CCkX6ybQiVv2AJZIp4D3NFdQpCN5ARTWi9TqwxdQwq3CBpoNI/DHb/cQifg3AJ5zsBUU4SdQkh8BBxk+TB0errbQ0w7ABtBeiCkuLpcQwSyIBhF9qBUr1DdQRcKvAJxU8DUFvQaQhx8EBN8GnDEYpbaQcIMAB5vEDEkykEaQLzYoA93JGBkVMQcQ S_000001
L3cz/AhDzNCUAXbeQzUD1A9MU6BULymeQxeEEB99uRCEY98eQuKS+ABph7C0cqFeQxuU2AV5WYDEseUeQ1G65AN3HDEUeWQeQwhGCB11GFEEpJleQxvV8ABYzKEEyOjdQneKzApjQSE0uLNdQU+OFBNSvUEUs3PeQXJBCBNJUdEk7rqdQsef+ABQDwEEet3dQ6n1XBNkmhE0cyNdQS1zTBtd3uEUxUXdQl9DPBB2cqEElgodQ1xmOBpNXVEkQSwdQaNZSB5zwFEkSUodQf/PXBZ9hMEk5EWdQVRRbB9Qo+DEliMdQwZhQBNrjjDkmg0dQDNuLBJWVrD0/aDeQXETKBRe3KEEp2BeQd8y0AJsNSDk9pyeQW6xvAxsOUD0mvDeQOPq0ANvXMEE8peeQpcDABpt6+DkcrTdQan/FBJyZgEkx7jeQowQEB5H+fE0IgRdQi0Y3AFWHwE0ndqdQ8RcUBtKA+Ek0sQdQEekeBhm9EE0f1/cQGx7aBBP8fDkIPSdQL6WJBBw7UDk3pOeQ S_000001
L3spwAhH+JEkUkdcQfgh0ARINnDk26ZcQvrTlA1p/OEUktTcQjt/3AJGoYE0y5/bQtzD2A5k8uE0NM8bQVWw/AZEn6E0+YrbQ9PbEBZ823Ek6BIcQCR8BBBJVzEk19/aQujk+AJHU9EE0RdaQdWKJBZ0x1EUOQwbQPuvHBlOu6EEl0BbQKWKIBVzGRFkM66aQCJsZBRTxEEEUslbQl2/YBRssZEU+IebQ6tkUB1TclEUFihbQiwbQBVMXZEkjfubQBZhQBpssDEkDf3bQEycVBVkLyDUypybQhEJWBpBfIDkBJ6bQZmfLB9OS5DE3/DcQ35hIB5A6NEkUTCcQsfQLBF82fEEGg1bQpiN0AlMs0EkmcYcQezDwAdDRxEE6oobQI4G+AVC7JFEJgpbQHV0BBxqrjEEyl+aQCX1LBJTGAFkaZ6bQ7l/JBBCmyEkn2taQux8EB9QFWFE5BsaQH6McBFVdhE0+0UbQjHrZBJfd7CkGN2bQRiHTBVo42CkQnDcQLbtEBtI/NEUGeJcQ S_000001
LsNW8AtfPwEky6xZQFZI5ANYKaEEiu9ZQk/M1A5KX9EkkbWZQsa4DBpqBvE06WbZQACIGB1/PBFUXAHZQlHBMBtpW+EEqj+YQoqtOBNrs3EEHilZQsUfNBhIWtE0gydYQUkUNBJm/0Ek8MmXQkVqSB5jSoEkIOcZQ5EKTBx3KnE0EhrYQAi9WBJ9j2EUKmdYQXA8YB5SW9CEG2SaQ3ulbBhWueDEWXCaQi5sZBxRGCEE5u0ZQi4WUBxk9CEk4X5ZQheFRB1rRmDUfwJaQctkTBZhKADUdEXaQUP7QB9m4eCUKhnaQ9wxLBZXZzD0asJaQ6y9LB9qBNEkKi5ZQA5BRBtmpTEUM6uZQlAnFBxyxNFUAcZZQ0ASEBBprDFkkzrYQr4hNB1KCMF0hJ1YQxBILBxm/gEU3VhYQH/FWBFPvsEkigoZQs+FUBlMuYEkl2hYQX3rVBhvF9EkO+CYQtTefBN4EbDUu9/ZQ674SBN+HFC0NOwaQGaCNB9hKgCUO4qaQ2wxIBhC8VE04V1ZQ S_000001
L/fcLBdHWlEE6zaWQp8kFBNoWoE0xrSWQFC+OBdbOqEk40QVQ/GhMBV7NNEEF62WQA0pRBt42DE00btWQXnWSBBYchDkoSnXQOX2PBluqpDkAxcYQIhyPBVK+3CkYFJXQOC+SBFjkhCk1uMWQF4WNBBD4DDE2osYQl/7OBxvrfCEQPOYQTwxTB1k5MC0N5cYQnjeHBl+0JDkhEvYQcWgEBVXatCUbUIZQW42GBVvUQC0drbZQRmR+ABbHyCUiCLZQ2za5AZsoRD0w21YQi5zuAV4FVDEUi5YQMhO/AJzCvDU59bYQJ+6EBxTDqDELgZYQ8ZYUB16iOE0mU7WQwwHSBJIo+D0c2xVQpHMWBJFlcD01HwXQ0BTMBVtV+CkHjvWQROwOBF8y9CU5VJZQnsEMB93bKC0SlLYQ7qRWBRpsKCkt0EYQzLArAVG6rDEnZqYQCc1qABUtADUHZLZQkjl7A1sDDE0wiMYQ9k/GBJN/9DEt3HYQ S_000001
LXmLQBJhOECEeHFVQLiTLBVKqaCkhdmUQsmWUBRIiuBEplGUQ31VOBNEI1AU8D4VQElKSBN+y2/DSTaWQdajPBpnpa9DgvPXQuxyMBJdY6+jz5LYQiNQLB1i/dzDPhjWQqZYNBd4aC+76owVQcO7HBxcGD9TteUYQfY3HBlydr7bOJuXQ23WKBlHAG/bxgMYQC/QDBdSmT/zoFNYQBJp8A12nk+DyfeYQcm87Axttu5zCVzYQ0tB0ApPMFA0bQYYQ9o+0AdOMNBEouBYQjERsABtg9BEQx4XQJk7+Ad5+mBU8SfXQx4sDBVrK0AUHGsXQPosUBlNNbAkt89WQUgHUBlhhA/DbErVQBFVSBpMkA6TvPlXQTdFJBxGud8D0O/VQYv7HBJiKv7zlZyYQnKOEB57Ev8b65bXQt+/MBVUJ6/LKryXQfvtsA5RYZC0EAYXQEUblAJpdrBkU1IYQG/i/A9OBOCUSN+WQF0JHBxbrEBkftTXQ S_000001
LN7OKBlhzC/7f/cUQI96HBJFdq6bsyxTQRE1NB58gbAszisTQIebFBBRFZAscPCVQUMaGBltDoB8oWsVQNYXBBdTVGC8NsSWQrWd+Ah1KSB8iPSXQ7Vd5AB4XNCMBMVVQloU6Ax9F0CsxVmUQBREzAdfRRBM6GPXQA1xvApgzLCsrQQWQ67guA1A0yCc4s9WQGaKvAh6J3/rJn0WQU0bkAxE8N/7VCEXQDAHdAdFWcAsMPnXQ/rrgAxPrJ7bMnsWQ3ZKnAhd447jl6GWQY0GjA5zBW/jd1wVQZ0GyAVDnA5jeN2VQawu1ANRCC+bA5NWQvYCJBBE+eBM96ZWQ+X3HBZieICcV0CVQOrOCBZMmhCM/huWQ6zG5AxknqB8zDtUQyjQwAd01eB8LCEYQ5iQpAZw9DCcx9wVQ7HayAJKeJDM9mfWQ+pqnAhH1VAUwDVVQgDKXAlawv/DyW8VQ03z2Ad2kX9jDoaVQvAP9Axe1e+bj8CWQ S_000001
LVKW1A1Nl3C8A0HTQZsX3A9lfOC8k4aSQXVI5A9RSgDc8FhSQNWzoAlQn7Cc5rXTQBwZkAd1qgDMny+TQMIORABxSbDMCCRUQFR+NAZhz3CswhLVQsCLDAlgcQDccnETQi+86/IJ30DswdTSQlyH2/s6ugC8eU1UQxBTg/AMP6CMsFuTQh5l99ITUYDs6hTUQJGiAApRFpB8sLaUQgIXg/Yg5rAMpIYUQodgD+WLBBBcovsUQMzep/glf1+r5r/TQmRqIApPQL+b/ypTQK6aMA9sOx4jTDSTQhtnZAtVbCA8/IrTQbr7UAFOXSBsphDUQSZKoAFCJmDchv0UQBPZlAFnL5D8NhYTQdH4LA1Nm1DsGurUQvVtKABz97C8GwfSQblTj/YIjfCcrbnVQUxFD/A4WnCcBpFTQBlfj+8lg0D8b35TQdm4aAtfal7jkmBTQNUsAApQtS9D4FRTQ4THkAFKek/LwAbTQhbMgABXH9Bsw7EUQ S_000001
LL88y/klewDs/RuQQoacJARt4RD8yhLQQtjCw/QIIOE8NvJQQh7OH+AM4aDs9jnQQGMeg/aBcxD8wtARQ5UuDATT9UDs1EARQA4wAADToxCMUF7RQEJ7IA39Y/CcRjWPQLGOUAXfZaDM7PkNQFWvJAHwQLCs81YRQOJmVAPKMYC8lPHQQFIglAnnKjCsojcQQ9qdx/madWBsARIRQPuf9/O+0AA8Uf8QQRq8RAXkva/b8MARQKKIe/6AXK+rmYtQQxA+n+Azi3+ryipQQ+46m/0ku17bEcaQQk2iO/o/KyA8RM1QQUlgY+yuqsBMATERQqwjY/62q8Dsvs6RQgKHl/69rEEM2aZQQo8IQA/l0lD8PUSRQtQK3/K6A2C8kJgOQos+TAfcK/B8+LCSQfVDVAnCcBC8iF4OQ+RRnA35r+C80/BQQMRrCA1d+087UTXQQ57Rb/836l7T9XSQQZ4k1/8FPCBMBYyQQsPTM9kMOUCcTfMRQ S_000001
LK/dRAr0mUDMA/YKQbGB1/2xkMDMhw0JQrpkcAfBv4DcrWDJQeYZeAvv4pC8mYvJQ1HfqAvMMoCcMsBKQegvuADlK3B8xwkJQ2VTqA3eH9A8LGjLQ3x6rAjy8NBcjR0FQsZqyA7O5oBMGLlBQDWToA3zxW/rxNYKQIDxsAXc0d/r14DHQwzm3AzQCn+ruAJHQ01XZAzSGv+bCKbKQAO9SAHHD00rpo/JQ2dYgAjG9S9zUZlJQNRz7/W6sH6jxzBKQGXfd/itmv8bXOeKQmYwp+g3fr6rwPfKQSrvq/S2rCA8Fp6KQrLRKAX+bVAsxV4KQ0/ZsA/MixCMzZ1LQ9CxtADZp7CcRXuIQAOj2AXTU4B86ywJQeIfkALixbBsY76EQkJLsAjN//9LeAaLQ3DcoA3XFZ+rXrlEQIGz3Abw9p6rePoHQHRjg/MwZB+7cuzKQpqMF/ItWZ8jHiLKQOvaK/2XCvA8KYPLQm2tOAn9wQB81qLLQ S_000001
LthuDAZJ+mD0sQfTwkttPARJ0RDEHtcTwFiROAVZm+DUXXoTw S_000001
