SEQUENCE: ua
SCORE:     score     fa_atr     fa_rep    fa_intra_rep    lk_nonpolar    fa_elec_rna_phos_phos    ch_bond    rna_torsion    rna_sugar_close    hbond_sr_bb_sc    hbond_lr_bb_sc    hbond_sc    geom_sol    atom_pair_constraint       N_WC      N_NWC       N_BS description
REMARK BINARY SILENTFILE
SCORE:    -7.482     -0.662      0.004           0.035         -0.032                    0.000     -0.043          0.170              0.238             0.000             0.000      -9.499       2.308                   0.000          0          1          0    S_000001
FOLD_TREE  JEDGE 1 2 1  C2   C4   END  S_000001
RT 0.221081 0.97525 0.00342141 0.975251 -0.221088 0.00211685 0.0028209 0.00286874 -0.999992 5.76875 -1.05861 0.0106891   S_000001
ANNOTATED_SEQUENCE: u[URA:LowerRNA:Virtual_Phosphate]a[RAD:UpperRNA:Virtual_Phosphate] S_000001
HeV4u8CkEV6zBTO9ure67+O5Ef9zUiS6PaELD/aVsD+rOK/tvKeLy/oORb5DwnQ/OxtrFABeZy+DgIFZP7J/cAhyLK+jQN4pPo15fANxbp7ja508PH9ijAR1qR2zh8NyvuHEnANW8m8jR00+vSw1oA1gTa7LGLm8PnyJtAJ8Zt7rVbYhPdIE2ApUUT7jEbPVPr+PlAJGWh/bjnKAQQ4/sAxPTnAMYYJCQb8b2AFAOUAs3HaCQhkTpABkk1BMGL1DQrExdARvMJC8qRvDQB1qZAZlZtCcljZFQPUnOA5ifWBcH7oBQBSXVAtYyJAsN78/P2obAA13k6/TZi10PCsSEAxR8w/zAWY0v4FniA57w0/zpWvoPz4FdARvHq87xs40vPmbuABsV5279tsAQdJBvAt6Hw+LPG5fvkym8Axx403LHbeTvstquANMpOCM83PFQKY1+/kAnlBs1YbBQyJsKAFO9D/bBvG9P S_000001
Pwt0TAN81cEMDTIEQ+xyKAhxCHEMavzEQ8VrFABLyvE83QsEQyXljANscfE8AZHIQhQDqAJ9HyEMnpGIQSPwzA9eivEcJg3JQHHQ6A1/QeE8QZwIQbekxAhMdpEMcwwMQt+c1AB0w4EsHRnOQh8Y9ARwVQE89+4KQej80A1QISEMy3ENQWz25AdlaOEMoFmPQHzPLBhUmiC8mwtIQFSJMBx/WJDc++wJQi0rIBNvroDs31RKQCksDBFcAdDspclJQQiJCBtyW2CMPDfIQWQMGBRL5XCcreCIQ8HTFBdSfiB8hI/FQA5V5A1mv1CsB7BIQefH2AFGabDsAd2IQt4M+AhI10DcER0JQwwZsAhiB1EcyciEQO6zlApyQ+EMwuvIQ0uB4AV5r8EMea1JQRivpABHWqEM4K1MQbRLCBdPwUEcL0mLQQH+uANATIEscfwMQEEb3A1/lAE8DUJQQ8T4PBN5iPDsDKOKQcISIBZMr6A87SdFQHeqBBZLjRBMnV+EQSvnuAJZlkDs7EyIQ S_000001
SCORE:    -7.782     -0.670      0.004           0.036         -0.032                    0.000     -0.132          0.158              0.033             0.000             0.000      -9.498       2.319                   0.000          0          1          0    S_000002
FOLD_TREE  JEDGE 1 2 1  C2   C4   END  S_000002
RT 0.226853 0.973843 0.0129604 0.973723 -0.227058 0.0175461 0.0200299 0.00863948 -0.999762 5.76511 -1.06991 0.0239797   S_000002
ANNOTATED_SEQUENCE: u[URA:LowerRNA:Virtual_Phosphate]a[RAD:UpperRNA:Virtual_Phosphate] S_000002
P16JE9cKxb6j4QxZvs262+WSVW9z4r15PCA/8+6OiA+bJx6wvuND0/Q52z5DIY3TvuqdGA9101+TItdYP3lwdAhA8N+jmW7pPvWyfA5aml7DAsp8PrGFkApc5M4Tg/myv7USoAVoYG9zMfg+vSw1oA1gTa7LGLm8PiuRtAppAv7L1P0hPgEi2Atqq16zDXHbPr+PlAJGWh/bjnKAQQ4/sAxPTnAMYYJCQb8b2AFAOUAs3HaCQhkTpABkk1BMGL1DQrExdARvMJC8qRvDQB1qZAZlZtCcljZFQPUnOA5ifWBcH7oBQBSXVAtYyJAsN78/PxqABAFtf6/DZq/0Ph0KFABL63/T54M0vRGEjAFF73/DSbeqPTXHeAtVDT8Ly1e2vMjXuARIVv27QWuAQfrzuAteRx+7lyUgvJH48AB+dd5rOCOAPstquANMpOCM83PFQKY1+/kAnlBs1YbBQyJsKAFO9D/bBvG9P S_000002
PuAYgA57MPEchFC9PAesgA51LwDMnxT6PF85LA1EkaEMetU9P0XBmAV4QSEM6gLEQD8snA5CAnEcU3VGQWpxuA9iRmEMONnJQ2oE5ABWsdEM+azIQl9ErA9TqXEsIO3LQGtbkARuKiEsIxvNQdZO9AB2bQE8CT2KQidj1At9zREs2uONQQHB5AFWbiE8nq9OQo0NLBdKdiCcLC1IQ/VFMBFkSJD8R/3JQUInIBVvsoDs8KWKQsZpDBB2BdD8rFnJQhdICBFvT2CcAlgIQ/xLGBNkwXCcaAHIQjmUFBRqEiB8ouIGQG/V5ANlu1C8yPAIQExE2AdnebDsoDzIQZNG+A9a70DMGuyJQEhFrAFKDwEcD2nDQtMygAJZOtEsBvUHQpj2vA5Lt0EsUMVKQLxunAx0mKEMmuKLQmVKCBhFgVEcXLZLQYaA1AheEEEsskKOQc677ABCDcEsXITQQ8VzPBJ1dPDciOXKQy7TIBpCJ6AcsNrFQNEtBBVIJRBs3AEFQUqluAFkskDsqSsIQ S_000002
