SEQUENCE: gccggugcaaguccggcacggccacugugacggccggagucagg
SCORE:     score     fa_atr     fa_rep    fa_intra_rep    lk_nonpolar    fa_elec_rna_phos_phos    ch_bond    rna_torsion    rna_sugar_close    hbond_sr_bb_sc    hbond_lr_bb_sc    hbond_sc    geom_sol    atom_pair_constraint       lores_early    lores_final description
REMARK BINARY SILENTFILE
SCORE:    24.232   -118.229     67.256           2.918         18.871                   12.063    -52.614          4.244              9.127            -0.270            -1.215    -167.920     150.410                  99.590         -119.456       -139.100    S_000001
RES_NUM A:43-63 A:69-80 A:144-154 S_000001
FOLD_TREE  EDGE 1 7 -1  EDGE 7 21 -1  JEDGE 21 22 1  C4   C2   END  JEDGE 7 30 5  C4   C4   END  EDGE 30 29 -1  EDGE 22 28 -1  JEDGE 28 31 2  C2   C2   END  EDGE 31 33 -1  JEDGE 33 34 3  C4   C2   END  EDGE 34 36 -1  JEDGE 36 38 4  O2'  C4   END  EDGE 36 37 -1  EDGE 38 44 -1  S_000001
RT -0.970204 0.151807 -0.188837 0.189416 0.961219 -0.200451 0.151084 -0.230247 -0.961332 6.36931 0.291343 -0.0403066   S_000001
RT 0.821523 0.570114 -0.00838753 -0.54775 0.793211 0.266056 0.158335 -0.213977 0.963921 -1.5577 -4.91662 -7.23147   S_000001
RT -0.981375 0.143457 0.127759 0.120046 0.977197 -0.175144 -0.149971 -0.156545 -0.976218 6.23456 0.188045 0.0702062   S_000001
RT 0.541652 0.616003 0.571973 -0.236185 0.764547 -0.599737 -0.80674 0.189758 0.559609 0.365593 -1.65238 -9.21781   S_000001
RT -0.797842 -0.131123 -0.588434 -0.327632 0.913648 0.240636 0.506068 0.384779 -0.771907 1.25379 6.13458 2.08771   S_000001
ANNOTATED_SEQUENCE: g[RGU:Virtual_Phosphate]ccggugcaaguccggcacggc[RCY:Virtual_Phosphate]cacugu[URA:rna_cutpoint_lower]g[RGU:rna_cutpoint_upper]a[RAD:rna_cutpoint_lower]c[RCY:rna_cutpoint_upper]ggc[RCY:Virtual_Phosphate]cgg[RGU:rna_cutpoint_lower]a[RAD:rna_cutpoint_upper]gucagg S_000001
NONCANONICAL_CONNECTION: 29  P   28  O3'
NONCANONICAL_CONNECTION: 31  P   30  O3'
NONCANONICAL_CONNECTION: 38  P   37  O3'
CHAIN_ENDINGS  21 33 S_000001
L0hGwBNQ8pK8VDSrw2k2wB5UJqKcklGrw5JkwBBNQsKsFSZrwpRmxBxXanKMF/Wrw1EGxBBAlmKs3phrw4tWyB5e5jKcY+jrwFIYxBNm+hK8VRcrw7EW1B9KsjKMw4hrw0C62Btw/kKskxprwNgNzBtj3fK8sfbrwV8q1BxDygKM5ShrwOip1BpDnfKsbprrwSCE4BNgAaKsLcArwspD4Blz3ZKcpaLrwoPi5BpA7XKcwzPrwc3s2BlqhbKs9oRrwrDV1BVCXdK847Lrwa3M1BdvqdKM9+ArwCkq2BlT4bKsFZ6qw4xz2BB20bK8Rhwqw55jzBZczfKM4R+qw7SvyBZOvgKsIdHrwkCvzBhZWfKskEQrwsMKvBltcmKsjwirw5B1xBpW6nKMSmmrwWC/xBZ9SjKsWSrrwAex1BpKckKss2arwNehyBhXPeK8x3erw6+R3BZkSgKcXRdrw47/2BlTMeKsX7rrwQpI5BJ5rYKc2i8qwh2m5BJeuXKM9mXrwp4i6BBCsWKc7PLrwGHixB1hRiK8HIIrw S_000001
Lro45BFY/lKsY/mrw5x+5BVgqmKcDcbrwRbq6BhECoKc7Bvrw8Fs7BNAajKsw4orwO9Q9BtuIjKsVRyrwFJO/BFT2gKs/Wxrw8p+9BhGueKc5RrrwiZ6AC98chKsyjrrw/C+BCleIiKMWmyrwOz0/BVygdKse/jrwIGQBCBJ1eKs79lrw99/BCxcHdKsJxsrwRK0+BdhAeKsfAZrwJEMAChHKdKsAWQrwCURBCBrBcKsJGSrwIEg/BBYldKM3PGrwO0K9BNlzeK8WlErw6oY8BFxLfKsse6qwiXi7B5isfKMSNNrwc8a8BdpQfK8NKXrwjLF8BNQ0iKcBZ4rwlkQ+BhOzkKcGdzrwpgo/B9pKgKsPh4rwURyACRA6iKMDamrwaj//BFRlbKswKlrwGatBCtGJfK8NKfrw/osCC13OcKM2jorwSlr6Bl2EgKcd/4qwY9g9BJmkeKcVk0qw9q05B14lgKs05Lrwb7U7B1y2fKcxMdrw S_000001
LXqtCC1+9kKcqfxrwpiwBCpX5mKsarsrwSTWDCxTmlKcT77rwjx3DCNCbkKcdBprwIeFFC1SLjKMsKsrwv29FClokiKccqirweTWFCpMigKMjDcrwMhPGCdX5kKcHIbrw9DUHCFVimKs0merw/okFChDHhK8iDRrw/AiGC5PfjKczkQrw4Q3HCh6giKMzOQrwsHRECB8shKM16LrwtcMECRZrhK8iuArwwyNFCNwKhKcre7qwoDBDCFcNiKsu27qwuz7BCNIwiK89rBrwGuyACB5QjK8Oi8qwiX+BCdsyiK8iENrw9TJDCtpQiK8pzRrwYS4ECRKghKMT5vrwXUkFChlXkK8gDxrwoc0GC9F4hKs8Ulrwt3bFChg/lKcfYarwxI/FCxnkfK8OgNrw3RVGC1WpkKMHdKrwIwOICt2ziK8CEJrwDY9/B5vqjKsUmArwzLxACFGPjKM/s0qwiCLBCxKMjK83SRrwjYMDCxzRiKMZoZrw S_000001
LLlfHCFxfpKcFzZrwn5PGCZTBrKMV+brwUCzICt/jqK8tjdrw6CmHCFECpK8MNNrwBJKICxpArKcAbGrwLOAICdDSqKcDy6qwZqFHC1EDoK8gv5qwWsZHCJZbsK8RnzqwEiVIChAbuKcSowqwPOYGCxUToKM5/vqwjd6GCJqxqKcsNqqwyQ/HCNJBqKsCcjqw7/rBChgGpK8JhgqwAY5CCVw7oKsYVbqwFw2CCh0+oKsymQqwv3DECBtuoKMUSgqwFy6DChbtoK8aBrqwAvwCCla3oK82+wqwrLhBCNXFpKsOkrqwtiYACJ/PpKcAbvqwJ2CDCx6xoK8J27qw9CWEC9mkoKcUS8qw/D8ECpRhoK88XyqwfIHJCxjMrKc/EIrw9dtHCJOusK8+vHrwGK4ICVpwpKcv53qw+yoGCxyRtKcCI3qwqdiGCBktmK8ylrqwqNNGCNLtrKMOPmqwEcpHChPwpKsoKcqwdW4ACFuPpKsCHcqw+/rDChh3oKsmeMqwu1/BC5iIpKsM4MqwCH2ECR9doKsZADrw S_000001
LOB1HCtPVxKsR+sqwn+9GClAbyK8un1qwSaAJCpk4yKMNRpqwd05GCxmvwKMH3iqwBLeHCVNEwK8C0Yqw/zeGC1fbwKcj0Pqw9abFC9QcuK8hdQqw0ZtFChTDzKseyPqwc2dGC9TO1K83uLqwzUPECZvgvK8cFMqwTCjECRZXyKMAeIqwG58EClNVyKMqk9pw/Qe+Bd7YvKsNmTqwUIz/BZbevKcy+JqwdNR+B9YivKsELBqws6NBCl1fvKcZDJqwnN1BChfbvK8TqSqwE3QBCBvVvKsYtcqwdms/B5UUvKsNmdqwjBU+B1dPvKM/xlqwChPCChiSvKsrkkqw9cXDC9PWvKsORfqw+HMDCFwbvKc4XUqwAzwHC5hMuKs1/YqwyBQICZjNxKcEgXqwbF9GCxlPwKsT/IqwTaYFChfgzK8M8WqwqN9DCxgcuKsM6FqwNVyDCZMkzKsOoJqwDMMECtG2yKM6E5pw00g8BdSYvKcdbTqw81G/BpWmvKccF6pwESU8BVXhvKcAzBqwaxPECZGVvK85tiqw S_000001
LJCDGCFuP4KMljOqwuG+FC9Vf4KczXaqw4i7GCdtE6KcWaIqwckkEC5Hh4KMF5Jqw3KWECF3w4KM0t+pwF/4CCpFQ5KskO8pwHpHCCd852KceJ/pwcRNCCRYc7K8rpCqwrIiCCJCD+KsuB/pwQF1ACtEq3K8l5Cqw7kvAC99q6KMoRBqwclSACVKO7K8Su2pwe5vACJc52KcRWOqwNp++BBAc2KsBhSqwM978B9Jo2KMnPNqwBM7+BNNv1K89IdqwyxiAC5ad1KMn5jqworWAC1d00K8NTtqw0H0BCp791K80CfqwAl3BCtkp2KMUtUqwjmoEClQH3KMgK7pwnB4ECB3Q6KsL+7pwwbxCCF5n5K8Hm0pwmDcCC1hS7KMEPKqwZfGACJhy2KsL9+pwjWLACpAi7KMtqGqwT0w+B9n87K8UF3pwfKK9BBtZ1K8IQgqwuuoCCFF01KspQjqwl9vCCJN/2K8mkRqw S_000001
Lx6ICCRpnALsQEGqweYHCCBLz/KM5eRqwlJADCZa4CLMpqCqwJLpACxfRBL8bhCqwe0L/BRXWBLsXJKqw4Zf8BhFABLsA6Eqw4Tr7B5pN+KczaFqwdLL6BdUfCLcNDKqwHCF6BZrOFLMePHqwgu34BBKD+KcNsGqwM8w3B9K5ALc+NGqw1BK3BplgBLMuY7pwRcLyBpmg4KsrTbqw7NHyBF0Z5K8j5QqwBP9vBBru4KMUELqwDVB0B1W26KcaeMqw99B2B1dV7KMwXTqwT3S2BJbj6KMB4dqwNxO0BRGA5KMjjiqwZjF0BNgG4KcYxrqwesr4BFNf7KcZIiqwAvy5B1Kz8K8kQaqwqeS4BtXx8KcSERqwZgO/BtkEDLsb3NqwQ+c/BRN6/KMuXPqwi1x8BVIyBLMTx8pwcMR6B9xiCLc51Sqw/p03BxK58Ks7fAqwDN81BpOWBLcUyKqw1pk1Bl+bAL8MC5pwtXowBB2a3Kcj4dqwYJ0vB9zU5Ks4cDqwF7fuB1ho3KMOVOqw9Zv7BdM09Kcj6aqw S_000001
Lbq67BZIXHLsRdNqwM1h+BpXhHLcX2HqwgIU6BRF1JLMMFPqwT5Z8BZgBGL842Yqwerw+B99kGL8yyeqwDEh+B19pFLM/PqqwEPhACp7CGLsxxvqwByf8BpEJHLczIxqwfD25BdCNGLssuvqwGSTACNZ2GL80e6qwQSl9BFstGLMMZ8qwPi68BtsIELclTArwD+1AClPlJL8MF8qwBpCBCxGfKLMbkGrwxdwACZX/ILM0JOrwSMiBCVF+MLc5OIrwlE1BC9riOLs98/qwEHUCCxd+QLse+BrwS2oBCBprNLMVM1qwmrJBChEOLLsBpzqwQ7F/BZngILMJteqwi2IAClFqFL8wbbqw65E+BduvDLMkSqqwdIk8BJcDJLcMavqwOBwACBymFL8qX/qw9I/8B9LIIL8fRBrwKLb8BZqREL8a3HrwwkiCCJhLSLclD8qwVTcCCV+jRLMGZJrwf/2BCtQ2OLswJvqwe6ABClnlKL8ATsqw S_000001
LYYZ3BtKtHLM1f1qwvm92BNQbGLMOFArwRv43BNLoKLs330qwSn40BNxBHLcxHuqwXWd0BJ9ZILcEVkqwJ2nxBt2FILMPcgqwKONxBlruJL8DAXqwHZ0wB5xSFLMb4cqwQdMwBd9kDLc9jlqwHzVvBBObILMGBQqwveduBhd1FL81fVqwyiFsBpdVGL8MabqwXG9tBZ0lFL8wxopw7KQsBpg4FLMi9wpwpCwsBdIoGL8k/6pwV2XvBJHHHLsJY8pwOFXxBxq5GLcMv0pwC6kwBJNGGL8ObqpwtURyBtYzFL8/QipwfS1zBlCkHL8qD5pwluSzBNjJIL8oCDqwBXowBF16HLsemFqw7rr1BNIsHLc85eqwUD20B9zTKLMnXlqwlgZwBpvrIL8sFmqwh9RyBJWgELsrtYqwsNytBptlJLMj/OqwOvNuBJqYELMkTQqweSlqBJRdFLM10Xqwq+XqB1afFLMHWvpwB1mxB5BPFLs+PbpwPsL0BNTKGLcgRjpwqJq0BRwsIL8YNIqw S_000001
L1ZvwBFuaALc8hkqwWYezB153/KcUcgqwBh5vBJiS/KsI/uqwPSquBhRd/KMPubqwFh5rBJEP/KM6KeqwG0QqBhSu+KMFSUqwz+HrBJNgALMZ1Lqwd8gqBpf87K8zaPqwSH4oBRfB6KMllUqwt23qBpyO/KM50BqwqExpBhsa8KMSvDqwyd8mBN8f8KMafCqwQGyvB1pZ+KcPDepwOFMtBt6U+Kctsgpw44DsBpBk+KskRqpwIF8tBdT6+Kc50xpw78rwBpuB/KMQZwpwOHoxBlkw+Ksa1lpw6ON0BhL1+KcMBjpwS5+xBxLa/KsyF6pwwjAwBxEg/KMQEBqwL0gtBFfM/Ksjm8pw0EMrBRFFBL8LCiqwqhkrBt+l9KMA5jqwl0LoBZNA/K8i7WqwaOisBNdF7KM1FQqw0RfpBtCPAL8kS8pwjQeqB9xz6KM2b+pwFvEmB97m7K8tvIqwo/yrBltB+KcrAapwrYu0Bh/n+KspUbpwPen1Bt0F/KMClopw2pUwBxgy/KsNtJqw S_000001
LppJqBlc/3KMcJdqwF8FtBNJ93KMBibqwZ3CpB5Eq4KMf2nqwmLApBNTJ1KsTtZqwz5uqBFO7yK8pQYqwveXrBtieyKsKmMqwkFctBt5N0KcnkIqwYJpsB9ZzvK8A0Jqw7c7qBVWmtKM/xLqwPzfuBJZIzKM9H/pwd2RtBJ1VwK8aF+pw9K6qBVgdwKMC13pwtWX3BZfnxKsXDspw+gz0BNehxKMZEopw0Bk0B928wKMPodpwzwoyBJY9xK8m4tpwhSPzB1MgyKMjL4pwxIu1BlSpyKsu98pwY2B4BJFLyKcQp2pwRyZ6BhQNyKc5Z5pw15e1B1lQzK8YvHqw6S6yBhaezKMOTJqwGtbxBpoCzKMkMAqwg/3pB1TUxKMgJbqwFyZsBd9PzK8/Jcqw+TwpBNE1yKMzWIqwYfSuBptlvK8v9Nqw88AuBx/M0KcB24pw1YjuBZ/BvKcKP7pwAlOrBh6jvKsu+wpwEk14BV1QxKMbFnpwJPyyB992wKczVapwELK2BxHowKstRZpwcWHyBNE6zKcJQQqw S_000001
LIlrnBFVwtKMk1Jqw8HYmB5V7sKcy+TqwVy5mBBbUwKs1sEqwTmRnBt8arKc0UBqw98VnBFfsoKMmfEqwfpjpB1sKoKMfaMqwR4ioBtXsoK8/FXqwY0qqBBdVlKsxlMqwi7UtB1INlKcGeQqwcQYoB5XMmKcDycqwbf3oBxf8jKcAvUqwp6OqB9b0hK807ZqwkBplBRQHmK8WUhqw0IDlBxICkKMuNoqwpTqmBRrTiK83oqqwbjfiBZhCkKsOOsqwTMggBR53lKMBGqqwqwlcBZnmlKMYVuqwncQhBF69nKsM5iqwhCvjBRuAoKMs4eqwHAonBh7knK8lJ+pwOIolB1ROoKsAxHqwXmBrBB1apKs8DLqwlklqBxyekKstiFqwLGspBtaDmK8Rmiqw9eMnBBdVjKcmdRqw0UApBliTgKMHyaqwI/BiBxVliKcGIxqwax7fBl/WpKcQ8gqwM3MkBhpdpKsT+Zqw S_000001
LQBuvBR5SkKscsIqwm9QyBRsUlKcNNNqwasavBByYhKsTlGqwuBJvBZm2lKsI19pwNb/vBRgioK8/a8pwPxIyBh1woKs1+zpwGGMzBtOcrKMzo0pwYeh0BJz5mK8uO1pwdGM0BxWckK8iwvpwDEA2BhUVrKMWV1pwbN22BFbkoKcTSxpw/492BlsloKsx7lpwLMw2BBXxrK83rAqwaDV5BRCusKcO7CqwwR56BFEKtKseb7pwAKE6B1yItKMJNNqw4EW4BJkpsK8gHVqw9KK5BN/FtK8CJfqwdwt1BZ3rrKcAHTqwukA1BRASrKss5IqwiWswBdxNpKMtODqwg/cuB9YopKMSS6pw83XxBZmhoKMH1spw/Nx0BF5imKcN48pw3T12BdYtsK8o3wpw3fi4Bpq+nK8Dd0pwptL2BhcQqKcSSjpwOW83BxOwsKciIlqwER+6BtOwtKMFggqwdwd0B9dVrKsT+YqwxPNzBVgnqKMYWHqw S_000001
LiEA2BJz5hKcv3ypwuNm1BdEVhKMDa+pwe8f1B9NxfKMv2qpwVT/4Bh+7iKs3Sxpwx5I6BNAIjK8V8mpw3+G9BFzpjKMpenpwwVm9BtvMmK8arspwX8v+BhNrhKsb/tpwcka/BdUVfKsvLopw9J5/BR5CmKsHJzpwfilAC16TjKMlbxpwk6iBCRDfjKMkFppwyaE/B9aemKcha+pw9mgACJ/QnKcH0FqwSfrBCJ9knKMiwCqwbRKACh+qnKsGJQqwKwy9BFtUnKcOOTqwseM9BJ2vnK8Igdqwj9w7BtXhmK8Q6LqwJqe8BhJImK8dtBqwkeR5BJclkKscBjpwfU15BlWchKMmGjpwbr09BhRujKsNMgpwT5t9BtNLhKs9V0pw6NlACFHcnKcbBxpwUw+ACt/miK8fC4pwxYcCCZTUjKcqJspwDuW7BFfgnKM6AgqwbVm+BNDToKcKhiqwkT65BtXRmKMxPOqwEPH7BFsklK8Oj8pw S_000001
LwBe/BhiecKMoFupwYzZ9BpdgcKc7n2pwLjZ/BRPXaKMJwlpwPmKBCRyYcK8BszpwEzVCCRj5bKcbntpw/FlDCRSDcKcue0pwrQsDCpZteKM364pwiGoDCZdKaKMDB+pwTkOEC91qXKsZk7pwt9EECdAneKsIxDqwcadEC1JtbKsRLGqwAc2FClSYbKc3OEqwW1kCCJWfiKcncnqwtu1DCRx2hKsa+jqwzy1EClFUiK8x4qqwZ0GECZY2gKclaaqwLV/CCJIhgKsugUqwyvrBCpeFhKsSOXqwuZaBCheKiK8rfhqw3gUAClLziKMiZlqwQt0AClBdgKsy4Oqwj4mBC5AifKsDZHqw2v7CCl/gfKM5RKqwM5ZCCJ7OdKcV5npwjFSCCtPHaKsIaqpwRRXEC5aubKM88vpwqLuCCpn2ZK8JwAqwmP2ECVgxfKMJHFqwgHOEC1qNbK8ShNqwcEUGCtfLbKcKGLqwrEfCCRlOjKMdruqwh7wFC1l5hKct1oqwvwpECRtDjKM59xqwZFSBCdl6eKMHbAqw S_000001
Lg/VDCJE/UK81g7pwO07BCtkvVKcDV5pwdQBEChFATKM3g0pw3jbDCRf7TKMXhHqw55kECVBiSK86NLqw7m1EC1tETKs85WqwvM8ECFg7VKcHCZqwhVvDC9sOSKMCoeqwrZvDCxhcPKsOvgqw1nbECJUjWK82Mjqw48GECN73TKsPcoqwpcRFCNZ2SK81ftqwDkGBCR25cK88o0qw0YMCC90obKcAA5qw6zbCC5zHcKcEYDrwed/CCJBBaKMbmzqwi0mCClPwZK8eTpqwtRiBCxP7aKMQKkqwPAsACNGqcK8kDqqwnIY/BB04dKs47mqw2AfBCFEJaKMThZqw6WgCC9RiYKsJaYqwNkODChrNYKciqhqwrwWFCZHGTK8pCHqwnAcECl4mQKs6MKqwMHrFCJgLSKcA8Yqwjs2CCpnwSKspCcqw6BFFC1phXKM/nnqwr0WDClwAUKcPctqwx8ZFC1V/QKcnQrqwVxkAC5NEeKM+U5qwXxMDCpiRbK8Z7GrwnT2BCxWUdK8obHrwp0uCCF1pXKMhpRqw S_000001
LMEhCCFpGOKcTHnqwUeSBCZwbOK8ekgqwf47CCVsYLKM9hqqwiVXCCd+5PKscjxqwqFKDCpfaPKsRx6qwpxcCCZxQQK8b4ErwHzVCCh4KTKs1KFrwEtBBCxvPPK8hRGrwd79ACBgqMK8g6Krwu4GBC9z3TKsLvJrwGceAC1/URKMnAOrwvM8ACVs3QK8elYrwcYRACxQLVKstbBrweiO+BZqhWKsDrErwXKp9BB5lWK8AUOrw30q8Bx1uXK8aQ9qwPtV9B1boXKMd8yqwzbv7Blg2YKc45rqw9dr/BppRWKMoYvqwWomACV4FVK8Qz2qwR2/DCVPaQKcVJ6qw00WDCx3fNK86L7qwAB/CCV6rPKMqBLrwHEhACRnPPKM/k/qwZCQBCBsHVK8ErPrwWs/+B1XaRK8JtNrwxhPBCByAPKM7MZrw4dL8BtE0YKsbRkqwLZI6B5ByZK8lYuqw8BFACNjNWKsOynqwCaaBCtdJUK8Wh0qw S_000001
LaIS/B1z3KKsrrJrwWY3+BFoVKKM2H+qws7e/B1RmIK8lRRrwRH88BxbyMK8HqNrw3Nb8BZOJNKsPvYrwlvx5BRhgOKMjnarwTT05B9aMRKsuFWrw1hY3BttTNKcY1UrwoVQ2BtRGLK8mTarwQSO3BFt4RKclqSrw/sa1BtwlPKsPbVrwH1a0B9A7PKck+frwAhdyBhmaWKMa6yqwIo3xBhARWKsDW9qw2vMzBVUDVKM1LFrw2sa1BFK3TKcIYBrwaYS2Blv1TK8Y42qwH4s0BxxMVKclWvqwmgS1BpPWVK8+8kqwMMq4BxeaSKMg81qwMMK5B9qnRKsMv/qwdvR3BhQbSKcLEHrwEv29BZHPOKcb3brwZMa8BVGZLKsiQcrw6pY5BpQlOKMETirwJXx3BhbyMKcybNrw8Io2BlnfTK8ReWrw059zB5DYPK8aNQrwQ4s0BhpQOKMG/jrw4JOwBdoLXKMzg/qw6uG0BR1UWKcKFgqwy752Bd0eUKs1Liqw+qu6BNEjQK8kpBrw S_000001
L8HX0BRiBJKcPDUrwfw81BhMzHKcnSLrw2BDzBF7RHK81Gcrw1wHyB9i3KK8UyOrwxGBwBZD9LKMuDVrwQHstBFH1MKMcNOrwJbZuBNAGPKMlpHrwcersBBUzKKczGGrwOnGrB5fwIKc2yKrwYO2sBtQBPKsXL+qwXICrBxtkMK841+qwJskoBJ7SNKctuDrwxcquB126OK8yy0qwjnhtBhS4OK8bjqqwciDrBJf7OKcjopqwKqIvBphyOK8Z3hqwXIyxB1MvOKcNEjqwXxSzBJkpOK8fQaqwMFAzB9oxOKMpWtqwW6YxBBi3OKMd51qw9nswB9/fNK8KCZrwrrZvBJJmKKs2IarwhpNsBB/UNKsE+SrwOTJuBR1+JK8wECrwUkvrBxroQK8Qy9qwjNwqBpdvLKcY13qwPFQnB9+qNKMVJ+qw80P1BZAnOKM73aqwLocyBJxnOKM5LTqwY480BZNvOKMXKuqw4+LyB1M5OK8LD9qw S_000001
LEvrqBFb9FKsMrErwHZStBNOKFKsG8/qwKwRpBFpGEKsRDMrwOgsoBVPrGKs4I7qw4TEmBVRnHKMBP9qwqdVkBpbeHKcTbzqw5/WlBxXRJKMtXrqw6hNkBBgxEKsE7tqwxDUiBZCDDK8QtyqwJG7kB1ANIKMVHhqwLCjjBpkfFKMQYiqw8NwgBxH3FK8zFhqwsCepBpodIK8e48pwyxymBtrfIKstX/pwYfGlBtRpIKcQE3pwvG2lBBCZIKchPJqwms0nB9EQIK8BlQqwHCjqB1QNIKsE8OqwMZirB1KUIK8nTEqwA74tBFBTIKs/NBqwd85rBFKDIKcFnYqwz2AqBpFAIKc4zfqwscfnBtoHIKs4ebqwzUKmBxLeJKsLs/qw7+QlB53gGK8f4CrwRkUiBRi9HKstX2qwo+FmBFzoDKMyYuqwGxnjBB/bJKMLBcqwnQHkBxc6DKsvscqwvvWgBNlVGKc5eZqwtC+pBNhjIKM5J1pw3JIjB5crIKMqV4pwwD0lBtIuIKsjmvpwBsZqBRS4HKc3doqw S_000001
LDJyiB1Dw/J8j4yqwYBtlB981+J8/KzqwIhHhBBjk9JsLo7qwx5nhB1B69J8tpnqw8xOeBxq1/J8F6jqw6pedBpLs+Jc/KYqwes5gBh9lAKMFPSqwqnndBBly4JMiLVqwM5daBl2+3JMezLqwBUZiBFdN9Jce0MqwutvhB1E93J8eeSqwZvQiBVWezJMs7LqwAsOqB1j6BK8M/2pwXkpnBx+RBKcC4zpwhUEnB5rlBKsVappwU3wlBxjaAKsfg6pwAAsmBVqOAKcqnEqwT5MpBhRzAKMkjIqwoyNrB16uBK8VaBqw6VltBxFWCKcwWDqwfCTpBd8UAKsceTqwX74mB15/+J8l5Vqw46NlBlRw+JsjNNqwsF8dBZdFCK8DPlqw5X9aB1m99J84boqwiHdZBZPHAKcUZWqw8v3bBlXJ2JMsRbqwwG7hBFlo8JctTEqwk8+iBJhP3JcrmZqwLP7jBBmoxJs+cOqw8UfrBJhjCKsNVxpwT0OlBBjKBKs0umpwGDeoBJSPCKMPWkpwmwRmB5O49Jc1Deqw S_000001
LMUz3B9lOJKsDyApwtFQ4B9RmKK8ZKLpw4be4BlCoKKspp2owWWv0BN/WIKMDOApwFvwzBlnzGKMhj3owjB9wBZ50FKcFm5owOx8wBNO9DKs1aCpw8W7uB9k8HKcWy8owbX2tBxtSJKsVyzowW3guBR2HEKsQCIpwju1sBRsWGKsQDDpwsb+qBdZKFKML/7owYmFvBlwjEK8jkTpwmFFtBZgDEKMCObpwHE0qBV9WDK8ANYpwiaotB5PYEKs3xlpwH1EwB9wIFKM80opwwSjwBFncFKsHSzpwCcJyBBnnFKciOhpwVmlxB5HTFK8c1WpwcJ80BJzQFKMag2owtSxzBVs5HKMZDxow9kUwBF4+EK8A4xowo4xvB5YkJK8pqBpw0cUtBV9RCKcghHpwLNqrBNNnHKsbgIpwOzIpB9tSFKsVG/ow2YXyB19AGKs4y1pw+GGvBl2GFKsFm4pw8EK0BJjPGK8Xyjpw38JzBRKqFKsc1Qpw S_000001
LadqtB5JgMKsVezowVzTvBxdiNKcxb8owiNVuB9xVNK8LYoowTFlqBJsBNKsX11ow1skoBpMSLKsuuxowDMUmBlA6KKMDn5ow8FQnBBvYJKsssCpwbiIlBtVdNKMFU+owQcEjBFLhOK8wx3ow/K+lB9IPKK8THMpwlTJkBtbmMK8qXJpwHTehB9XpLKMNuIpw3dFoBxa1KK8F+TpwTa4nBFvyJKMGTepwKS4lBpGdIKMtsgpwhQ3pBhdRKK8yblpwyz+rB9YuLKc7hipwty4tBNqJMKs30ppwiUPsB14zMK8rCYpwF/QqBlpUMKswFRpw2ocpBRoUJKs61vowrmwnBFCGMKsdOqowP8ukBBz7JKMA60ow+8kmBZEHPK8j++ow8wskB1rrIKsNtPpwaQHkBFjQOKcUJPpwa3bgB9lSMKsNEPpwzNgvBF6ONKMh7npw34stBJxYLKM5Kxpw3k/tB1jAOKMRxVpwjTZqBpOINKcf6Ipw S_000001
LzkfiBlirRKMKZ3ownKuhBl8hSKcqZCpwIf2kBxt9SKcZOyowDF8fBpL3RKclrvowzwjfBdmOQKsubmow4dMaB5yhQKMOGhowCiEWBF2TPK8Frnow1RPYBNEYTK8UhfowQmnaBJPqUK8eoWowRxORBlnvQK8UgmowugOSB5//SKMuceowah5QBdUDSKsJEUowP1RCBV0XVK8Kx7owC7qCBl6mUKc0hxowu8rGBVHaTK8Visow3CwKBZm+SKskWzowSG9KBFIqTKMKF+ow0jbGBR56UKMHZCpwlKAGBpirVKsXkMpwC60PBxY6SK8UhCpwbDbSB5+zRKczf6owozlPB1LyRKsqExow4dFgB9jHOKseloowFAXhBlxwQK8GsgowBzvaBVRmPKs4MZow8eNZBF1tUKsXOmow2u3NBJdjPKcrZjowQq/PB9D4UK8vefow2hkNBpj9SKM0gRowvTU+ABsCVKsUisowropCB5XkWKsMIPpw3sBJBJtXVK8+oRpwCafWBJY/QKM8P7ow S_000001
LQeibBFJ2XKcmuWowQPjeB5YgYKs9ogowvy6dBBWkYKMUNMowzlnVB9e/YK8ziXowyMMSBp4AZKMvfOowHguMBRUDaKcdURowEwjKBNbiYK8UOaow12dMB5/6cK8QNVowIzwMBRF0eKcpzMowSCQHBFkNaK8tfgowJbLHBN09cKsQNbowAp0CBVcDdKMX8Tow7haJBtWUaKcpcrow4mIGBJgabKccUzow+XpBBtVOcKMerwow0S7HBVXkbKcPh9owN2yMBJxqaKM47/owtPZOBlc3aKcHGKpw3fOQBt7hZKsAB4owdgZOBleZZKsZ8tow7I0RBp9+WKc1NLow/C7TBNZRaK8uKIows1cKBxj4ZKst0Jow6o0PB5efdKMmbaowrQEDBpUjZKsoGhowcxvGBJ+ueKcdWgow6qAABNrSeKskwWowbsBSBNuNaK80OMpwHm9LBJZqbKc2lPpwdhPUBN1yYK8IG6ow1U8QBRDiYKs+pnow S_000001
HH+CQBdzihK8CbOow+hFVB9Q2gKMdBUowKtXQB9C4iKMJ1DowiESMBlbNjK8JLWow1+YHBNrSkKcCcSowKrWEBlanlK85WbowKQPDBNArjKMYqjowwkSHBZH1nK8tPhowPCRHBVMTqK8YtbowV1SDBVK8kKcBxtowVsXEBNH6nKMu6rowu6w+AlGPpKso3qowyFTHBlGkjKMib0ow6PPHBR88jKcHf/owXAFEBBDclKsQ7DpwprBLBtrhiKc8BFpwNlyOB5NzgKMr1ApweD8RBlIqfKsw4GpwvhlOBB6ggKcnd1owcD8KBR83hKcq1vowjA6EBxKtiKcx6OowE4JIBhAxlK8fFMowgmzABVbdmKseaXowbAlLBJhbnKs9ZiowTzA/A9MzkK8qMyowTxlGBt5ApK8dFyowf1C7ApBRpKcw8xowjAFLBZTxiKs3+MpwKCbRB5hLfKs8Vxow8p1KBJEohKciFnow S_000001
H0OEMB5dZsK8cbdowRGJRBdI7qKs2rbowge5KB1PwuK8tnWowgIgLBppLtKM4tpowqr3GBhihuKskhtowGwaHBlSRvKc/I5owOtYHBxl4sK8Vs/owJOkMBtjswKcDM8owhpWMBF3ezKMWE6ow7PlKBp6QtKcE2IpwjLNNBpMCwKsWDIpwKvPKBVj2xK87cOpwQOZWBRMhnKc4AhpwyYATBdpkpKMVqjpw6OvSBFKKqK8CJupw1zHQBtr7qKsSpcpwpP6QB1WDqKsLkSpwmuOUBtTBoKcgGPpwX2TXBd5kmKsbtWpwPofaBZ1skKM1SVpw7h7TBBIvnK8eFEpw15gQB5fkpKsBIBpw6biOBJgErK8gdJpw9HVDBdnPtKMGisowjXKGBNJWwKs9yoow7uEEB1epwKcpl6owyPFQB5aBwKctn3owIGUIBpvOtKc4YQpwp7XRBZ7LwKs8xKpwW7XMBVBVyK8s9UpwwMYYBVunmKsy8mpwu4VQBdXorKs0qwpwoA7UB52HpKMcZzpwMIVPBl35pKc9v4ow S_000001
HkvaRB9f/0KMJ80owr/vTBlZLzK86xsow6dkPBBqr3KcijxownLYVB9hQ1KMf1+owNYrTBZQf2KsbeIpwDSnXBV7A2KcUZRpw+EJXB9lSzKcnPVpwwFfdBRNS2KM4bOpw6sOfBV4+4KcTEOpwu3KcB1WYyKcJ7Ypw/PIgBhdn0KszCXpwJ3JbBJ0V7KcDMRpwKw/dB9YJ+K8VJPpw/pZgBlkG2K8Nqgpw9fldBBn4vKMiKTpwpgQfBBGttKcKPZpw0AmfB1CwtKcz/ipwtFRgBFlcrKMhdTpwZLKgBRoJrK8ieIpwWZzgBJp/oKMhcEpwaOkeBFAftKsB0CpwC0SdBh2tvKsjLIpwM/vPB58s1KcC4KpwsKNTBdAq4K8HSHpwJ0oWBJAk3KMuVXpwrRceBNsh1Ks1ZGpwiwQcBpq6xKsChhpwrrKiBVUB0KsYwUpwxB7dBVUk1Kc0ylpwVI4gBp02pKM2qXpwiQQeBd0ctKc2B6owQD9bBRfexKMMnDpw S_000001
H9RsbBRDb7KMtKRpwHW7WBVxV7K8JFKpwqj+aBhAU7KMM9cpwn//eB5pD+KMHZOpwBESiBJ5N+KcTkQpw8G6iBFzcALcZSYpwYKRhBdfwCLsduVpwE9OiB116/KMu9jpwS8OkBxMb+KMrVppwiEogBZxKEL8UGfpw2/DiBFowCLc0TopwE7LfBpu34KMlGOpwcUpkBpT5DL8vnppw21wQBZAQJL8Yqrpw5kCWB9/AKL8hvrpwitFXBlKdMLccrvpwthAaBhLgILc5NopwNSQYBRtHGLcNjkpwJkFTB5YKFL8IHkpwam3OBBkzGL8A7npwXiBKB1LUGLshNopwr39SBBCnCLc7wfpwOB+XBhjECLscrdpwV1YbBhSHELcUYgpwJtPjBxCi+Ks92Jpwab4iBpFh8K8wpTpwxTzkBhK8ALccvXpwBuggBVjA/KcPwkpwyIPhBFyBGLcGqepwxXBhB5T1CLMw8upwnqrkB9W7ELcRSwpwt5HOBtPhKLsNdupwANyaB5BHNLM17vpwODLUBhnlNLcaTypwgLKZBdaYALMKgapw S_000001
P62yjBBxS7KsXprpwuEBkBh526K8CX3pwp6VhBxYb6KM46lpwL+SmBhU55KMQEmpwvqCmBFlp4K8Q6bpwJ/uoBlnJ4Ksj2WpwpEyqBVGs5K8ZOcpwLixpBJ7S1KM/eXpwdiooBVvlzKMmqPpw3WJtB5Zg4KscuZpwnxvsBV5p1K8v6VpwIvCoBVFu0Kcp3DpwBXvpB9RY3KsGFCpwDqctB1gf1KcW7KpwQK72BFtU4K8uumpwLV11BJqH4K8t+cpwtCRzBRvL4K8XKapwFhsxBZGg4KcYzipwHXhyB9Zv4KMFUtpwKmS1BBKp4KMKPvpwOSY2BpD24K8B94pwqsVwBZvC5KczE0pwa0RuBdy+4Kc0mtpw9+8uBFKq4K8TCjpw6M/kBBvz5KMfMXpwk+GlBFM82K8VxcpwyqpoBVOs4KsoUPpwdocpBJXk0KcqpepwsE4tBlhl5KcR3TpwrWxtBtsY0KcURapwx7+rBRfO2KMGoGpw4tG3BZA53KMLFXpwB8U4BByw4KM8y5pwy8O1BV/E5KslP/pwKPbsBBhJ5KsjFwpw S_000001
HfTpoBZY/4KMMR3owZqPoBN712KcmOvowTaSmBpaZ6KcWz7owHPlqBxhL7KM1MyowTOXtBFrr6KsUFxowErPuBRQU4K8yt3owqVRsBlkM2KMO/2owj81wBBw+2KMuU0owRJJzBtEX4Kss+3owyqktB5uozK8pQ3owBhjwBJbL0K8u+4ow8OHqB9Xn3K80JBpwytGxBhBK0K8bHEpwyQDtBxkHyKcsRtowXjftBRjWvKcQTtow9QTuB1qQuKMum1ow72BtBBS7tKMRTkowwbKsBxWJvKMCfbowyCvrBZ/ptKsexSowR3srBdM9xK8DMbowVTKsBdSWzKc+Ikowd0WuBJXR8KMOYzowDuwtBNyU6Kcripow+pZuBtW44KsgM/owKq5wBNE32KM/fsowz/3sBxeoyK82Y9owqjqxB1m4yK8cH1owKCIyBN7iyK8b4FpwhNGrBtvfuKMlLMow/xDsBtNurK82ATow05DrBtg1yKcxqUowed2rBJES1KcZGkow S_000001
HCT61BJvI4K8+fxowsYT1BtFY4Ksm6lowUO33BJ6/5K89f2ow1Z52BNBK1K82uzowqSv3BNFX0K8aG+owJhT4BFpZxKsKl+owhY41BBa6vK8LQ8owV7U6BV7VwKMmh2ow+sA9BZeywKc1r5owE/h2BZchtK8fc2owQcl5BpgZtK87u1owh7k6BFk7rKMRn+owowC0BVo/nK8duVoweUV1BNnOnKcy7eowe6D2BxnpkK8vjfowAw31B1c3oKs09mowvUA1BpFYrKM5BlowXvszBVKWsK8gHcowVpIzBVXkqKstkTowhb/xB18CrKM2/KowCSJzB9NDvKsrPdowg+G0BVhqvKsRpmowk9Q1Bt8htK8gyrow1bV2BlPz0KcrRDpwFnX5Bp7V1K8u+/owHL64BdV8wKMi0FpwX9A6BNtMxKMtmvowJA41B1p/rKMtk6owY0K6BttnsKsO7uowwrP7BllMqK8BH8owVLvzBl8nmKcRQQowxb/2BhQ/jKcV8lowI9q1B1JbjKMZpZowY9A0BNudxK81spow S_000001
HV7U/BVmCxKci0wowsiU+B10xyKsaFoowFb7AC5ZvxKM3X2owuvn/BBKFuKcrOsowUfTACJY+rK8dvyowh5MACBwTpKMoKtowL4n9BRwuoKMeuqowI95ACtyFpKMgaiow3GTCCh3ooKMfZjowlvc9BJQUnKcBwgowfJKACNnzmK8bBdowtmlACRNSkKc7/gowTyj4BNVDnK86F6nwE645BFFDlKM7VCowDe75BtmpiKsfF7nwm9F7B1TXlKcbrLowYP36Bd+4nK8bXPowBEl5BdcCqKc8tKowABT4Bp4qpK86sAowVRD3BZ3UrKsjk2nw0Az5B1NTsKceFRow4tL7BZBgrKMYWZowXS57BBb2oKMn0YowXzk/BZa6rKM8Y5owjpPBCRCVsKMCd0owq+iACZi6nKsT8xowyawAClIvqKMZWeowOyj8BB0mlKMnIiowbwOACFw5mKcNNVowOQpACVDBjKceBbowrqu3BpKnmK8QUsnwbW26BFGJhKcX8Aow1oC5BNeZiKstOtnwEkq7BxarsKszTfow S_000001
LxvqsBRS5iKsB1Cmw/w8rBh0WlK8HzOmw1GhqBN0HhKsYn6lwwuluBVRJhKcUkRmwpQyvBN/weKcdsJmwTB4xBNxsdKMS5YmwhOG0BtrjfKMONamwL9/wBteVdKM+AwmwognvBN15aKMRhzmwPvG1BFRsfKs8Wvmw0ZozBdaidKsNL8mwfGG1BZBHbK8b96mw7ns0Bx9ZiKMXV4mwMhN2BJnKjKsIMKnw+U13BxkjhKMy7Rnw/I41BBcolKMypSnwJoH0BBmUnKc1CKnw322zBFOvpK8J9SnwgJjyBZJnmK8p63mwPj5yBpuKkKMUqvmwcFowB1EJfKMz27lw6PZuBNCadK8HuHmwkIiyBd8+bKMHbTmwJ+1vBhW1eKMKK0mwMXB3BBhRfKspJvmwgOWzBFAGeKMeBLnwZt61BxuvaKcW5InwUMlyBVhBrK8MANnwrG80Bd8NqKM5cfnw/1QxBxh3nKMRrxmwit1xB1DpjKMlKjmw S_000001
LIiYtBdKtaKM57Fnw3b0rBdkOdKMr0Fnwfr+rBhoGYKMUhDnwwTEvBJpmaKMWkbnwdCuwBdDYYK8oZgnwjJYyBJ62YKMZP0nwVEK0BZCHbK8N0wnwB21wB5hmZKMyLEowjIyvBdJWXKs6lJowB8Z0BhPqcK8R3Bowa16yBJdIbK8dpKowbzu0B5bXZKMtyPowJxSzBJEYfK8oHAowXVA0BhHahKsXSHowDIi1BNV4gKcM1OowyWBzB1u5jKMu3FowihYxBpfakKM+b7nwtYdwBx+5mKMqQ5nwVonwBNFZiKswmsnwS3mxBVx7fKcOjvnwgt6xBpSCYKcgTUnw3llvBVUzWK8Htinw7AdzB1oQXKMuG3nwC5XvB59zaKM8SCow1JT2BJNzcK8LzDowHsEyBxyWcK8nwPowOYH1BdUCaK8f/WowwEQvBtIWnKc6btnwUL/wBBsSoKsgwBowjcavB5ayiKMzognwY3GxB9AheKcLglnw S_000001
LlLEtBVqmXKsFYQowqmLrBZlTZKcUNKowNMPsBxM4UKsntTow+27tBJlNZK8O0aowM/rvBZeDYK8tdiowDUfwB99CaKM67qowU48xBdYPcK8lEmowFZNuB1IabKMz3wowIEKtBBx0ZK8bS5owM5SxBNcseKMvLrowAcfvBFKAeKsdq0owgHHxBNpkdKsP29owSlQuBxZQoKMNOkowO3hvBNcMnKcX/sowwSEwBFg5oKM3/0owKaOwBNwpkKcO4towCQivBxWOjK8GIlowTGRuBVpFkKsX+bowsHitBtn0mKclIbowbSZsBxN+nK8VpTowaF7tB1f/hKcq0Uow6B+uBFi7fKs+rZow/y+vBhMigKs2mjown5SxBRIaXK8tyeow3YyuBtUiWKs34low0zpxBl4JZKsOJwownvxsBt40bKcN0rowsQ9yB9JgfK8JztowGjJuBBgZfKsz51owaH3wBBZEfKMN1CpwGM1tBRxKqKMYWkowWB+wBlSQoK8le7ow5xjvBJNyqK8+a0owAXBvBllIeKMUkWow S_000001
HlzaqBJbMYKM4m3oww5qqBJEmVK8AR9owPGKoBhfAaK8nN6owv0VqB99mXKsHFrownnPpBRHgZKMx1jowmmnnBVLKYKcQNbow7cWoBl9WVKsNtaow56mkB5fGYK8D9cowglXjBZamaK8F7aowdBSmB9NVUKci+TowxLtjB5X7VKceQVowBjojBpU+cKcShjowXVTmBpBjcKMdRqowN09iBdSBXKcdMLow3hAhBxibMK8hUFow304gBVfFPK8qiCowRTReBxBvPKM8r1nwJJYiBBM+QK8N+GowqhBkBBg+PKc1iOowSMTkB9XXNKcn6RowLIsiB5LXLK8NGNowI8oiBh47IKMA/OowF/NmBB6KNKcX5ZowmwDnBNunPK8mNbowA/zlBhEbRK8JlUow/8sqBRxgaK8yggowg7FoBRcvaKsgznowgVBoBhtAZKcAVUowcFPkBF3hXKc7SkowtLHnBJUxUKMGGNowXNRiBpo1UKcZVYowlnckBN4xWK8oJGowC3ofB1IMLK8SjBownK7dBRbmRKchDxnwfRDcBJYWOKMADvnw2IcoBpuHQK8rZgow S_000001
PDz6mBlQnfK8cn8owjAwlBxbPiK8nq5owx7glBJR4dKMncEpwnH4pBJmHgKcP6ApworUqBhZPhK8NMLpwtXXpBpqafKMU6TpwvyeoB59BhKsR5cpwf0/mBpJqdKMx3QpwO6InBp/NbKsCtWpwhTvlBN3igKM38epwGonkBx2SfK8jvUpwsgEnBd27dKcMzxowTYSiBVmydKskvWpwOY9hBBxYmKchb9pw/IDjBdt7jKMbW9pwG0/jBpVhiK8oJ1pw4rvjBNR5jKsS7rpwEkqiB9LbmKMctqpwTyuhB9ntnKM6B0pw7RpgBhCKqK8dF0pwzCviBpONnKMbCgpw5s1jBRDLlK8lIbpwJ0fkBpcGjK8J1hpwVdXpB1m8iKMItLpwmaPsBRKkhK8FIMpwRtFrBR9GeKcPhVpwoi+mB5gEdKcDZIpwZ3RlBNCKfKcOhlpwd59jBh2ygKst2OpwkHsgBlqzeKMSLUpw6ELjBVv8iKcMMFqwJeBgBRw9qKsS+6pwqHdgBJULrKcNQtpws3MkB5WIlK8jcSpw S_000001
H2k6oBV1xYKMcSSpwnX8nB1yFYKMIaHpwkvxrBNndZK8X6TpwBoMoBR9WWK8oEapw+OhlBB2cVKMQJbpwyH3kBhlxUKM9mmpwRXBmBN9LSKMMFppw//BmBtHoWKMnDvpw8YdkBlu8YKMpwwpwZermBJnHSKMzJ0pwCr+lBNN2UKsV34pwqwXjBJgtUKsDW9pwCMvtB5OhOK8NvNqwZxCrBV64OKMGVPqw/1FqB9xNOKcm/YqwjjZpBVe2PKcE/HqwcerqBx8aQKcPx+pwXvWtBZAIQK8nW8pwzWGvBt9FPKMkTEqwTAixBdurOKsrtDqweJ4tBte8QK8h9xpwWajrBBgtRKMiTupw1vhpB1mcRKMEq1pwQXRlBdk2TKsntWpwLaTkBps2WKcAqYpwyc6iB10rUKMpZnpw9p4nBBADXKcSLtpwsTklB9avQKc2g3pwryTnBZLaVKsyK+pwh9gjB9LwUK8xKFqweIyuBdxyNKcqsTqw0uLoBN/bOKs/laqwyBTrB1NgNK8UeeqwnQSrBJyZSKMJDnpw S_000001
NQWGlBly5aKMdp6pwt/BoBNu2aKsSi8pw/6ujBFjfdK89q4pw9drjBtrfZKcWkEqwuCkjBZOxaKsCtOqw/gtjBVnxYK8GvXqwYXslB9C0WKstyUqwmUlkB1o3ZK8ziiqwg+biBd/7aK8WloqwcFLnBB0JWKckBeqwVa+lB1fhXKcP0nqwsmGkBtAyVKssxsqwQ+AqBx64WK8CWcqwvTvrB1AiWK813kqwNnBrB10pVKszgtqwdeWuBdEPXKcc8iqwrSZvB5kPYK8XkZqwD5yxBFRyYKcpFZqwf0ftBB7jYKMKGRqwVX8qBRy4XKsovSqwMZ4hBJGxbK8WQPqw2KElBtWBcK89UPqwdI9hBdF7XKc2jYqw4i5lBhxSbKcobhqwu3BnBdZNUKsX4eqwkmWnBVpHYKcS2sqwWt1kBd+KVKMfozqwB3mvBF+/WKsW4oqwALEuBN2QZKcOJKqwMmrpBp4HYK8Q1Mqw S_000001
L31deBJk0aKsAsoqwTnecBNcfYKsvfiqwco/cBdfGbKMMJ0qwiGpcBdSedKsZoiqw6ZLXB5TPeK84SiqwudjWBB1KhKsT7fqwxglaBJs/hKM4TYqwGFTRBV59hK8iwaqwkHKNBJqTiKcYUiqwUpgYB5C/jKMneRqwN9tSBVWhkK8ctUqwAWpSBZOxmKs3qbqwpaBZBZpDjKsWTGqwK2TYB9P4kKMT89pwZgFXBBROnKsBHAqw7P6YBVvCkKM+tzpwKOOaBBkghK8etxpw7SxaBN8wgK8PjnpwerBbBFvnfK8BE6pwtRbaBphegKspJEqw7ahVBF+1dKMSOpqwuLXVBVINdKchtcqwSn0WB5hIiKMp0nqw7KsPBVvcgKcTQVqwKWpaBFz5lKMX/RqwBL3PBhC/kK8TSOqwjDBRBFRVoKcX4XqwcgvbBx+3eKcHylpwrMNaBFrFiKcbrhpw2xFcBd+hdKMaT4pwpKBbB9iEfKcK0Kqw S_000001
LEBbHB5/8gK8jbgqweaWIB1sVeKchDbqwHxlEBtT/gKMN3qqw5UoEBRJ+iK8aWYqwUe5DB5eslKsAGbqw++ZCB9yUnKsAcRqwsG/GBlqknKMeaKqwGgK8At4ImKMXVKqw80txA9unmKMuPOqwV0SFBJ/nnKszo/pwuUY+AVkbnKMIh/pwn7H6A9AEqKMjJ/pwtAQMBJHekK8jHbpwR4fJBJvomKslJepwFhwHBhxUnKsl0npwFGJJBd3dlKMgFvpwc19LBlnIjKMNNtpwVAlNBx/oiKsUnipwnXUQBBgegK8VnfpwMnpMBpGthKMVn2pwHCRKBBMLjKss39pwjdDIBV5elKcr35pwQglHBNlgmK8yneqw4OvABdx4lK8oLhqwcx7ABBJOpKcAyUqwIjh8ARm8jKsctJqwsKXGBBAepK8WW7pwoto6AxDWmK8o24pwxvq7Ap+3qK8UA4pwP7hIB1WDoKs5sXpwxaWRBhAPgK807XpwppVRB9TGfKMeBlpwwdDKBZOniKc9XGqw S_000001
L2yWoAVafkK8DIMqwLrmsABxzhKseDPqwjiWdAJ7flK84rRqwB0smAhiqkKMqh/pwX/JjA5QEnK83r6pwMD3hAhpvmKcByupwfKRsAJzgmK8gxppwSS1XA1qQkK8DIrpwAhUBAJ+ikKMH1rpw7IlrA5h1kKcdugpwng+fAVm4jKsdufpwJNHVAB9nlK8OlYpw27WBBh3+dKMwiNpwQI57ARN4fKcDbJpwm7F7ApX/fKMBv+owYKQ2A9NjhKcbWPpwux/3ANzLhKsw5ZpwLNn+AB0WfKsr1epw0mTCBBQkdKcAYYpwW2dFBR+ybKMvLbpwzbG+AhOofKMw4ppwCNS3Ah5khKsAarpw0GOzAljmiKscCipw5k4oAh8roK8vR8pwv46WAN0rnKslK+pwPGZaAhagoKs3WspwxNHbAJweiKccCwpwcNotARR1lKMGKZpwWZOdA9a2hKM7rcpwxjASABIqkKsevRpwQGTDBpuzcKceWIpwuKQ2ARQVhKs3T7ow9SV/At2ueKMtL6owHx/0A1QUiKM9Xzpw S_000001
LWbjl/UEHiKsTnvpw4enAANxUgKsgE2pwSzhN9aaQjK8Vp0pwpbyS/g0sgKsUnkpw6J1S+YqLiKcJLcpwNEAt+c7xgKcRlRpwPRF4/gTngK8EyOpwJ4ME+S35dKcKKRpwXqOx/ifvdKc6UPpwtmAAAJhQeKMU7IpwvmIM/UZrcK8rKIpwB7bw9kLNdK8gD+owj+GyAl+zYKMQ2DpwIHirAdz8ZKM/V8owd2WuAFbnZK8FFyowsB0iAx/UbK8fs+owreHhAhmebKseWJpwPHNnA13ZaKMOgRpwrLlwAty7YKcy3OpwIZD3ARo0XKse/Upwp5uiAVBAbKsjZbpw3LZUAhnZcKcmGZpwDiSRAVwvcKsXSOpwUTFK/4RLkKs0obpwTcxX/iHfiK8EzdpwS3lh+O99hK8dDMpwtDZ15yVzcKcesYpwbsZFAZMoeK88rApw/w3Q/UXfaK8GxIpwLlKL+sXlbKsDa5owMlg4AZ2zXKsyMBpwwG3pA1GaaKM3Qsow/t70Ad/kYKMWPwowMvbJAt8MdKsPNfpw S_000001
