SEQUENCE: caagagcucuug
SCORE:     score     fa_atr     fa_rep    fa_intra_rep    lk_nonpolar    hack_elec_rna_phos_phos    ch_bond    rna_torsion    rna_sugar_close    fa_stack    hbond_sr_bb_sc    hbond_lr_bb_sc    hbond_sc    geom_sol    atom_pair_constraint description
REMARK BINARY_SILENTFILE RNA 
SCORE:  -259.633    -32.120      4.662           0.254          0.379                     -0.222    -16.661          9.722              3.521    -197.158            -0.246             0.000     -66.256      33.874                   0.620       S_001
FOLD_TREE  JEDGE 1 12 1  C2   C4   END  EDGE 1 6 -1  EDGE 12 7 -1  S_001
RT -0.994805 -0.0315593 0.0967855 -0.0422993 0.992919 -0.111005 -0.092597 -0.114522 -0.989096 6.34696 -0.449942 0.334582   S_001
ANNOTATED_SEQUENCE: c[RCY_p:LowerRNA]aagagcucuug[RGU_p:UpperRNA] S_001
Lim58+EvCK8LBQx8vaciq+G2ie4j9u+wvCt6Q+oVB7/LDKV/vxJMAAFv+U7bLQh5vyVpKA965d9T3pE5vXMtgA9SHv8jd4lyvQ4ngAFN9V4zTOAzPD9VnAJdve6LOKr7vv51rAx7US6zw5hCwqCbpAJ4MD97KGi1PPn4vAxtO48bH+cuvULN4AlOLs5zE1wqvmjFlA12mFAMx2i5PUv/rAFJoEBMAgZ9Ptvr1A1ac0AMnzE+Pyz9nAxb3ICsw2IAQks+aAxhSQCc3za/PWvuTA9Tx2CsF9KBQqQiMAhuXhBs73g7PX9tUAZ/iVAsgRs4PKX+BAht4E/DUjeuvmsdKAh8ar+TwmgAwQ7RkAJzkX/TXRO0vk+riA13bU+bmBy+vjM8uAVDR/7rnKS9PSJ8zA9F3T/7k4ozvS1j9ABBrw2bb5wqPmOHEAFEe9C89e5AQUE6dABx3MDMldiCQGCm2/84iuBcCH16PgeCKAlXUG/ruTSzP S_001
LVwavAhNkl8LQQdHw0nlmAFLZR/7Fs1Hw2z1xAtFmp5D4PDKwMwD6A9Mw2+LVc3Fw3r9BBJJe48bUR8Ewp4EGBxZZW/r++sCw4xLEBd3ZMAcuuO7v/nIHBN8g6AMkFEGwuxzKBVKipAc5SKJwiQCGBZXmjBcZIE6vF/aJBlok4Bs7A9BwuV4OBRxSpBcbE1AwzCv+A569AEcvQ4wPY9PEBRKpwD88F5uPg7tFBRD8KDcsOgQvC/bBBpRX1CMAwlvvFrV4A9n5CDsTY4uv3BT2AtOarDsaQabP0LjsAt8o8DMk5VjPNvqxAZXJkCMfdK4vowM4Ap/NFCsI/46vRlXBBdxeNCszUi4vNMTBBFgqh3jgxICw2GbDBtMlP6LdcWIwXwwJBh3yJ+r1WfCwsyjDBxFOTBspkDIwk7lIBJp6tBMOTGsvGxRJB5gvdCsJYTDwcCLQBZL3JC81BQ8vNQhHB5xOCEsuHw1PismrA9y1MEcDrUxPqZMmAZJksDcoeTivk3f1AdWvOBsqMt+v S_001
L1e7KB19FnBMdDvLwsGLFBRW5zB8viWMwEUfOBpj5/A8VexNwnCZNB1WmgCcAU5Kww14SBlWOkCcT6DKwB+wTBN4XPD8idxIwSlPQB5GgTDM+58EwtVbSBZuy1DMi8gKwnHtWBtDEAEcIYTMws1oOBN10/D8AbdEw5ueRB5mYMEMPZcIwwOSWBd1OVEM824GwuJC8AJ6YrE8eme+vCcQDBpzFvE8NYW9v5UZHBpQIjE8gsLAwuosFBpwGREM6jkCw5mcAB9PDLEMafcDw/n44AZiHZEsmJqBwkabuABOaVEcxhOCwbPOABZ2yuDs2fBGwMSQFBN/KkDsATpGwcWyIBZU6AEc+UpEwnG4TBpOiKC8lDpIwv/jVBZWbgCcXtyLwAOEYBF03PD8p0TIwg8+OBVllwDs1F2LwN3yPBB2VHEcAOpAwjKRPBdMHaE8KlQJwqsbVBh8ogEsTrNEwRsSEBdBN+EM4UX5v3TGpAd3DgEMHt3Aw5n6rAtWAIEMOTAEwpOiGBNlQGDcovSIw S_001
LxFiVBRvOOEME66Owz7nQBVBUEE8ZaBQwIHfaBNb+OEcm0RQwUWGUBNCAmEMAZBOwuVDYBxZYzEsKYwMwvjXVBd0BHFM3rnLw6RdRBJtgAFsjYoJwx6LSBxnRUFcmSnNw3JjVBdFciFsHzGPwkHANBtlNPFsXltJwbyTOBpNSgFsLXzLww9qQBdLNyFM26iKwb1mxAF+JOFctN2Iw2Ey4AtW5dFsYqKIwSgn0AFUqvFMeYKGwUjnBBFYUcFsyOhIw7mADBxnaJFs6EoJwG1f/AFLs4EM5XYKw4/S0Apum6E8os/JwUQMtAZ0ftEM/MiKwBjvCBpRDoEcCtcLwaRrHB9y2uE8w4ULwyrHIBtc9CFMNePKwJ0FaBFseqEcmEKLwzUIbBJuD4EsGxNOwbisYBluvQF8Hj2KwHMLQBxuqKFMkOKPwd2SMBVUoXFsKKoHwkX3KBVh1mFM5X5MwsQ9NBJQg5FssHZJw0Y3pA169QFsSdfIwqSb5Adhs7FcK+EFwjEusAlM4wFc6MoFwlEILBN3blEsUfBMw S_001
L9AiTBBWwrFcvv9QwUZVRBVulYFselpRwizAYBNJx3FcailRw9zuOBNBA8F8eQtQwdApPBh5IIGc+5DQwZWVKBFVGNG8HiYPw9jgHBpM/FGMQfkNw7BeGB9RxOGMnN2QwZbnHBdWYYGcrckRwCy0BBxQ0GGM1sFOw5gFBBNLRPG80lIQwiYFABtyVZGMbaFPwjopiAZAxcFc7ITOw889jAhrRxFsc9mNwE3zsApCJ9F8VLoNwSyM1AN8lxF8UPfOwyAH1Ap8WcFM9NRPwJ0PrA9rmRFcx+JPwOT8pARzI9E8AN2PwtLR/AVMzVF8lIBQwrxlCBZe6mFszWtPwzwm/AxJV4FsgoxOweqGSB1aBHGsWkUOwKs3RBhhgNG8czuQw5QaLBV57UGsEkiOwe5qGBZ6dIGslPnRwuo7+Ap8cJGM8oWMwkwY7A1d+NG88H0QwOsB5AdXOZGcFpLOwn0YZARRh5FsUi7MweDtiAl4W2EckTuPwx7LwAxyk0E82kPQwcC6GBxeTnFMHeEQw S_001
LTzVFBRw5ZGc43DTwNcvGB9dpPGMeVuTw6BeHBd7GkGcBnmTwBd+9AxYwaGcy8/Sw8o34AB1kjGsc1USwG7EtAJ/PhGcVELSw01trA9nyXGs2IWRwMAMnABNneG8+jdTwIhLkA1FEoGsjRLUw03biAhWASGMKczRwoJCbAhwZYGsi+8SweMqKAZwHfGMlQdSwwafMAJWKXFMhaWSwQ+1AAFhFpFsJ3BSwjYlP/IWCmF880zRwIAHJABlf8FcWb7RwXsVeAplm8FsWbLSwditlAN0prFsMigSwVALhApO7WFcsWnSw2fqlAFx2FFscX5SwIrLwAVAeyF8oBsSwJD0vA5whDGsk/dSw4bvlA1iHHGs64JSwQji8Al+0kGM5sVRwCNC6Aln/qGc2h5SwpqwpA13qoG85MwRwrZCsABJGaGMr6LUwoVXYAVyGRGc7dCRwa5RTARWpTG8TXvTwyw18/ohpaGc0sISwA2qEAZCPJFMGeZSwI30I+A5cyFM1ekRwe/At+8eYXFM/r4RwYA32A9dyIGcS7hSw S_001
L1Cnm/yCdYCcV2TQwRZLh+EcPcCsfhGQwy+bAAnkOACMoYqOwMB35/KcgHDsl5bQwvnNTAzYOODMnUvQw4OZXA3Bk9DsTS5QwzjKLALj1GEsCgBSwcwZQADjpMEsQwcPwSIDgAbPANE8BcXNwy/SEATyOcEsTavRwbumNAbXeiEcvbYQwaGmgAH8ZtEcYFkQwvUET/GF3cEMlW0RwOAlJ+W7NwEMQdGSwCYeW/iKkAFM9UPSwMD/l/QerwEMetNSwx/h8/UgueE8qpDSwOahTAhT7fEsWTLSw2Jko/MLxKEcwKxRwiyhh9SSjKEM5GqRw6WiXALhN9CMhcqRwK/PdALkBBD84v3PwDGckAbAy/D8XHARw811BA/u2GEckfcOwXQBKAryIoEMD5dSwspxDAzubtE884jPwj1beADoj7Esz5/Qwl/ecA9KySEMCFESwVYeaAhD9tE8fQYSwnBk7/8/L4DcB4oRwOnPF/uj12DsS5bRw S_001
LDwuYArp0PE8+hVKwHIGEA7KEEEcPBPKwrjUlAjWEJEcA8kIwvb9TADXeoEs3VyJw4HgiADk+3EMbdzJw8kmbATlOOFcfQ6Jw/5GPAz6fQFcWBWMwiVBMAXmqTFcJmWHw8y1WADvraFsTQoCwZBh5/WOhdFccn0Lwj/N9/erXlFcz27Iwvv4IA31g5FM+X4IwlA0F/qbzQFcAeZMwF/9F/U6TbF8muENw2h+L/k9uuFMruJNwWf00/46EOFsadpNwM990/Qf/3E89jnNwZMCLA5ATuEcTBMOw2xxz+oycuEsVE6MwB8LJ/SF76E8FqVMwqxvnAjKU1EsgWiLwCZenAnxK2EcaHAIwUnykAX82YFMl0wJw9rcCAHD8FFc2f/FwPZO3/Wc0rFc/FGNwlngd/eV9nF8cSxHw1M0+/6BQCGsDbuJwaRNIANLNVFMIvIOwSBNn+go6cEMr70MwnPIz/2ITzEcyCzLw S_001
LoxtMAXf8VFcPez5vtCZDArOPAFMBaF7vTQcdA7NqZFc4olkvNeOz/yEUmFMVQc3v2576/KJA9F8EYH2vzDaD/ulcEG8JgJ5vMpbl9iRzBGcfb5Bwn/pG/EBmBGMZEVmvCQ6C/gvXHGcHKF4PBvcr/QNbBGMru2BwbZE6/kptEGsHqg4vK9QBAhf0PGstES4v9G+4/k2RtFsthhDwm7wQAJkeqFMbKwFwyt2cAh2I6FM/rHGwTSvWABoxWFMfdcHwrBQJANkVGFMPW+GwoK0PABJMzEsfJWIwmB8o/UAxIFsU1tEwP2Jb/QpTcF88rDDwdasJADW4AGs7z68vDBuDA/YkAGMh3dePiSVU/ys5MGMAe23vZXHH/MLTyFs1JQbPcMp6/84+GGMS8rEwEU6LABJ+AGsShXzvPHEOAJtaRG8hM08vSHIGAd7fmE87sMIww7ZeAxmixEc3vIJw2CGG/00D7EMj/VEw3Ovk9SayeF80ySBw S_001
L0yqj/IqDCGs6bXBQPAzR/w2HtFsr2sAQYlxE/sdDIGcQEBGQztOLAFJKDG81+ZBQ17PVAJvfNGsB21BQAOVmAlCiMGsm/aAQKmTnAlZ7IGM/DrzPcxmsAFvVEGsMApDQsjKwAJbmIGcXhUIQR4VwApw7BGsSqzxPhj41AZ0vBGsulz/Ph3D+ABgjJG8jcCAQ0+hsAZB5uFsn35gPToqzA1tMhFM/8IwvOME9A52llFcYo0yvhjSvANnTOFMgmI3vQjzkAFluHFsz770vmTEiAVdN2EsJUE6vYABcAxrpWFs3smgv8eCiAlDMpF8LgrpPtiWNAR8OTGcMNU+Pl2fTANlmQGs597FQbrmpAtqiUGcUcOBQ+44nAJAi6F8/hxEQ6xV2AFLkEGMKfffvo/65AlIc0Fcdl8AQPU9BB9FeHGMKNC7P/TP0ABSLEFsHfT7v17/KAp63SF8DalMP8DYZA9be0FcYnF1P S_001
LD7DyA5MzAG835yKQ3n9oANAZyFc+6mKQhHYzA9UbHGsPQPNQSy18Alth0FsL0UKQl3gDBh1R/FMBaRKQSiuHBZhMwFM/ONJQk9WGBxGJqFMNN+EQ1BPIB19CbFcK/rKQPohLBB87cFco6ANQhF6HBZVXUFM80EEQFnuKBhYmMF8ZkkIQ31TQB94kPFMMKUIQkmGDBJIFIFcnslCQ2arDBt5R1EMZAR/PyQBIBprLuEspxn8Ppm79AxBUrEMPdo8PMjtzA185xEMHcN/PNe/rAtwLnEMAQP8PLyNzAVBTFFcomoCQgnQ8AN1XPFsyc+DQ6zRDBBJ0GG8VcAJQLWmEBdMVCGsI9SMQdZfLBBIK5F8kxaJQfaaEB1+7UFsTudLQPbvKB17PSFcjMwAQ2SQKBxmg7EckGCJQb3uRBNzwFFctnzFQS2h+AVbxdEcLgZ4Po6arAxI4LFcT92DQ4Iu7A5nReF8KbTGQ S_001
LmWqKBxjDNFMaAePQvewEBpCsMFs82yPQHKFOBVgXUFctA3QQeXjMB5Fs1EMUhnOQ75GSBpRSxEMmKFOQnjnSBdAebEsdszMQ9UyPBBdbbEcBTRKQ1eIQB55IJEMM9XOQEwqTBt3PBEs/sMQQv6XNB9/6GEspJ3JQZdFPB1dRxDs+RMMQxytTBFX8ZDskseLQqkL4AZGXNDcU31EQMlLBBd6x8Ccdu0EQadvBBZN7VC8wdnCQTZZFB5vyQDckxzGQxyGEBteb3DsSTbIQjsU+AhfbFE8pYiIQO8V1AhpA1Dc5B8GQVE6rAdyeAEsrSwGQ6pC/AZxVZEs1QwJQVTlEBl5TbEMsbWKQTglHBRP7JEMUZmJQvQxTBRrl9Ecg2vMQvIbUB5c4xEsmx8PQER9WBBw2YE8bwqMQIogMBtyrNE8tNfPQcIqOBhiu9Dcm+AIQuHLMBdxyYDMbWzMQjkzSB5o3EDMHzCKQ8tXyANJl7CclnODQwYWFBNzIICMUUeCQ9mH9AlrwGCMYcHBQfNRGB9ydpEsopWLQ S_001
