SEQUENCE: uccuaauuggga
SCORE:     score     fa_atr     fa_rep    fa_intra_rep    lk_nonpolar    hack_elec_rna_phos_phos    ch_bond    rna_torsion    rna_sugar_close    fa_stack    hbond_sr_bb_sc    hbond_lr_bb_sc    hbond_sc    geom_sol    atom_pair_constraint description
REMARK BINARY_SILENTFILE RNA 
SCORE:  -258.175    -31.656      4.596           0.246          0.330                     -0.174    -17.136          9.365              3.267    -197.754            -0.159             0.000     -61.630      31.876                   0.653       S_001
FOLD_TREE  JEDGE 1 12 1  C2   C4   END  EDGE 1 6 -1  EDGE 12 7 -1  S_001
RT -0.994805 -0.0315593 0.0967855 -0.0422993 0.992919 -0.111005 -0.092597 -0.114522 -0.989096 6.34696 -0.449942 0.334582   S_001
ANNOTATED_SEQUENCE: u[URA_p:LowerRNA]ccuaauuggga[RAD_p:UpperRNA] S_001
LOWH1+0Zhz7LiFz7vPExu+CWQX5jJnOtvflH69ImFy/rIFd+vFEu+/A1U86bAzz4vpC3JAFoqp9DCMX4vImagAx0248zHr2xvuXogANCDt4DCxozPbZ2mApbKH6bWRl7vybFrA1Xzv6jWChCw60cpAJ3c+8bLrf1PNRnvAlCzv87T1Ovv/B+3ARkmF6jO1Isvd+KlAtlnEAsnMh5Pi4HsAJrXDBM9UX9PAnt1AdBy3A8KkU+PPZVnAV3xHC8BNAAQxZNZAdzwRCMT7O/PR9/SAN1k1C8BU+AQ/VCMAtf2fBsWtO7Pfy5UABC6UAsT4l4P9ohBAt7fJ/zF01qvagQJAxdQz+js+HAwAN/jAtidc/TEtezv0cGiA995N+r+hn+vaFKvA1km77rtSI9PI8lzAp2SP/bqzb0vHMe9AZ3kE2bnJpoPiLJsApZ3eCME4YBQSVX1/EyfpBM7VU6PLGhKAV+JD/rwPEzP S_001
LWHeuAVdFT8LFIhHw4qrlABeGJ/7t50HwDOnwAtHJg6j2EFKwoKP5AxOus+rSdFGwrLiBBhlli8rLPJFwF/oFBNyVK/rGk1CwdAsDBNmcGAsnDj7vrayGBFve0A8B3KGwq/gKBFeOjAMJEMJwFglFBZ2MdBsWhS6vF5CJBNSFyBcADBCwj3eOBdfLiBsMu0Aw/86ABp7yKCsXU04vVmlBBlJ/xCcoOiuv4VIGBlHs8CspR+avuri6AV8ULDMRTynvxr5wAFgo+CsPajyv8PnoANnpYDMbV6tvUtUvA50yWCcHSl6vd763ARKO8B8UWL8vGW1ABNZbO5zCLYCwnDBDBZ+WP576DdIwSdTJBZIk59796kCwDKQDB59qNB8+lIIwl4GIBBBumBM5OusvAi8IBhiiaCMfnWDwHHwPBl8FGC86qK8vGNRhAReLQDsBgtzv54vpA1Dl0DsDSrPPHIVnAV4wMCsaBS9vaXA3AVyN+AM96HAw S_001
LzGoKBNwofBsytyLwon3EBVnyrB84waMwb1MOB1Wu3AcY3zNw6NENBhSKdC8Mf/KwC7jSBxtPhC8zZKKwObdTB5dZNDMUPBJwEEHQB9p5SDM/uVFwf+6RBlPWyDs961Kw5uDWBRMB8DcscuMwAbaOBNJ1+DM99CFw8ZBRB16TLEMUu2IwU61VBZM7UEs0V/HwqXhIBBDy/DMHiBFw9G5FBlQpREM4B5CwVplIBd94gEM60NBwSjeAB9czREcMotCwgxc7AtzEBEsR4jEweCywA5J7BE8TyTEwM1TABBlhdD8zVwGwxJqFBtTqdDMPR6GwBmhTBRVwIC8IKqIwgTPVBp32bCsKB4LwvvyXBx2pOD8KOpIweLaOBhkrrDsCkGMwujqPB5hnHEsfLXBwYJrOB5NiYEsDItJwfaBVBJxpgE8GIZFw+XZsA1QWrDsyaqFwJiLtAp/yOEsXJxCwDn+7AlEMCDMgwIIwTuyHBV65BD8OeSIw S_001
L3BlUB99wJE8tWfPwLA7PBhyq6DMyePQw0HgZBtuILEMXkkQwrqmSB51dhEsVz2Ow0+KWBxy2wEMgvqNw0G9SB5ENDFsTUiMwsYQPBxBB7E8YtiKwdqaPBpu5OF8T9hOwS0WSBpQXeF8WUBQwPZbKBl7yHFsuWnKwpNQLB92PZFMf7tMwvUINBdUIsFsrdeLwVI3FBByd5Es05HLw9gvAB533/EsVbWKw7Jr/A96JRFc8ZUJwtrj5A55LxEcay1KwkTt6AVaQdEsvr/LwirxyAJ0zREclRTMwHBuCBR64XE8qruMwOjqGBlN3lEcCtRMwOriYBZJRpEcJ/EMw36AZBVZ02E8aJLPwZc/VBFAYOF87UxLw+WqNBdFZEFsz9BQwf6hJBpB8PFsK8tIwmRpHBZQPeF8wszNwS1PKBZxPyFMlVUKw1YIyAR9Y1EszqTKwS4lDBpIVIEsjkqNw7ExKBx2chE8Tm2Mw S_001
L/tGQBZyYmFMINcRwTd6NB9hiSF8+9CSwRHcUB5oNyFcLxISw+wQLBxsd2F8pTMRwWELMBxRwFGcmopQwCx5GBRAkKGsEMOQwYkaEB93nDG8ANeOwAwuCBBJpLGc0dURw+HiDB1CGVGc5fGSwFrY9AZ4/DG8/Q0OwJBE7AFcBMGM+mhQwMBA5AtmNWGsnB8PwkQqaABL3UFMyBPOw5N5cApJqpFs6rqNwEhCnAh7G2FM3F5NwGAZvAR33qFcWh1OwfKfvAJJaVFc+vgPwqb4lAd1BKF8FlLPwRsxkAprR1EMc/vPwDQi5AVtTPFcCUNQwOzM/AhP6gFcEtIQw3Nk5A5POyF89KVPwXu6OBFsSFGs+glPwPDGOBdi4KGs+4ZRwgT+HBtnlSGs74tPw1A2CBhOIFG8IxDSwEKB5Ax0wGGMJYCNwAAA0A5yRKG89HJRw7uGyAhzAWGMbF7OwaRcOABInxFccD6MwxybbAVHDuEc3NePwre/qABm8sE8OeOQwH/1DBZNwhF8lLbQw S_001
L/pABB1X4VGMO5kTw+NbCB10aLGst2LUwlv7CBVZ7fG8SNNUwE/U1ABZfWGcvQdTwGeLwApekfGs6K2Sw7wdkAp5HdGMB0oSwEWcjAhSMUG853tRw4x0cA9akZGsfS4TwW9BWA10eiGcs6qUwuEoUA9e4NG8t/FSwxbBKARIcTGMtJSTwxo8y/8iOaGM460Swvkh9/wcnMFMtAOSw0Ken/gpieFMnZ+RwVR00/MAxyFcRO+RwaXXPAZ2zzFs6+QSwSq1cA9lziFcNjiSwuizTAdLOOFsjrgSwF20eAFKW8E8iUwSwAeuoAJp+pF8UEzSwC0AoAhhz+F8SUrSwHZ2bApm7CGsntWSwQbA0AFAchG8al4RwcfFxANHrmGskGfTwQNEhAdWukGMQCSSwj/PjAJGwUGMrtkUwc7aIA9qONG8GlTRwslPCAh6HOGMcwAUw33aW/opzVGcchcSwUoOL+EkOcF84qvRwL7eXAd7HuE8BDuSw85MnA5kJ9E8zR+Swv+2uARq0EGszZ0Sw S_001
LMqj1/ecjCCsQeKQwIwHT+im9HCsAGGQwfu0FAHTxPBszxSOwp3ZFAPW5wC81FKQw59KcAj781Csq/TQw+xygAXLClDMkRXQwAqjXAziB4D8TEiRweJYZAD9i/Ds8LZOwwQrjArPN9DcPlIMwfyDRALScREsrHORwD1hYA33LWEMSylPw1HYmAT+SgEMe7pPwX8jz/mdETE8iabRwuCUh/aJInE8D2pRwEKH2/6Jn3EcCCqRwcUMo+Ut6mE8q53Rw9Bmk/QDRVEs5/4RwIAkFA1xqXEMPtGSwH009+I+UBEsdtpRwgJgV/+RBBEMk1bRwhiygAT1BmC8c3ORwxcTiALbmmCMgq8Owi5lpArPylDM8JXQwTo3JAfom0DMUDnNwWpPYAnSsdEsMq3RwuEUOAfJIhEsi7bOw48olAnU4uEcUsOQwTH7P/QpG1EMHWCSwIS4h/UBokDMVTpRwqvdq/KREjD8KQQRw S_001
Lrd5dATbOBEc+XMJwrPDJA7UxrD8pJWJw1+KnAPZzzD8FpgGw3kOZAD55ZEshjpIwgVOlAvUMpEczVjIwfktgAbki/EMf8xIwkORWA7toBFMSPULwzlxQAPNeFFsFfYFwVCbaADkhMF8nWgAwFk2DAfCIPF8729KwhAaEAXhSXFMRbFIwb8DPAPUOrFcT99Hwa9Qh/irsCFM46qLwFZ839cKeNF8bYgMwrekN+MH6gFs47nMwjZMl/o5eAFMiGMNwIPMm/wFaqE8zKINwq3gDAl58gEcNxzNwV91s82YlgEszCQMwX7Ei/SG0sEsVpkLw4/5qArULmEcO9LKwf7rpA3rfnEsMVVFwS/tnA39AKF83giIwlimGAHC/3E8rkJEwQznDAbfSdFsjVRMwLudp/yKUaFMpxUGwmoSGATQS2FMTW7IwzS///gkzHFMqwyNwtPux9GPCPEs8fIMw0Nv//Wa+kEc345Kw S_001
L3qPNA74ZLFcR1O0v2oMCA3Wa2EMhWo1vkWMcA7hnPFs0AgrPKn/2/qksdFMjNV0vsefBAPm7zFMNmMzvnhHX/KR2AGsyrm1vhv7m+Ckn+FspotAw+/Yk+IOZ8F8tM7bP28a39wlDDGME2A7PzuQk/cKBAGsBzZAwfbov/UJtCGsdxbyvp12z/gw5NGcBUEwvo79pA9rbcFsqLHIwAJjoAhvHxFs8UgGwexBxAFwH+FsXt/GwNDBfAJyf4F86IeEw1wrPAx7SpFsUPSEw5p4QAtvOUFcc24Fw8XMiAxChMFMUyBIwPaTkAp7U6E8Yr2Iw8JJ7/YD1JFssTBFwC6ci/UpfYFcUQ8Cwgna2/4D8rFcz1YCwYTGNATtt3FcGZ77vO6XJAnkR3Fcl8WoPte7m/GZ/IGMCvKyvLaEw+IbOrFMx4NqP69Hy/I6WGGM5X6CwkVEHAJ/2+Fcy6PpvwYwGAtZbQGcIcG4vbWIxAx/gYFMBn2IwK+fwA9XsGGMbp0FwzW33Adak4FMe+QIwcrZB9o1jVFMsHwBw S_001
L5yrT/oz57FMVcoCQwnLB/cHtkFMhLECQBLTq+07xDGMiXcHQHiIGAppJ/Fsq/KCQXdWPA99IKGcjBSCQpQOjApojJGc+4hAQRDtjAtOmFGcOKS0PpaNqA9g3BGcuWsDQUONuAxsqGG8wpPIQlQ5sARc09F8W6zxPbeGzAFaq+FsJ+b/PaZ+6A9pbHGsKr6+P/Ce3AxLF4Eszl48vm3h9AZ57JFs8Cy6vth4DBlsJJFc3499vqD15AlDPbFMqK5zvbYZvAFcRZF8o9StvKmpoANGLIFseDGyv2eusAh+s1EsglO6vAf/nANl5kEcYAf8vEG+cAtzeMFc9IChvXxdeAxfwfFc9iVrPJDRpAl7boFc1HHmPrzVGAp0gPGcJcQ/PN1ROAxsfNGcPxVGQ+yOmAVZvRGsdhGBQ5z7lAZlb1FMlQHFQ70ayAJNhBG880YjvW3i3AZyEwFsC8wAQ5rSABZyXFGML6l5PnWD7AFk3rE8kLTAwP4SGBRVqVFc0rr8vzXSFBdrF8EM/zzAwkgARARsLoFcNBT1P S_001
LD29wAFNu+FM7ywKQZaJoAVHzuFsaGyKQogkyA5sbGGM+WHNQYo37AFJUyF8J4MKQBV7CB1vv9FcMJBKQYXLHB98FvF8Lk5IQl9pFBhmioFM50bEQu69HB9zMaFMACaKQdJeLBtxwcFMEZpMQmWOHBV11SFcRgkDQTEWKBdquLFM+pQIQYz3PBFZQPF813tHQJzAAB51RPEMAt7zPuCNFBdfLWEskFE2PPY+IBNZbJEcJEXrPRqlGBNdNoE8Um07P2FTCBZwBzE8fXi/Pr775AtUitEs1q5+P/8E3A1oIaEMsZw5Pk2CuA9hfSEMpNY4PyjlzAN1+8E8Sf3BQFeY6AlNTLFsDFlDQbbaCBZPQGFsu+bCQUhdCB1r7FGcamuIQF8HEBxryBGcgUAMQED4KBFYj4Fc2rBJQZPREB9ZzTFsbvSLQJI4JB5GhQFcDEHAQ/JCKBBWq6EcdGxIQD+NRB1oZFFMbY3EQ7qz+AdmZBE8RqvoPZL1MBRElNEMaIXtPnz7HBh+l3Ds9zdcvsw+3A926ZFscOuFQ S_001
L+e2KBZ7jNFMA4LPQik+EBdE+MF8P/nPQILaOB5StVF88tqQQu3wMB9UE2EMs3ZOQWIUSBpAkxEcE83NQtw0SBNUZbE8GtsMQWaAQBJ4paEM6KKKQIxUQBN8hJEch1VOQSr2TBl9HCEsboMQQkcjNBRzJGEsf31JQZkQPBJW8wD8vpOMQ+L4TBlAIZDMoCkLQCq93Al/EMDchYuEQJLABBlPT9Cs3v0EQM6ZFBhfmPDM9bwGQQVREBhAR2D84KaIQCfn+AFf5EEskWgIQl881ARZEzDcXI1GQet7rARA7AEMrHvGQQJV/AZ11YEcxxtJQHyvEB1AraEcPLUKQGSxHBNwRJEMSJlJQ0S9TBtVf9EcWzeMQLspUBxRtyEMV6uPQ5oKXB9VuYEM/zkMQJStMBVjbOEMnybPQmazOBZFF7DMc1BIQNrVMBVN4YDsuC5MQSN9SB9yUDD8SBLKQ7okBBdObdCcywDDQJ1FmAF4HwDslDIFQ/lQqAx3SPEMYrIIQtEcGBFa1oEcbEULQ S_001
