SEQUENCE: acgaguguacgagugu
SCORE:     score     fa_atr     fa_rep    fa_intra_rep    fa_intra_RNA_base_phos_atr    fa_intra_RNA_base_phos_rep    lk_nonpolar    lk_nonpolar_intra_RNA    fa_elec_rna_phos_phos    ch_bond    rna_torsion    rna_sugar_close    fa_stack    geom_sol_fast    geom_sol_fast_intra_RNA    hbond_sr_bb_sc    hbond_lr_bb_sc    hbond_sc    hbond_intra    atom_pair_constraint    angle_constraint    rna_bulge    linear_chainbreak    NAT_rmsd description
REMARK BINARY_SILENTFILE RNA 
SCORE:   -87.712    -33.194      3.502           0.340                         0.000                         0.000          0.194                    1.638                    1.374    -13.469          6.290              4.178     -27.291           40.652                      4.753             0.000             0.000     -61.988         -5.728                   0.008               0.000       -9.000                0.028       3.030    S_000001
FOLD_TREE  EDGE 1 6 -1  JEDGE 1 16 1  C2   C4   END  EDGE 16 9 -1  JEDGE 9 8 2  C2   C4   END  EDGE 8 7 -1  S_000001
RT -0.999481 -0.0125795 -0.029649 0.0120793 -0.999783 0.0169901 -0.0298563 0.0166232 0.999416 -4.26806 -2.47374 -0.11731   S_000001
RT 0.625292 0.780367 0.00606386 0.779752 -0.625076 0.0356028 0.0315736 -0.0175338 -0.999348 4.61916 1.72023 0.126759   S_000001
ANNOTATED_SEQUENCE: a[RAD_p:Virtual_Phosphate]cgagu[URA_p:rna_cutpoint_lower_p:Virtual_RNA_Residue]g[RGU_p:rna_cutpoint_upper_p:Virtual_RNA_Residue_Upper]ua[RAD_p:Virtual_Phosphate]cgagu[URA_p:Virtual_RNA_Residue]g[RGU_p:Virtual_RNA_Residue_Upper]u S_000001
Lc8NH+sffB57XQe2vqIJt+m8wJ/bmBB4vzdkM+6DL08zQLKAwJTk3/EjrW5LP+0yvJcRHAx51E+jdZdyvVq4eAFNUI9T9/OtvvBvgAVZqZ4jYNO2P+/0kAxAFE5LK2C7vVa2nAJxEk7Tl6XCwHwbpAJeGC97kka1PN1UuAFyFw8Lkx6wvbri2A15TT6zUjQwvcWVzANS4uC8j94BQ0tP5AdUfMC8YSsAQDUJ2ABEaMB8jc59PpecrARffJBckZ48P9ITkAF7bFCs4kC/PbfmoAB5WsCM7vVBQQVsiA9toOD8zFiCQ0qvTAJKpwBsZrE9PHK2VAlQXhAcGh05PfLWlAdAdFAcy5g5PCK5AAB8LY/ThFygPnUGFANJ0I/T0r28v+6JjAlIIj/jJIPwvIQMfA5j1B+rsmp9vpE5vANpIK8rWna8PElByAFclL/rPMs3v9Ll9Ax+zj4bqJQrvWS9ABNSeQCM5pNBQGoOmApQepDsD6zDQxoeVApFfNDctAKCQ9ELIANmmx/ry6F3P S_000001
Lv3QoA5GaW77hOwHw4kocAd2Bb+7qgIIwU/5qAN8Ms7jaeKKw9hGyAZppy+790jGw6+t8Ah0kX9LVjOGwlRaCBNT35/LznYFwvtQBB9MZnA8e0UAwFNSCBdkhFB8FgvIwRfFFBhvivAspiHLwMOtCBNG3+BMHYwAwnc2EBN/hHCcrUYGw6qeKBdJnCCs3bKGwZ3+7A5gjZCs5vz+vc9a9AhvFEDMsMu7v67SDBlYNTD8MXp7vMPy0Ap+ubD8FX54vlXDrA5WOKD80xF5vEAxiApXviDc24g0vJpXpAR45eCMVYN8vDy9xAVA8HC8rs++vVBM9AtT063bYT6Cwxwn+AF9tU6rjO9IwTaTGBNvd4+rFFmFw4Oe8AZWgVBc3ecJwAE4FBl64ICciD57vJLJEBty1mCcvIIIw+lMMBdpOfCcO+pFwk3sWAdRsWD8pjn0vsM+jABIkAEsZSJwvJoShAN/7QCcGEW8vk89wAxMuMBsOhtAw S_000001
LMG2DBl3LiBspU2NwnG37A9Z7cBs1qEOwnmPHBJte9Aci2/PwurbFB9EGiCsuWeNwun8KBN1juCMbdKNwJtrLBlOqbDcYyLOwJwHJBJ0U5DsoYWMw5YHJB1WFlD86EcQw30VMB5fkAEcdzORwGCjFBlsXKEsr3qNwFB1DB10l5D8WDCQw/zqBBlPHKEM+fCRwQvLpAxlagDcSSLJwFSCwAdNNLDcIi3Kw3eatAlrsiCcEodLwFfx4AJBbcDsui5Lw5NK6AxNpCEM2/FLwvO0zAJPqOEc+XaJwAaeqAJGOFEcSPUIw9X0jA1gSNEs0gkFwwyB4ApcCjEcELFJwBRWABJXBjE8qgiKwEmOBB1k4PEMjF0Lw2hHMBx9nsCcTEDLwGejNBB3bYC8xYROwNpCQBNmPfDsMpXOwbZnIBx4mIDsXuERw81AHBdsqZEM0MeOw8lrABRT4hD89eqPwDhl9AZGUTEMVcpQwOZyiANxbQDcPygIwQmEyAN5jRCsU/rMwrM0mAFPpVCs4zrKwdgBDBJn7wEcveuKw S_000001
Ly61NBlTL0DcDevSwTy7OBh9jFDMFSpSw0KHSBZavIEM2+NTwo1tIBFPp6DMPnqTwQIKJBNh15DcrhGVw0XEEBFK9nDM8XsVwaVo/AtrpDEcmLjVwm95BBNv//CMG9AVwQTx+ANMxjCsKu8VwbB92AVQG3D83j0UwwT57A5TmSDsqwAUwoS2zApQL1CcUuoTwx99IAVIXfE8d3JTwlcgMAx61NEcQ+4TwGY+eA9rPFEMV0RUwuLxnAxT2QE8/m0Tw3yOnA9iOjEM+cDTws89ZAByqqEsTftSwZYdWA1fJ8Eslb+Rw1gaxAxL2qEcbTxSwf+x3AZPJdE8JLXTw80eyABu/ME8kLBUwOj4JBJ0JNEcZDfVwIOmMBt9GmDMZ2ZVw8yJFBRmEgDsEwuWwyNBFB1JHsCsvDjUwMbLwAJKepD8rOYVw8rt/A948bDMyNETwNi72ABbpXCswvmTwLqJ8/o2TFEc5IOUw8zdHA9NpAF8a3wRwoPZhABUwEFszvoRwB7RABd5ceE8gjVTw S_000001
LWKyCB9A17B8INoWwMgm9ANFcQBsezfXwYIfFBV9vKBcWQjVwrsQHBBsVSCslJkXwRpzFBxuJqCc9zXYw6zrKB5GJwC8yrzYw8qDPBFVWAD87sZYw8DGKBVR0QDsdbXZwiRqHB5um+Cssp8ZwzTJSBp+ydDsE+xYwUA4PB1lHeD8gZfZwT4sSBRykAD8dI5ZwJLPGBBkyoE8wPoXw5a4EBlyhVEMhVGYwrIR/A1KQREcvyIYwuoZIBhrjHE8REVYwCueNBdxdOEMDGQYwxdQPBFzWhEs7p8XwhLcLBN9LwEsSLdXwGmOMB5T1BFsbd7WwgXzUBZOZiEsNT+XwB8QWBhKcQEcKDRYw0eBSBFKoDE8OHcYwq8qCB5FGZC8HnpYwkOJEB1OcJDMGtOYwIyWLB5QaQCse4BZwGqdHBRS1rDMxPPZw6YZWBxrKVD8dn0YwqdMQBBfs8DMGmwZwuptVBVajPD8g9HawrlQDBpxMyEMeIUXw/ux8AR6fDE8/xVYwYN85ApoybEMOV7XwPDeaB1uBMEcBrWYw S_000001
LVXeEB1F1cDMBmdawORKBBN5E4DcnEBawRG1BB5FKBDMs69awtPpIBdn76Dcpr1awwz4GBFLlQE8zOLbw/XoLBxJYbE80+fbw+c2JBx3zuE8pJ1bw7BYOBZCmOEcXEDcwzN5TBNYOUE8cRHcwPfCKBVJZsEc3HicwMFILBd8rUE84fqcw8l1XBl0nREsIBfbw8d5YBBwloEcDmKbwV7BOBRrUSE8hBRdwdX+EBppd0EMTB0cw9gHFBN/PEFsOlTdw7zRJBVyaLFct7hdwdkMABdjJLFcRWhdwaHh2AJbJEF8KZTdwitVuAJW9LFMr5idwdP62AVZ+zEseCzcwwEMAB587sEsf+kcwvq3DBJulMEs6hjbwnX+EB96hbEMSS0aw8zdOB1M0dEcNgFbw8CdOB5hh6DMIA9bwFYONBJ2b1Es8SycwGJkHBZFmKEsfvucwCGuLBhBjWE82wpdwAzLABFcdWFMeB4dw9tcvAJNWtE8U0lcwztQABNIggEMpDMcw S_000001
L+w0XBVGkREM8Qfbwld4cBtyBKEc/HzbwGSHVBRQCEE8Xx+awH05YBdyloE8apKbwcAAcBJy/pEMD5jaw8pYaB52w9EM7yKawxqAXBtSP3EMuHnZwQI+WBVREOFMg8iawnvJaBF9/bFcDT8aw2TATB9x0GFM36fZwmCDUBN6YZF8pg+ZwxU6TBZsNUEMkJHcwE0fXB1n4nFcjNpZwqOD+AtSUOF8p4IZwkAFDBpnecF837/YwJkmBBlJDvFc99tYwUwLIBhcsYFMG7HZwPP8IBhbSFF8a4ZZwAZLFBVMA2E8RIkZwWHb/Ad4R6E8fdbZwfpj3AVxuuEcoMiZwM7lHBFqKkE8nO2ZwQlrMBNw2oEMmp2Zw6pxNBlJs8E8K7lZwdSYbBNUnbEMvPQawMSJgBtvtqE8Djraw9hNeBZPNFFMK2BawfHMUBFZzGFMLC6awvr/SBpzgNFcfX/YwCKpQBtEAjFsYuJawYbfVBdZR1FMuEiZw40l2AJ7wSF8wdBZwMdXEB1CB6FcfpmYw/jf7AFn7xF8m7nYwisxPB1zAeEsoNDaw S_000001
LCgCYBRW2iF8UoqbwVCWVBh/cQFsAL/bwrKdcB9NvsFMFODcwiQtTBRos0Fc3nebwkigVBJkaEGsFaNbwEKwQBhtkLGMADEbwUUaNBdcbGGMH3jaw0j7MBBzgNGcDepbw9q0OBFztVGsIFFcwPJ+HBl07IG8W1rawFIvHBFpYQGMsdSbwhT7HBxjAbGsXtCbwUBFFBJ2k9F8TJyaweND/AdeP9FMq4taw+nz5AtvmGGM9EmawwTb6AtwfpFsnIzawosk/AhEeWF8mD8awXZS6AVc7FFcb1/aw5PeFB1pJYFM84/awZl1HBl+KrFMK86aw4+zXBFzEDGck6vawByMYBJBZIGsEQkbwa0jSBNBOTG8PS6awRhdMBNIjGGMZp+bw578FBF3ENG8xURawwpOEBNNDQGM3nnbw7DNEB102dG8iz/awFRdyAlhzoFMeSwawN54HBt81JFcZ+GbwvwNMB5uJsFMA/9aw S_000001
LMZEdAH8b5EsLEIawvHKOAfdGnEcMDFaw+P1nA7I84EsovqZw8XIQAPtSPF8sjBaw+LmbAH3QjF8aMDawYKJMArmy1FceD+Zwcno7/23O2FcH0iawJDJ6/efh0FM/mXZwNjFHAXHv7Fs8cxYwLEMF/OZa9FMDmVawQc0J/OnTBGsN/lZwrZOf/++SMGMyZiZwWgDjAZCfrFc1hrawo49bAJrq9FMmphawexJHAhamAG8R7bawy+83/Q6CvFchlhaw3yHEA5UHbFMyzrawvYZaAZthZFcR/wawt0PiApUXHFs016awcLmn/A6IMF8LDvaw772G+ImIXFMH1mawMRjx+cDZsF8oZeawypEiA3ptkFM7yhawYT3jAfizjFcospZwd0jWArv7BGMcj6Zw2/xv/OyJkFcP7PZwH/zY+Cd9FGMw1lawzTMf+MGMAGsMTSZwVnGH+yfnQGMMEfZwRYKjA1s3FGMDldawIvNqAh+OHFM6E+awDsKcAJn45EcHA/awn0uW/OBCQFcVtmaw S_000001
LSRG//SE+xFsYnEYwq6Q8/qeaaFs+7HYwpLUNAXjX6F82yDXw7mAA/+e27F8SSAYwzOZt+6SSJGsrc0Xw7ikj/wWHMG8xtqXwz5/5/o4NJGc/icYwCiz7/YYGGG8QokWwLP00/AEsKG8goSVw+zQSAxEOGG8LDSYw+ZCVAlq+GGMDUDXwQKfdABpQRGstWxWwWr4VAVUg2FsirhYwdNalAhMQvFcxXnYwUt7sAh4Q7Fct0dYwIDFnAhXUbF82B3Ywq3gdAVL5OF8t2AZwluxgA9fW7EMPKQZwhEAIAhH6VF8BY7YwhT8EAJMnpFc30rYwi0CS/ycnNGsonVYwzjOa/i12LGcLP7WwvBZj/oFtUGsRhbXwGJmx/Yid7Fc3+cWwHuoeAZ2ULG83egYwq+ufA1gRBG8+OjWwtotmANH0QGM56sWwd/dVAptlxEMH2XZw7FVoARie2E8W+TZw1C30/EedLFMcjDZwk+Dp/0gkvFM5LnYw S_000001
LOV38/UvoDG8VD+TwLA1l/AnBzF8X1QUwJiUw/AHHKGMxaySw4ATXAFY/AGszw2TwKYUjAB3WJGc3nmTwpE3sARnvEGc1O4SwL49yA55Q8F8XEzTwOOPqAlaq6Fso+tRwnzexAZvf9FsC/nQwf350AJU8nFMq7RTwoESrAFlokFM9+WSwbSktA9OWUFcU7aRwDY4fA5DK/E8unyWwE84YApduNFMc/2VwmW0DA1exRFsBt2VwgiyiAZZiXFMS0/UwxlGtAloiRFMSBJVwkpaxA1DMDFctaCWw6dhqA5Oz4EsyV9Ww3I1sARKirEsON1Xw9lZ8A9nfBFM4N3VwnHh+AtbnOFMaa4Uwyim1Atj2YFsEdZUwaM3lAxBBNGM+QjUwz7QfA1juPGMaCATwz4GxAp2yLG8qdfSwLWUiAJkj9FckfRRwR/G8AJ5MlF8rErSwm+3jAh2YfF8Qj2SwiBawAFbeHF8qd5Rw1p7UAxzo4Ec5QZXw/Ad7/8TNcFs+tMVwHBb0/4CYKFcqXgWwzAUDBNfNRF8a7eUw S_000001
LYL5sA1PVAG8JVROwzC6iAZCiGG8gEtOwEYi1AFw5EGcUXlMwh6spAhi5pFsGNFNwiPQnABiWnFM6KSKwg7+ZApF0aFMRX/JwXzReApcUEFM4SfKwGjZIA5BigFsF29Lwb/Hn/UqhdFMP51Kw9sTTAto48EMsmwMwvi0MAx+JRF8gFROwH8/0/E7BNFsx61PwfCRaA1ShoDs/OvQwe2vJA98Q8DMSwJQwa4+IAdSPREcGgIPwz2NcARH0aEMq4OPwnhWnANNtSEMnwLQwDYsmAxip8DMaXxQwlO8uA9Y/oD8xyWRwZ1vvAhPFhEs59CQwHVerAFFTxEczi0OwZb0gAFUluEsEFPOwzZ1tAB5/eFst4QJw1EcmAFYH3F8r3UJwJWeUAFMmeFsqO6HwYOgIA5QcxFMw5kMwdblEAxyqzE87NaMwjHuYAhXZXFMJ3rPw0VCj/oFQaFse48PwtgP1/ASWqDsjDKQwkJ+tAJb6LD8VhwRwnbF2AJiR3DceIZRwj5/vAhFw/EcWUROw S_000001
LZkqz+0OxxF88duJwyALb/eYkoFcI0DJw0o2/+AApBGc0WuLwAJji/0uv5FMbcCGwpnTc/EzjtF8cQLBwrNVm/Ms77FsN624vod2IA17GCGcrGe5vgCFk/YRExFMw3CoPV84M/Mmh/F8sJN6P+vlVABTc8FsebJgvNKCJAtWnpFczhguP0fZOAFZ2mFM8ph+PCrIwAN0DFFc85xCwBSblAlMcFFcgxiBwYYUfAJXp0EsteODw1XvgAJSEVF8ilt9v3UunA5wlkF80a86vqUiyAJHwlF82qB9vFZd3A9a5UF8oBaBw4ueABJMATF8QOuCwJG32AtUZ4F8pT04vdnvuAVYBBG8fCswvbKVlAtd52Fc0Nryvm1+h9SRpmFcuI7AwLu40/Q5HgFsuBLBw7Htz+g3BEGs5IW5vxtZy+889jF8lBmpPHpoYA5HzDGMGROzPXyMMABK+ZFcZmaAvM5KbARlRdF81yH/P6z3yAh8c4E8+r0EwmvoPAFg9zEsmdcCwwEMjARH1oEc3hQFwJoYvAtLxIG8e9BNv S_000001
LWuLr/obaLGM8w76PoH2o+wjrRGMjUYAQErM4/MHvOGsMvvXO5SeKARC4KGckLHBQIEjPAlVWBGs35FEQVtHQAxI9DG8Gt/IQpZh9/8JRLGM+ynJQRaEiAFGtJGMnC9JQZFdqApFYCGMF2mKQnGpFAdEFTG8ggeLQpv+bAFruPGMcmZMQU7WaAF+KJG8McsOQRkmEAdtndGc4lKKQSlJLApurmGMpzkLQyvOSAtPRmGca71NQuvAJA53JwG8sgNKQy4PBA1GixG8YJTHQAyRAAJxm6G8szYFQL+v1/8d3nG8KurEQkah5/IQheGcEQPHQk6jDANHO2Fc2mTDQS8HfAdZT8F8oczCQ04KPARlN4F877+JQodqlApt9OGsI7bIQ7CW3/c7vTGcx+RNQR3UjAJeSWGsiOANQaT7UAJhgNGcBdHQQ9UnNApDy2GsfQLLQrh7o/UGIoGcnUlAQvxhv/oyKXGsOgKFQ S_000001
LBy80AhblGG8h7IMQGpZ0AtECBGct1vOQ0480ARKbSGclqDMQOMW/AdFZCGcN8lKQFedABBgdFGs1TsHQKDaEBJg37FcMGCFQN7TCBdzs1F8nto/PyHWFBpZjmF8Lf4HQp7GJBJYjoF8ndDKQ9z3DB96agFcDqV9PlwQHB1IRYF8b7TDQ/arMB1QqcFsPJCCQcHx4ABicaEsR6davn0lBBVochE8N77NvLcSFBRzEUE8BWUwv+PDDBN6K0EMf3CvPx9p9Alaj/EsJlr2P1g+yApAB6E8mJl2Pk78vAlB5lEc+yDsPBy4mAlCFeE8jKBpPa3ysAxLLKFcInu7PnlszARY9YFc5DW+PgWD+AZOjTF8dt57PYGR5A53RFGcnHiFQl59BBdEuNGM4ZeHQb7KIBx3eCG8MZ8EQ8DwBBV6GgFsUA7IQQeSGB9SmeFMJtF0PRSHHBl3KHFcsuUEQ6DmOBRe8OFMvZRBQ4gb3ANFBME8FmWvv0oJJBZJRYEcvFMwvPLMEB926FE85vV2vizbxA5uNoFsVJEBQ S_000001
LUVHIBxUpbFceXxMQ9vTCBd0naFMEaVNQ45fLBF2rkFM9/6OQE6PKBhjVEFcq5+LQkh2PBdDiBFsAkaLQou7QBtCiqEcDEnKQaeNOBRAMmEsW5FIQNwxOBN2ZZEsylgMQxoRSB954VE8cJtOQb6bMBRVnQEsGBEIQM1POBVSFGEcLOqKQQCUTBZJY5DcAaKKQIHkGBF6lQEc9SnHQNK/DBhvM8DcTS2FQ4wXGBVzMbDsVU0EQAWE9Aths/DcbJXFQT642ABXpRE8cMbGQWEItA1lvQE8b8xFQXPx8Ahc8jEsfwGIQiusDBBAuiEsSPXIQE0FRBFBYMF8kIzJQfPQSB1iqFF8G2LNQxsUVBNrcpEcpbiKQR58KB5IudEsP/cNQHFCOBBD3GE8tV1EQjQxLBhAnyDc3bhLQ4c1SBFegaDs9xrJQbxK5Ax/klDc4zGEQP7j4AZo7yEsxOlIQfR5FBNV9wEcSSDJQ S_000001
