SEQUENCE: gggggggaaaccccccuuugggggggaaaccccccX
SCORE:     score     fa_atr     fa_rep    fa_intra_rep    lk_nonpolar    fa_elec_rna_phos_phos    rna_torsion    suiteness_bonus    rna_sugar_close    fa_stack    stack_elec    geom_sol_fast    hbond_sr_bb_sc    hbond_lr_bb_sc    hbond_sc        ref    free_suite    free_2HOprime    intermol    other_pose    loop_close    linear_chainbreak    elec_dens_fast       N_WC      N_NWC       N_BS description
REMARK BINARY SILENTFILE    FULL_MODEL_PARAMETERS  FULL_SEQUENCE gggggggaaaccccccuuugggggggaaaccccccX  CONVENTIONAL_RES_CHAIN A:0-34,z:1  CUTPOINT_OPEN 35  DOCK_DOMAIN 1:1-35 2:36  INPUT_DOMAIN 1:20-35 2:1-16  WORKING 1-36
SCORE:  -1035.410    -93.565     15.843           0.796          5.193                    2.811         11.931              0.000              7.286     -78.271        -0.259           34.499            -1.241            -1.550     -52.731    124.560         0.000            0.000       2.300         0.000         0.000                0.000         -1013.012         12          2         40    S_000001
RES_NUM A:0-34 z:1 S_000001
FOLD_TREE  JEDGE 36 20 1  Y    C4   END  EDGE 20 1 -1  EDGE 20 35 -1  S_000001
RT -0.792788 0.562439 0.234838 0.575721 0.817519 -0.0143932 -0.20008 0.123791 -0.971928 -3.81894 5.11264 -1.18932   S_000001
ANNOTATED_SEQUENCE: g[RGU:LowerRNA:Virtual_Phosphate]ggggggaaaccccccuuugggggggaaacccccc[RCY:UpperRNA]X S_000001
LstwJBJuigDEZ9XAQc3RNBRC8TDUMma3PtVBJBBQyCD09i8EQ6HBEBFp+rDkWHB8PBOVDBJriHEU2S4xP/lo7AtNqHEka7o4Os3G6Adf8oD0LWp0v2OUyA9RcHEErst3PQMAwAlQ7bEkfhJ8P6ROvAp8xaDEXv+yvTmRpAhcU8DkRsMhP3o4kARFxNEkk8qzvTilPAB2jyAksiVpP7rjKAlwc9BkPQVrvmc0s/cDWCCUVl20v9vQYA5RYeCk1OzwvV63lABafVCkwFjRvk4MpABJWiBU19/xPnaxhA9j7eAUrEQ1P/AMjA9s5y+DItI7PCx3zA19CpBU/Y53Pq7x2ARWLaCEYz6wPVjruANx2vCkfm9Zv5LAGBJ1nGEEKHbcvIl3DBph5UE0VM64PHA+6AJjNUEE6sQxv+l8zAFZJ7Dkpou9PIQLsANPzZDU40t8vVPwjAd8FvDU4tSzPdPumA11CcE0xYusv8KREANikHAUHsVsPQ/zj/M/XcC0N4L6vyVrQ/8dHWBkDFmyvJnA+AB5ulCkQavyP S_000001
LePGqAhADeEEGhwDQmdgvAB3aPE0JNlHQwJJpAlgJ1EEZhDFQnNwcAh89UEkuCrCQpwfNAV8KhEEi1j/PQDLx/oiVVEUpfa+PBNU4/obDBEEAcD5Piq0V/kdMPEkRKZEQIuJA+0uZgEkK8uGQA5/W/0YRiDUavU9PUlQN9iLO5D0OdrCQnFom/m89DEUle+/PK/vE/ofXUA0nD4FQKub0+2G4GBU73sDQjdR0/eXIkAUYBZDQslCW++34KCUEh8BQIOWi/YzUXCUyfjCQFPFCARZpACEJ8qEQ3F58/kqwsAUmbiGQC7XLA9gd0/zPgRIQxmrUAtj3YCEiRlEQEp1OApEM9CUzzcCQ98Bz/QwZ+CEk/HBQXNNTANbTkEE9Pb4PgY8KA1hruEU4wqBQpPJb/ss/dEU3OF6P0zTw/E6+JEU038GQ5/no+IHiXDU8vu2P39bi+KuqmD0yctFQ2Kar/m9BTEUSl5AQU8ap+U+j1+j4aDHQBkBGAHCMFBka+3BQumQ5/GcdT/TJqrEQFxrYAZdHVDUi22BQ S_000001
LbLCC+i43gEk7eiKQIrSk/cc9aEUKd5LQrJBT/a4c1EEqSNLQc52l/CgFOEk1fBLQ0GOIA7ntPEEDqDKQljoUAf+w2D0YtiKQlVZKAjPZTD0pfKJQAMAWAju3nDkaxbNQwlziAXjV+DUL47OQII9MAXYtsCUd+tKQuPsaA3aV4C0gHJNQOSRoA/TCxC0upgMQmj3r+epBq+TBtVOQ2v11/qvj/+TD/0NQ/vlHAvV4j7T0GWOQxDWDAbVOnA0SD4MQ6Uzo/21QkBEwOeMQ7LFr94r/fBEjh6MQcIuI/w89SA0H47NQ+HK6/I1rCAEbldOQQrpM/8FWWC0VaPMQefEk+OZouCUJkaLQMeIw/y/oaCEKLgLQTc4HAL5oSEUodIIQ+oaPAHSlbEUlD+KQohlhAnbS6DkAk1JQHW/HAzghrDU9YSOQHYpUA/FCYCUzimJQjgRWALOToC0UHvOQrhcsA7pSKDUm2ANQgzBW9mZCs7TwqCPQi4BXATD5B8joMBOQMNeBA7dNF7rhCDPQrKtH+yeGMD0w3yKQ S_000001
L7+nhArnQBEU7AERQxqpMAf0zGEUBdXRQcyXqAv+QPE04qjRQ40yjAbJSTD0xQmRQ9eGuAvWeAD0bxfRQh8BuATQcSC0Bx8RQwnymAH4ezBEtiHRQ4eEqAfscKCkAaXTQ3m6xAznNTCUnjWUQWyyhA7aexA0en6RQJWqmAfNa3Ak4PUTQXBpvALh6//jt7YTQVsTb+4xMO8zIA/SQZWYh/a0ev1D6rGTQPn2k/in2Y+LGgkTQxkICAH2F98jAoySQEcC7/OxF9/D00VSQGo/G/e7bkAknrLSQ6CVD/QJDq/zuchSQVwj3/E+XLAEWAdSQNmXP/W0C3BE5LsRQLzdAAjD2ACkS3jRQ/1HMA/UK7AUr97RQIZewAPcxBDkqDkQQ9jHzAbutQDEWXDSQv9Q1AjrtGCE+C3RQUTwjA3gUcCENKiTQ1yqjAX8b0/DJAhRQN2WhAHSPqA09jAUQ5Nt1AXEWfA0vQxTQ7aVe/0H9tzL2kPTQoVmAAzzIN/rsSrTQv1qs+6dJa/LfezTQJx8GALTVbCE4iORQ S_000001
L6QWuAXPIgCkw91VQWHklAj+6/CEgcvVQuQJ4Aj23qCE8UnWQG7fpAPDEqBk8WcWQNRKwAvyiiAEqmtWQBFupAnUFs+jAKKXQfSTiAfwN19zpHHWQvKpiA7CxG/zWHMYQZFYoAHlY++DAMzYQKtJRA3VYn7TqUtWQNylUAvvrp7TlHHYQRA1cA3OaO9LDyTYQlGIAApkRw8D4JfWQYCam/chJg67G69WQIZR6/Qs2y+rmLdXQhJT+9uU7D6LGJ+WQO7JF/2UDm9zBkcWQ8V7D+8v16/z/I8VQED1x/4Xix/j0X8VQO/8FAxvWuAEcZiVQdhTN/Ghn9A0QnfVQTy/8/CqQgAkS9uVQjY28/2U3g+jh3TWQ1GI0AjPmTAUrn5VQDSQ1AvI1xAkhxaXQaCnuArULZ8zmTVXQpePeA7QTbA0y5JYQvZSPA3jzw7rzdZWQVAWHALCTt8T4aWYQ2zpkAr05q87jMmYQnhpPA9woM8Dk4hWQMNbp/U8LJAsCA0XQIKyMARDD5+LuNdXQ7amLA752/AkqdhVQ S_000001
L3y+jATZcQAkNycZQOSjgAXTenBEOaPZQm+AsA3IuGAEHe/ZQRFKTAzjw3+TPEqZQILyUAnotb3jHv5ZQl2F+/epoE87S9/ZQDden/yQ5P87LaXZQslbf/CTIl5TfqdaQ/Mbo/yykKwL+jJbQ7ZwO+kyEC7Lf7eZQS3vv+M8mQ6b/ZPaQWcoI/8RRK/rT3faQgUgiAFLLIAEBnrYQC6xhARZMw9T+cBZQlPDrAF18p6zw6KZQvbQRA1MrD7j/GNZQ58OAAJ8kP+jhFBZQtj4//8ebUAU6OrYQ08rTAJ385AUD5eYQoLxWAJYl9BkEWLYQe8aM/YUawAEH/kYQLD1L9Gbwq/Dk32YQsccM/cSUQ9jbfIZQzZ+cADzuc773RlZQakXcADlKx3j5LVaQfm6AAfZh3+LLhKaQbSoh/OmzX+D42XaQ5FAJ/0QoW+LbLUZQnKui/UCPz6zpzWaQZqBU98BFf/b1f4aQdTrpAVXGdAURbkYQRZBrAJPLF8LlfaZQdp2xANDt88DnaCZQmhsg/iSDv/zaj3YQ S_000001
LIchk/uBkY+TFjrbQLzu5/GK0YAUt+YbQM9dy/61Zu8zP7VcQy1P2+U969+Ti9tbQXi0p/YSWQ8jO8BcQ5YAMA1gUp9zrR5bQJ+wPAdQ0A+j7eLbQrChTARE0QAE11JcQILRXAJ6LRAkkj2cQvmEgAN114/D/TDbQfbpjAF1/gAk7mubQR/isAhEni/Tmw9bQEP/oAJR0zC0SZYZQ8ztvA5iAZCkrguZQiZO6AdKCeC0cTnZQdTasAR5w2BU6rJaQohphAxLV1BU6HNaQw8bUA5J+TCUng4ZQWbwbAd+pzCkHcbZQB/FRAhlNNDkMEGZQ6Ip//8yGJC0f2EaQklcCAN7/TB0YOgaQekkXAdJQ/A0+smaQgFAk/0NVs6b7D3bQNC1k/s17T8zj6gcQlaIVAFsRP5Th9EcQZhqIANzF8A0PSDcQtBJmAREDA/T6b1aQSzRlAt3LeBEUnsbQWMUrAF7cD/TSvbcQ0SPsA16sID0t9EZQp1Z/AJF0LC0DN2ZQw2u8Axg6zCEFPTZQAaIt/w0A3AEKpuaQ S_000001
LP/NPAp2OgBkiTTdQC8av/wdRoBUQwNdQi0SYA5H9VBEA5+dQUXMaAZXxYC0ot9cQSnhQARSzBD03QAdQFvhgA1A3kDEPjCdQKLznANOyaDkrIldQW5DoAhbUoDE2eccQoi2jAdQwAE0Av6bQBVNyANwypDkDJbdQSI1xA5aY+DE0avcQJaGwAxzhVE0/A0cQAY3MBdjU7CUqIVdQDdgKBxvshD0TjSdQGQVFB5JirDEpXUdQBtWCBRbEID0YgZdQUWMEBBFeeCEOscdQ2cwJBtGXYC07UadQcCHMBVTMkBUS2cdQs+6/ARrMCCkSzhdQBHd3A1R5aCESohdQ7ww5AFKkFDEfucdQz5gHA5EEDD056ZdQ41iHAdISGDkX+mcQy30ZAZ7CAEUqaIdQkJGqAp8fLDU2JTcQT4R0ABTQ/DkXewdQ8FT4AF8R4DklvecQbkTrAhrZaEE9NdcQxG8MBdSC6Dka0OdQ86AQBVdpfBEQAbdQ9J8JBRPjwAE/ngdQcVJwAhE6PCU9rkdQ S_000001
Lj8BkAZCzvDEMdKbQwzxiA9FlADkm/LbQLh5YA5j6EE0XwwaQrr1vAlTG6DUzP6aQkGVzAZYgSEEPx0aQhrX/AtDAUEEr2zaQUg+BBFRNMEEszbbQjoeCBJF+GEkjWRaQCbzCBtwzRE0KopZQnhuGBRI8AEEolTbQ/JDIBZXXEEUJckaQDCGLBp9aXE0HEgaQzEwPBtLskBkSz4bQzFvRBZoTZCU0gwbQbyJPBx9T9CE0BnbQum1JBBVv2CUUZmbQVQNHBx8nQCEaPubQWYZKBFfrZBEr63bQI6aIBxQCMAktLAcQZZtBBt28VCUExqbQcrJBBxjg+CUXEhbQ495FBxZQUDEV6dbQU+mwAF/NbEUweMbQwkdwAZwEYEEQzZaQfutABhWBjEkMOwaQNZwABlo2xDUDIPaQjyoJBBKqGEUyQlbQKU6JBpP8vDEmPYaQLkkJB17DgEkT7IaQmQpVBJ9lbCUlkxbQmJ2KBdEB5+TRvGcQ++iEB9lgCAEzu/bQwgU7AhoCMDk6dcbQ S_000001
L7SUCBdesEEE7k9YQGvM8A52YoDk5BDZQr35BB1WWUEkO/ZYQs76HBJKexDEPb5YQUsnMBF+GEE05xtYQpNmRBlmruDU2O3YQm2eRBFiffDEMJjZQ4vZSBJagGDUbgcYQJM5UBpKvODUjQpXQL9hTBRel1CEOllZQJb5VBV68qCUNx5YQLlUbBNZb4CUPl4YQ96jOBlIXQ+DtOoaQeYRTBxyMd/ThWhaQa3RUBBHm6AkFzPaQ/4sPBV0ohBkpWEaQaZkKBhDYCBUHXJaQDuCKBtdci/DSZcaQaIWFBp/1V+zePjaQlq1GBdSc8BE235ZQYSwJBJINeC0lFsZQO3JPBNAQYCkGaxZQV/vMBJikRE0319YQ+efMBlJVHEk7IPYQctuUBROlAEkubzYQQY8OBlGW4CEOZYYQguWWBFBQ0CEuT7ZQahiVBVrcMCEUBzYQWpFcB10jED0HVcYQRTbWBlEUc+jLgqaQZBPFB1BvR6DnqwaQEABCBxQ5O/TE7aaQHBOIBFJB4Ck6GfZQ S_000001
LR5fTBtM21CktZSWQOKJPB5bCPD0X9pVQivrYBlqzwC0RMlVQV9ORBd8SHC0JymWQ5yvUBxnnJBE5R5WQXiFSBtFxGAUjewXQAQvOB1u5vA0aIYYQUaUOB5z7S+zF2CXQGiBRBhSRa2DSOaWQXN9JBFqEAA0SseYQeYlKBZ8g08DNNFYQiqCNBlo0L67ipfYQB0OFBh1eyAEY3QYQP4KAB1K8YAEqMfYQFhk/AxJxy+zTz2YQ9Xm3A580FBUNCTYQQLp4A1Y7ECUAVzXQ6wyvA9xFaCkADdXQwHaBBJiuSCUtIVXQeJtFBJWk4BkoltXQBa5XBdh1fBklKXXQsi4VBhZFvAUqZDWQIe3UBVW/K/Ds0GYQeNQMBdVZS/z39XWQM8nJBJxFl/zoO9YQgJJHBBA9J7jP5zXQB5AQBdt+u8L88PYQ5eSwABZOzCUUx3WQ1AzoApAdQCUR7xXQ0+vBBJbyrCEi1vWQVbPJBBvSFCkaeZXQ S_000001
LwrkOBZi/X87TWFVQcwTMB53k67j8VPUQxsqSB1Q1A/rp9gUQyZvJBdJx9+b/wnVQXpsKBBDZoAMd4aWQHgjFBp3qOBcX47WQgxyCB1dHRA8/mxXQgRbBBFs+mBscl4VQfGdCBBLxbCMoNSVQwkT6ARqwWAcMAlXQbPa4AR/1jB81jqWQ4RG3AZJDXC8z6dXQ4pJ2A19EM+L+e/WQw6IrANAGZ9b1tDXQKxNlARbqX/LaTmXQLFJnAJjfW6TWBiWQ75qtAhzlW+DRN9VQJpYpAV0iSA0x1cVQ1/54ANou09je43VQfGx8AFAQ14LoeZWQw08MBZ2TYA8NnLXQZOlMBRHVTBcxZ4VQvNaGB1xuAC8GCeXQ07WBB5h26AMC/LVQaj22AtnwgAcKMOYQMnQyANwlaBcTuEWQJwt7A5v1tCsfqHXQm/9tABOS9AEuVBVQ/UphABTBcA0AkgVQeAp9A5nKO/DRpcVQB6OCB5xux6LpZWWQ S_000001
LmSqABdvskCMOHxTQglpBBhBh6B8Cr+SQNTHDBBTvNDs2cVTQuyt0ANAprCs8S3TQL0YwAJkDQDsgJhUQ+7WkA5DiNDcXvnUQk0ThAVxUoCM8sZVQXeqcAFJDIDMp1TTQ7foZAtMKvDcKenSQ1P0PA52IVCsIL3UQ9p4HAJODzCcmcwTQiLQz/AidRDMZnUUQuZqUAtzITBsPwWUQ3YkDAtT+aAshRIUQNLGi/Q9bzAMk3WUQYOjHAtgRW+7vxqTQrpmbA1kgJ9b2mbTQubweA5y8n7j4f+SQ5BqmAJX4T/bKmpTQ3glkAZDt4AM35GUQRRbzAlIASDMa3aVQedVyAddypDc82AUQkZvhAhKWnDcIlEVQYqRiA9LI0CM5DvSQXA9EAFlPTCsBSkVQyCLBANp/iCMOsBTQKGh7/cIJuD8ogBUQsCqmAJ2nE9DJvySQiWiSAVMFG+zh40SQ8u/tAZjOu+7mTeTQcrkqAVV6fBcT6QUQ S_000001
LgbSYA1OlvDcQyARQzkGkAReiQD8JZfQQ9TEZANFbOEcP9jQQGUABAxrcdDcFjsQQe+rZ/0mN1Ds1KCRQ4X7t+qBtbDck9yQQ20Bt+GRj1CMG9nRQX/xD/GduKDMqXxOQPaEj/e5tpD8CFANQIM9a/uEWSC8Rs6QQu4Gv/65akCsutNPQHRFNALtgxCcc5nPQ5i3y9Y/QhB84MsQQmGIr+KbDPAMi5VQQulsx/qZIBA8q2OQQrkrE/kTwg+7eUIQQvo97/IMEC/7gPQQQ0MyLABrDF8reRCQQgQmFAFV6zAcd0mQQQ5Gu/YIWxBs/G0QQJolc/MWP9DcLw+RQ7K3X/ManHEcNQfQQC2Kk/C3ZtDc+jCRQcJim+IIrADsqTEOQwTC1/uwdGCceqcRQsLws/WcnPCMcPwNQEB6OADriODMzn6OQRTMbA1pzt8rcjHQQYBfGAhwV96jjYlPQeS8UAx3f/AcbfsQQOq73/gYYVC8tpDRQ S_000001
HX4mO/m0WoD8E53JQlm0M/YAHcDMPhnJQHZmm/eCZIEcJqoIQXVnz/KFKCDM4luIQsqbQATbdFDseomIQYGpaAn+mbC8lHnHQYoYVALde1BM8zvJQH3ZTATUyICMLITCQi3AeAbhIbC8A3r7P/r3RAjkYlAstfcIQZm6XAbDkyAMBYBDQSvAnAvsPgAsZHXCQ6+m2/mZ1JAcZaxIQNxXs/6dNQ9LVKRIQ5GjEArr0C0r5lIHQPfZ39uqJK773bjIQ8ipV/Melg+L6mTJQHpYBAZYFM9bQ9jJQz68C/4V2nA8lW1JQ9/OO/i4lBB8bDjJQW12VADH7NDMJZXKQEzTUAjfbbDMLhlGQjrGlAPhZfCsDthHQBA8DATpCNC8YD6BQQOWbA3By0/rgfPJQDhAPAHDjPAsgVpAQr5XqAzbFPBMy2XAQOn3MAFBoz+L3PHKQ27hEAtPVV4TBiMJQet9n/4A3PBMu2YKQa+Zc/a4l9Bs9n5JQ S_000001
H72HSATnKeC8sI7RP6YM3/KMGrCMfM/oPOWufAT9C4CM4471vErESAnpPcB8dv2vvohuiAnqkyAMhNl1v2M6gAnaSr+LZri5v3qTZALkli8LPNPSv7AoRArT2H+7VfLBwxiTaAvcZb+brgYGwmCDKAbFBw6jlXiuv2VdKALTH46TNq3/vnq1ZA3jxn+TNOrBwv6Bp/6rh6yj5HqaP/I8m+eUGD+TZf7YPRlqF/qBHJA0wwbsvl9gb/kXAC9jWq3wPUwum/k+xm7bwwU4PzNEHApnOr8biSE8PCTNd+Ih8++LP2i4PlDse/eokb+7kJZxPIIunAjwN2Ac+PMcvwS3lA3QpPBsMZ/8vFqxnAXK5v9Lf0i7vq3bFAjSeV/L0zwAwGbmOA/K0b+DLroevgSe4/aeyL8Dy5aBw32HUAD/lNAEC3GBwNQ3KAlGBG/LSy++P0uuRAtE+I1TOb57PTrB6+QVJYA8MAb7P99L1/2tg1/bR1jxP S_000001
H8VJQADtBSA8W4OJwYKNOAz/FlBcP7nHwvWUcAjxaNA8S5xLwJVSx/CuOd/LPlxJwCbeq/WdDA7b6MhKwJt3A+EMQIwjxLUKwW1JY/sisG+bmuBJwu4MX/YlcV5j+v8MwSwlE/YE15+DcMLOwPyVDAt2OE+bHGAKwmLKFA1KJT1jJJIMwpXHNAVp2e+Doy7KwMXhJAFhmXAs1GCLw6DJfAhGqnAMFhVLwAfemA98um/LvDzKwEbDiAlGm3Bsk2SMwtk/VARk7bCsrH+Mwy9+cAtXQ+CMu2zNwRzz//oBXRCMbumMwsLP1/QyXVBsLBrLwg2Q7/WzsR5jClVJwjcE0/KnF85rYcXMwSJIV+AjcT9T84PJwZrFI/kkGE8bfjLOwXpgMAJZ8M9LBteIwQEEOA1BJx5LAmoNwjYvZAtYZF/jAi7LwjDrpAZmJCCconhMwI8gp/sBVmCM9KCNwv2mN/0acIBcfRcLw S_000001
H9JhS/gcrS/jevqQwCBq8+owg36z3gVRwn+yn9Q6c4AkfPFRw/wqFA1M/z/Du8zQw9a/OAJtmHB0g+WQwmKgjAdglABUAAQQwmLRmAhPFt/jhO5OwjLhpARmFyAk+WjRwEtXrAZhr+BUVhRSwH9ZvAhGCb+DJF7PwMOszAhCoGA01IFRwep+6AtsyCBUa1hQwKccsAJ+SP4LnrcQwXnV0AFo4N+rYnbQw4da9Ap2gl9LRkCQwv0OxAVo+VAcI94QwjhQnA1tCtAsgvWRw16tlAJIB3BMIFvRwI6/eAdyXT/Ln+VRwPfTiABhBh7b/p5Qw6KGJAJR0VBk3O9OwlvbLA1De1B0zS/Qwo6UmAR1E0BE5joPwhEflApIQKAkJdHSwHf20AlWeQ+zbXhOwWi/2AdrxJ/zy6yRwD2tABBDjkAEH8OQwULt2AxV2CBMHx4QwgUYQAhWzo/7lAqRwIbtZAlxBH6Tu15Qw S_000001
NVpaoAdyKCC0hd1Tw4+6gAZ2a9AkuhJUw4ESlAZB/uCUGxIUw7BdzA1QYxBUpwkUwmnd6AF3gaCUM27UwQ13CBRTvKCUCZJVwJdZEBlATeBk6tCUw8ozDBZd8eBU3nYWwUrzEBdiFICkNCjXwfLqHB5BqdA08lfUwUhuIB1g4rAUZp+Vw9zdNB1LIdBUgNIWw+jGFBFFdT+T+hOUwgoXIBtLRV0D24PUwM/JNB1De72T5MeUw/K1FBF/0T+bFt/TwuOeAB9oBs+rXuuTwFJl9A1h7eAsKfhTwldr6Ad6iV47ZWuTwi2a/ARYjD+zg09Twi8d6ApxAwCUYLOUw8S53AVBvnC0D3wVwQqTFB9MSjCE09KVw1eyABp2c4AUccjWwh5CLB1nJhAE1HAUwRq8IBZXOr/zv2dWwy7iQBZdU6AEF+2VwWqEIBRwq6/7dYAUwjp+yAhmM/47OyiTwRW96ARijq/DaR9Tw S_000001
Nu8gAB9gHJCE9xXYwjXp2Ax0sXCUK4FYwby7CBRCjgCUFV8Ywwzy/AFfYwA0dRlYwIgKEBFE+DAkMa5YwXAgEBByih8znXqYw3olDBVFrR8TxF5XwB0XAB953l67f98YwImuBBFF9I9LzfmZwI1tABB6Ah8bQGkXwieJABRG62+LVhbYwNnkEBxu5TAsIZfYwsnEhAFTAbAsoEDVwnnEqAFrPFBc0heVw93kqA5zmMCMT3MVwwDCyAp6DgAMPIIWwB3OwAN+iX+r4iUWwRUinA9dpc77ux7VwbMHeA1PcI+LzKPVw0CWNAN+5R8btxzUw0pwoAppnk9TAnUWwVCByA1jRr9jSd7Wwje+2A9WKd6bjo9WwtWiHBZqDhAkq0yYwzqmDBl0pEA0TdYZwL5FIBthcS6D8kwYwrsy5AhAFC4jRJ+Ywzj3CBduCS+LoA7WwKtd5Adom0/rzgcYw3ZGGBdZVOAcPI8YwY5PXAZZa8AMHvkUw8O0wA56VdCcR2eVwCltkA5xlaC8GFuUwCKG1Ahqkd/zvaUXw S_000001
HfaR6A5jek+7BqGawHzhxAtk1O6LXNGawaHa/AZRlT/rz1vawTT31ANbrnAckBxZwTW57Ahui0B8kXyZwQUN2AtWReC8bnbZwozM0A9bVSCsMdvYwf2OrAVHHqC8S3sZwNFurAFfWEDsx2RawQOJqANmckCsZmhYww++lARmx/Cc7nGZwpnvpABcVqDMPgBZwQqYY/ApKDCM15rWwPnYw/EiwpCMGb3WwPemZ/EIKMD8bVWWwc7mKAJgZuCcWQgXwoWOSAp6qICsDY9XwKIaJAJK5ABsAU1XwYFXr/Mm33AMBWJXwz4LN/Qa5r/LRh7WwBbRWA9l1DAcNHOYwqSMjAlLjvAcBUdYw1NeiANM2CC8oFVYwf4aBBhI0qBcCrkZwWGE9ANnbCCMgUQawRsy6AJkv3CsGEcZw5bSnAVw3PCsnvzZw59orANM22C8Y7IYwSfUcAp9r+CcziIZw1+1sA9lI0DsNlcZwKlyA9koKDCM+qMWw/nup/MzmoDMvicWwa+KR9kaBJDM173VwNtIpAt7XVAsj/sYw S_000001
L6mEiAl9/DD8v1zawW14dA5IyWCsLd7awRSMlAFHbfDM5mYbwRf/QAxgCbDs6Sbaw389RAlcpDEs+VRawlBB+/45nKEsX82Zwd4P9/Ees9D8U6OZwkhWE/kqdGE8iZKawl39T+8x3VEcSkpaw2JwC/sON2DMaTCZw9cpr+ScUGE8+WjZwqUjH/mEabEsdBVZwDb9KAzCxECsJdLYwB//LATwkwC827HYwvfAdATgaADcGJmXw0P26/GU8KDMbpXYwMy4V/Cjw1CsYnrYwygtL/ORPKCcR3wYw3+V1/qtmcBMv1fYwQwh2/2JkNAM0NhYwPps9+07VBCc7SHZwQBAg/kP4mCcoGPZw9wvf+s9BID8wM/YwDtIfABxhGEs7TBawsTNSA5z4LEcACsawvhWAA137ZE85owZw089D/QncwDMSjXawZj/0+sqzBEsTPmYwc3Pl/+ia8D8CvoZwgEt4++KelE8fYsZwD2kWAn9HoBs/X9Xw53leA/AbfDchGfXwv36jAfgFtCsxlOXwnY66/ET6qC8DueZw S_000001
LgYkV/enwPE8GyObwGJZ7++Dv0DMkvfbwEA+b/WXQiEMpesbwKjsDAbLeNE8nd2awP67NA/VlfEMTQkawVR2gAH9UZEsMhLaw336bAnc/KEcO3oZw59TpAHjDNEsiakawjqxvAXnbaEcdX+awjOfmADDb3DcMLiZw5tevAjbpBEspJBawUAr2AjnxPEsSQsZwwlZuAf1ryAsY8KZw4+U0APhJ5BMYn/YwK4l9ATXupBsFbrYwHFZxArnekCcLfHZwV25nArjbmC859bZwFCXhAf1RFCc+qoZwBZmkAjsP1AcBCgZw3t0fAnClj/7IxoZwWwgQA7BvUC8N18ZwrN0SATVR+CMAC8ZwwEuiAvqKLDswioZwH35DAnKzmEsT7Qawg99RAXLepEMtM7aw6pGkAjUPmE8Fd/ZwOLylAPeVCEM0l2awZgApATR66D87qEZwnNJzAngupDM7/LawFTC4A3zGcEct2+ZwZZRxAvHW0/rcpDZwWHFBBPFzMC8uhiYwmN0/AfC2uAsKelYwqcTIAbMLSDMDEIaw S_000001
LOue1AzY8QE8eYobw2yhtAThsDEMcr/bwSW56AzS4iEsK2+bwHue+ADFaBEsy6VbwR2uDBXgsJE8Xp/awACMHBvAEwDMp0tawarHEB3pfWDcr1PawdqRJBTcrPDMFHObwW5wNBXDweD89Xlbwfw1FBjgZqCsbVSawNNeKBfQ5oCMVRyawbCXPBb+CuCsetbawACX+AjK4F8L+Ubawp89DBPywA+rcUMawm8dHBrkgE3Lqy9Zw8HQFB3pjSAcbpLaw1rSBBnKOEBsCZbawCnv4AnatrAsnGrawSKH2AD4xm+7frrawzKytAzN1D97gW4awuV5yAfgbyB8VQ4awHPK5ADesZCstgwawo2ZBBD28NC8Z+eawEueCBfCuSEc8Boaw/S3FBLnbSEs4UTbw1lOKBHN38DsBweawYmZGBjmcIDsONibwP9IHBfKLiCsz61Zw+YbKBDbVOCMcADbw1RhRBzz7DDc7AqawN3P9AbZZl7jobaawE78KBrOlE77CuyZwQEjGBXfJb9jSN+ZwfxL3AHEb3Csuh2aw S_000001
LvyBPBLFGMDcPOUcwyI7JBDjZKDsrgscw7NpTBXLKkDs6AmcwtI7QBLROcCcJfLcw69zVBTcrTC84+1bwTQgWB7XBJBM8Vtbw/vKSBzkfqAcrfSbwb/UWBH8tOAMUQUcwjDNbBzNkNA8DbrcwUU4QBzRZm+bEFebwqh2UBfeCi9bP3Acw2AWZB7PtJ6LxNtbw4teBBDqnv/Dpb+bw6FkGBn0yJAEhWwbw2EuHBTDncBkBBqbw+HQKB/okd+zgBpbwiIbIB3rcUxbgBxbwVpbDBvPyM7LlE/bw/hB/ALEGZ8jQ2Gcw1Eu1A78ep7DIbTcwHeJDBzh1j/L9UDcwJ14HBT+uMA88/3bwHLSLBPF6W+Lresbwvh2VBvtMjCMCwabwCsyYBDhudCMetHcwr25ZBHHMABMYTebw35bTBf9ZhA84Sncw4YbRBjw9+8b6oEbwZALTB3tgW6r+AWcw57ncBXp6q8Luv4bwAoF+AfZMoA0U4CcwH8SLBfBQtB089fbwoRBFB/iUECUGZvbweX6IBbyRJBsgt3bw S_000001
L3NJbB3ZALAsM2edwh9IXBbdXKBs/CudwUMYgBf2oQAcCFudwyL9YBvKC38bx4pdw8+JcBntPf7T1lidwV78YBHwXa/TGbndwjbSUBPPBW/DcpLdw/UjWBv4f6/jGbTewlCXaB3/naAUXmxewWoFQBX1faA0VPedwFbHSBPRz8A0/VJew9BMUBHeSICECXDewZqx3An3NJA0Nzwdw2WP+AD33PB0NzsdwP/U5ATMHOCU02tdwnzXEBbTKMBUJGodw1QLGB7Yg1/jjtndwAsSDBfFP/8DLdrdwseU7Arm8S9TxgwdwWO00Az5uK37gW0dwNepGBP4Q26rOgpdwS4aLBjsqb4zAtkdwQ4aLBfJVD/DBXjdwmcodB7XQK7zSkFdwX6GfBzk2j7jyO3dwuiMbBP84dA0qIfdwYN+UBfWIQ+DLJeewicIPBLCoKBUdpLdwKdTPBjhp7AUvKfewvisXBfZPKC0wLRew0mEwAnQ0SAERK0dwJTi9AnpaoCEyKrdwh1jxArovPC0GYxdwHwqOBr2qH7bWRidw S_000001
LgmZaBXU1o/jEahfw9NJbBTVsy6DjZefwoALeBLUMoAUDZ7fwvvfUBzOJGA0tfyfwo9ISBTwgg+DY7Igwq+eOBDkuBAUXlXgwWcdRBndqJBEBBggwMXvJBvOgtAkd+MgwNXPFBrDFu/TJxKgwQu+NBvBCICk/Ujgw3IbIB7fs1BksdcgwOVjFBDT6WB0vfugwe/0LBzziUEU45Tgw3iMJBXvKHEUX5ggwos9JB7+qkD0OJkgw/RBOB7PLWD0DCYgwnZGRBnlutDE56Jgw1k4PBjGvMEE+9HgwSQgSB3HFaEEB/1fwtI7UBTAAUDUXPAgwhoFUBrKHuC01jIgwaN+PBrnFtC0oFXgwTu+UB3vhW9DMeRgw3HFQBX9TN8znwBgwCiWNBnxk4+z+UjgwW14KBvfVGBk+p+fw/L9NB3eAPCE8nygwDShGB3YRSC08SVgwQBWDBjPNmAUJGqgwtbSGBLanNEU2NpgwMNeRBXzMpEk9m0fwDcdVBrLyUEEkWkfwDUNWBDQ1UCEIwEgw S_000001
LekNCBXNff/TeUofwHXPGBHPg1/jx2FfwH/p9Av9pG8DxLpfw+is8A3U5ABkYlnfw/gA0AfYnHBUfUCgwhPKwAnCYRC0fUEgwqAr4A3jDtCkWOMgw6OfsAD9pmCkHZffw1fqhAvy4dCEDWVfwZSM4APkDVDUCBCgwRO0tAXw2VDEoZqfwjFZlA/ockDk2jCgw1VZIB/grfEUyL1ewpjCEBrteiEEUiNfwiyBBBX25TEUsHhfws25CBTHFAE0gqZfwBvUHBbAW1DUIaBfwwQLKBTWkLEEkXuewZBhOBLLyIEkLHWewWlDIBX6RJDUX5Afw67HEBbEu6CkygYfwwh2AB/PLaDkygofwgdT2ArvMzA0pbQgwNqGuA3nxjAkwf6fwLUNqALbTSC0zhOgwjpbxA7eAfCkdSIfwDGE4A/+/rDUHvMgwCxguAvGbnDkygQfwnyheAXvLRD0kCBgwtn6CBrDYxE0QgRfwewVQBr0NVEUjsJewxk4PBbDt0DkHvQewgWkDB3RMcCETLefw S_000001
LwEDcAvbUYC0jWkewcNemAXPj/BEiqNewdepFAntgICE87jewnKHcAnw3HDE98Rew/grLAX0PlDEnDdewJz3RAv6SJEUYPSewVFZjA/NKOEEBAkewM57TArnbOEkP0idwnOKAAfrzTEEQfPdwahWpAzDuaEEuIHew0KyhAP5RhE0nEjdw5oGZAv7o0EUtdudwojiHBz/qcEkQ1EdwkNJEBHQLsEkueQdwR1j+APziqEEXkhdwRw17Ary3VEEJwmdwkd+ABjRMEE0lYcdw1UDGBfIGIEkwfKdwv5bJBf2PxDkY6+cwD0i8AbS4iDkbRmdwRpbzALTOwDEPJ2dwOsdyAT9+NEkDX3dwTX6IA/yOjDUy17ewR3P9/GlwdDEPeNewT9THALlETEUJweewS4laA3ZSCE0QKUdwFBBsAzTjnEkjsVewiUjlAP3liEEirHdwROKKAb26zEUpFldwpnaFBjN06EkhrLdwlI7MBb/q4D08nycwLKcIBvuKTDUGuCdwNO0tAHEvcDEUMAew S_000001
LB+Uz/6HcNEUThfcw+69b/WykwD00Mjcwi38V/GCDgEkP0Ocw0rdOAfwhKEUAqCcwNb9YADvgcEEscwbw6yMoA3LJYEkKxobwzUjsALkuLE099LcwB14qArb+KE04PBbwRuJrA3+VXEE3ObawzmE0AnM14Dk4k8bwgco1AzpHBEUd9MbwqmE+AvKIQEENIIbwOJGwATGxMDUjWEcw0Ib3AfU6qC0hVCcw+8dABX/ryCUPJ6bwdf/zATmbCC08RJcwJmupAH081B0GDScwQmumA7dDlA0CrYcwYJGiAj8qcCkgUUcwkWklAfzkED0FYNcw7TjXAfBtoEk35DcwRLISAvACgEksHVbwo//rAvu1lE0tInbwI3klAjiE/D0FD+awXU46A/M18DUirLcwX++2AX59nD0Et8awgms7AfQpbEEEF1awUtdeArr3XAkyKfcwNhAsAfIkt/TmCXcw3rHVAHK0WCUNyacwcpbgAXOMcD0P0Ocw S_000001
LspGoAj5nME0LHuZwPw1dAnx57DEzL1ZwkTNnA77+dEEz2NZwN8SyAza/8DknZiZwxWP8ADVPIEkfUYZwTQgCBrgtvD0b8SZw6oQDBnkaYDUAq6ZwkvfBB7O3MDk56xYwIepCBnJJaDEThHYwkXaEB3tgsCUPJyZw2jCFBjtgoCEbmBZwEueKBHervCUDs2YwW3EABLGxQCkiADawQbHBBzDHKBULGIaw+4lFBjcstAkrb+Zw3sd6AXGJWA0HZXawm46wAzLN2A0Ykhaw/vfpArukAA02iwawJVjuAfEbHCkIvcawf8S2A7L1gCUbmNawpTN+AXHGSEUGZvZwvte7ALeVQEkam9YwwP1FBb1l+DUirLZwxOf7Aby5DDkWjzYwrbyHBLW7kC0KGAawKaxDBv8qMCE+S3YwKepKBrncEDU0MfYwvmZiArEJWAEeS4awDvJrAPfKH+TwzzawgQgnA/P4SCkdSkawFv00Aj+W/CEDBKaw S_000001
LNO0+A7CFGDk23/WwNNezAPjFBDkHDaXwyluABvAZfDUTLyVw8n6BBbQjXCk9m0WwvJRHBnJJSC0hUYWwxd+IBLZrHBEotbWwnVuIBLCxoAU3MzXwaihFB/M5IAk22pVwwbyGB/cZGAkLaRUwzF5GBPD3k+j8P1XwjljGBT47S9DLEYWwMVjLBTxJH6j43/VwK/pBBv5Ga+TS1QYw4R2/Aft1I1b/SfYw7byCB3ggF+r0LZYwwgV2ADyrb4bntzYw5/UwAHSlu9D445YwbAAnA3Q7H9zTLOZwL8nzA/3AOAUXjrYwolD9AjhxTAERfXYwMepJBHmGjCEc78WwhWkHBjjacC06PdVwlArMBD+YDBEATHWwTIwBBntkYAEItwVwHShJBftb98z66JYwk6mDBDFjD5jmrPWwTwqMBDQKn8j5NJVwwmZiAz/iH/D5OTZwtIwkAPzKZ3LA+XZwzuJvAjzoAB0dSwYw8Ld/A7t5LBEDWNYw S_000001
LY2OCBTPYg/TmWMTwVHa6Aj2raA0lrnTw85bEBzUqBAkz01RwqpbBBbOQ34jJYVTw6yhFBTqW58LAn8SwawKEBnRaJAsAnUTw1WkDBnoUQAMQxwUwjT39A3UGsA8NaxSwSHv+AbZeJBs31bRw+hr+A/I/JBMRcFVw3GE7AnoTyBsvFxTwoJmABnKueCMG/hTwlT31AzB6bA8NaxVwXcSuAfOCMB85heWw4tIvAPckNC8ycgWwzwKmA7jljAM3KHXwQJblAjJMd+7VKEXwT4kaALOpl8L4LtXweAAtAbhve7bRyWWwvf/0Ar+FJ+rX2uVw7z3IBTYJw7rh9YTwISBGBj8hr8b4h+Rw6ZGHBTVyuAcRHCTwLGZ4AvEe+/7VK0SwCHvABHPu2B8MZrVwEkXzAr4d+BsIWxTwGe+BB/A9dC89OnSwrkCZAbW6n6DPGsXwBSLQAvBGZ+bRJGYwPlYsATBfK8je7UWwV7R6ADMBL8bCTPVw S_000001
Lvbn0A/iOEBcBncQwgW5uAb4ol/LC9tQwqmZ4Ab3GXBMc1IOwjOJtAT+kICc3f6Qwy+TwAbxxzC80duQwIJwoArzdSDMB7ZRwozhoAnUJKDsGU1Sw1PJaA/nrPDMrC/QwusxVAnXLmDM8ekPwJ45bALMZPDMPFWTwqveOAzWghDMNvMSw5XkPA/OdHEsqCPSwMNdTA7HBmCcOF2Tw2doBA/EqmCctasUwjf+y/OWgJD8EAAVwt4Oz/2GWBCc0fKVw7+oCAbJp4AMta0Uw5nY0/uFKh/bclTVwdLxUAb+L1AcEU9Twc3jcArPX/BMHAgTwAyg3Aznr3CMWJGRwKOewAzOF6CMVDiPwNeTrAbuvvD8nUQRwrXOWAHaixC8hn3QwPeTcArMEkDc/PFUwvCV//e/QXDMObPSwMc8SADNxMEsjoVRwQudAAnpnk9LFrEVwpQyW/CVqm/7Qe5Vw4/TbAfar8/7QctTwFygkA3tV+BsMD6Sw S_000001
LRg+CAjgRWDsHTnNwh23DA3X2mC8eNeNwKSKEAL31vDcUbHLwcpVW/aCTjDcJWJPwwgQA/uOdHEcA7hPw/SRO/Uz1JEsnYoQwwq57+Ud8AEcDr8Rw4iE//sgS8D8FDKQwOP2KAxPeJE8MdTOwTxi0/MMatDcOzcSwIMJMAd3h2Ds0icRwtDuWA1udOE8na0Rw/b/s/kZ4+C84koSwlX7EA9ipnCMb8aTwggWUAF0f6Cs897Twhw2BAFzb6Bs/pmTwhfXi/AWdTBcxfCTw5kIb/4KP//b13PTwv3kD+YtaACMU2OSwo2Yr+0rZqCMtxDSwFTKo/+V3OEsgSMQwzoPq+CGCOEsYLyNwdLhb/IrFZEsWNuQwET62/cRIgDcwznPwPrz7/EiT6DsKGUTwiNKWA9qZeDsqcYRwDgrfA5hqLEM+pmSwQ9/K+0yTC/LQJ2SwITPy/UCKB/bAVzTwzIAI/yvtjB83i0RwSsol+e+l6Cs0ggRw S_000001
LS2j8ApLDACkmLaYwQv79AVJjBBkFOWYwj4GCBZuYEC02ZiYw S_000001
