SEQUENCE: MEVMVFTPKGEIKRLPQGATALDFAYSLHSDLGDHCIGAKVNHKLVPLSYVLNSGDQVEVLSSKSLEHHHHHH
SCORE:     score     fa_atr     fa_rep     fa_sol    fa_intra_rep    pro_close    fa_pair    hbond_sr_bb    hbond_lr_bb    hbond_bb_sc    hbond_sc    dslf_ss_dst    dslf_cs_ang    dslf_ss_dih    dslf_ca_dih       rama      omega     fa_dun    p_aa_pp        ref    linear_chainbreak    overlap_chainbreak    Filter_Stage2_aBefore    Filter_Stage2_bQuarter    Filter_Stage2_cHalf    Filter_Stage2_dEnd    Repack_average_score    Repack_stdev_score    clashes_bb    clashes_total    time    user_tag        rms     maxsub    rms_full    ass_cst                  description
SCORE:  -150.238   -251.818     25.447    118.448           0.491        0.138     -7.011        -12.500        -25.978         -7.721      -4.634          0.000          0.000          0.000          0.000     -7.915      5.119     33.388     -8.492     -7.200                0.000                 0.000                 -156.815                  -166.053               -166.447              -170.343                   0.000                 0.000         0.000            0.000   0.000 S_00001_0046474_0_16223       4.491     65.000       1.589     43.136 S_00001_0046474_0_16223_0001
REMARK PROTEIN SILENTFILE
ANNOTATED_SEQUENCE: M[MET_p:NtermProteinFull]EVMVFTPKGEIKRLPQGATALDFAYSLHSDLGDHCIGAKVNHKLVPLSYVLNSGDQVEVLSSKSLEHHHHHH[HIS_p:CtermProteinFull] S_00001_0046474_0_16223_0001
   1 L     0.000  135.741  173.491    1.458    0.000    0.000 -173.529 -173.004   75.868    0.000 S_00001_0046474_0_16223_0001
   2 L   -82.597  125.247 -178.189    3.726    2.932    0.831  -66.327 -178.414   -1.152    0.000 S_00001_0046474_0_16223_0001
   3 E   -97.373  108.448  177.111    5.658    4.115   -2.222  178.475    0.000    0.000    0.000 S_00001_0046474_0_16223_0001
   4 E   -72.211  122.724  178.703    9.171    5.314   -1.401 -179.021  179.941  -79.665    0.000 S_00001_0046474_0_16223_0001
   5 E  -129.060  125.034  179.403   10.173    8.208   -3.653  179.447    0.000    0.000    0.000 S_00001_0046474_0_16223_0001
   6 E   -89.233  130.967 -178.729   13.536    9.980   -3.586  -64.816   93.638    0.000    0.000 S_00001_0046474_0_16223_0001
   7 L   -91.729  165.070  177.140   13.527   13.723   -4.253   66.759  -59.911    0.000    0.000 S_00001_0046474_0_16223_0001
   8 L   -54.724  -29.713 -178.906   16.147   15.843   -6.013  -25.220   35.503  -31.133    0.000 S_00001_0046474_0_16223_0001
   9 L   -77.681  -21.373 -177.258   17.133   17.034   -2.540  -65.999  178.559 -179.890  178.937 S_00001_0046474_0_16223_0001
  10 L   104.870  -12.391  178.504   17.633   13.460   -1.346    0.000    0.000    0.000    0.000 S_00001_0046474_0_16223_0001
  11 L   -64.885  138.865  179.282   14.669   13.636    1.029 -177.749  176.623   -2.247    0.000 S_00001_0046474_0_16223_0001
  12 E   -90.682  117.712  173.972   12.530   10.495    1.165  -61.747  171.520    0.000    0.000 S_00001_0046474_0_16223_0001
  13 E  -104.004  161.862  178.542    8.839   11.029    0.440  -58.733  -65.744 -160.495 -171.659 S_00001_0046474_0_16223_0001
  14 E  -126.643  120.226  177.863    5.999    8.511    0.654  -66.782 -177.049  -76.333  173.183 S_00001_0046474_0_16223_0001
  15 E  -108.068  158.934  178.317    3.178    8.315   -1.887  -58.029  178.669    0.000    0.000 S_00001_0046474_0_16223_0001
  16 L   -67.520  157.336 -179.132    0.023    6.193   -1.897   25.181  -34.867   30.433    0.000 S_00001_0046474_0_16223_0001
  17 L   -60.294  123.820  177.646   -0.041    2.882   -3.765 -175.910  173.500    1.870    0.000 S_00001_0046474_0_16223_0001
  18 L    93.252    8.552  179.776   -0.433    3.471   -7.500    0.000    0.000    0.000    0.000 S_00001_0046474_0_16223_0001
  19 L   -66.766  145.697 -177.615    0.674    7.101   -7.271    0.000    0.000    0.000    0.000 S_00001_0046474_0_16223_0001
  20 L  -100.132  171.262  172.046    2.000    8.696  -10.456   65.274 -173.305    0.000    0.000 S_00001_0046474_0_16223_0001
  21 H   -64.753  -29.069  172.483    4.899   11.035  -11.199    0.000    0.000    0.000    0.000 S_00001_0046474_0_16223_0001
  22 H   -64.317  -43.115  173.791    2.188   13.648  -11.698 -171.974   61.621    0.000    0.000 S_00001_0046474_0_16223_0001
  23 H   -58.337  -42.241  176.373    1.034   12.955   -8.145  -69.437  -20.086    0.000    0.000 S_00001_0046474_0_16223_0001
  24 H   -58.857  -47.221  179.272    4.640   13.435   -7.042  175.357   76.021    0.000    0.000 S_00001_0046474_0_16223_0001
  25 H   -62.859  -36.665  178.511    4.806   16.786   -8.832    0.000    0.000    0.000    0.000 S_00001_0046474_0_16223_0001
  26 H   -70.380  -35.162  179.594    1.497   17.781   -7.244  -73.046   -8.796  180.000    0.000 S_00001_0046474_0_16223_0001
  27 H   -64.026  -40.104  177.970    2.740   16.749   -3.802  -66.482  -60.001    0.000    0.000 S_00001_0046474_0_16223_0001
  28 H   -89.361  -11.801 -179.905    5.713   19.100   -4.101  -63.123  179.662    0.000    0.000 S_00001_0046474_0_16223_0001
  29 L    63.097   43.807 -174.091    3.649   21.590   -6.099  -54.426  -70.578    0.000    0.000 S_00001_0046474_0_16223_0001
  30 L   -73.496  127.643  172.556    6.380   21.822   -8.730  173.024   60.028    0.000    0.000 S_00001_0046474_0_16223_0001
  31 L   -69.946  -34.855  175.942    6.070   24.605  -11.297  -72.971  -12.872    0.000    0.000 S_00001_0046474_0_16223_0001
  32 L   -67.866  -33.722  174.675    8.485   22.667  -13.502  -66.393  175.100    0.000    0.000 S_00001_0046474_0_16223_0001
  33 H   -63.925  -29.754  174.006    6.214   19.643  -13.124    0.000    0.000    0.000    0.000 S_00001_0046474_0_16223_0001
  34 H   -78.399  -35.645 -176.327    3.500   21.850  -14.608  -72.046  -13.911    0.000    0.000 S_00001_0046474_0_16223_0001
  35 H   -70.014  -33.481 -178.347    5.811   23.203  -17.305  -69.779  165.486    0.000    0.000 S_00001_0046474_0_16223_0001
  36 L  -107.335  168.793  176.832    6.773   19.728  -18.512  -62.257   59.989    0.000    0.000 S_00001_0046474_0_16223_0001
  37 L  -112.873    6.156  178.053    4.804   16.567  -19.274   61.705  169.611    0.000    0.000 S_00001_0046474_0_16223_0001
  38 L  -150.323 -179.830 -178.945    7.507   14.198  -18.036    0.000    0.000    0.000    0.000 S_00001_0046474_0_16223_0001
  39 E  -159.574  169.295 -177.105   10.367   13.842  -15.556    0.000    0.000    0.000    0.000 S_00001_0046474_0_16223_0001
  40 E   -89.290  100.237  177.340   13.573   11.946  -14.798 -170.157 -175.141   64.498 -173.448 S_00001_0046474_0_16223_0001
  41 E  -106.393  113.195 -176.893   12.681    8.709  -13.016  178.796    0.000    0.000    0.000 S_00001_0046474_0_16223_0001
  42 L    58.676   45.223 -179.465   15.686    6.502  -12.272  -66.825  -28.890    0.000    0.000 S_00001_0046474_0_16223_0001
  43 L    59.749   42.160  178.503   17.757    8.397  -14.836  -58.012  -66.771    0.000    0.000 S_00001_0046474_0_16223_0001
  44 E  -151.734  126.291 -179.821   15.057    7.954  -17.476 -174.629  175.169  177.704  177.850 S_00001_0046474_0_16223_0001
  45 E   -71.992  112.351  178.051   12.664   10.464  -19.035 -178.109   62.454    0.000    0.000 S_00001_0046474_0_16223_0001
  46 E  -126.836  158.084  177.266    9.114    9.220  -18.486  -62.144    0.000    0.000    0.000 S_00001_0046474_0_16223_0001
  47 L   -63.948  153.816  178.258    5.646   10.757  -18.743   23.582  -34.829   31.883    0.000 S_00001_0046474_0_16223_0001
  48 L   -67.973  -18.886  174.841    4.063   12.251  -15.626  -71.649  172.999    0.000    0.000 S_00001_0046474_0_16223_0001
  49 L   -73.564  -14.254  178.774    1.318    9.665  -16.093   66.791 -180.000    0.000    0.000 S_00001_0046474_0_16223_0001
  50 L   -57.526  127.923  178.352    3.983    7.063  -15.332  177.719   75.030    0.000    0.000 S_00001_0046474_0_16223_0001
  51 L   -80.434  130.869 -174.174    3.126    5.144  -12.163  176.213    0.000    0.000    0.000 S_00001_0046474_0_16223_0001
  52 L   -85.872  148.133  173.852    5.907    5.199   -9.574  -60.232  177.347    0.000    0.000 S_00001_0046474_0_16223_0001
  53 L  -114.005  151.912 -175.514    7.292    2.172   -7.741  -62.899  -65.825    0.000    0.000 S_00001_0046474_0_16223_0001
  54 L   -63.468  119.633 -178.948    8.719    2.092   -4.219  179.806  -60.001    0.000    0.000 S_00001_0046474_0_16223_0001
  55 L   116.191  -11.857 -177.246   12.448    2.822   -4.364    0.000    0.000    0.000    0.000 S_00001_0046474_0_16223_0001
  56 L   -70.295  142.739  171.439   12.319    5.013   -7.468  -77.001   -7.767    0.000    0.000 S_00001_0046474_0_16223_0001
  57 L  -100.696  117.310 -170.582   14.297    8.251   -7.626  179.757  175.928  -12.725    0.000 S_00001_0046474_0_16223_0001
  58 E  -117.143  113.111 -179.218   12.150   10.977   -9.167 -179.701    0.000    0.000    0.000 S_00001_0046474_0_16223_0001
  59 E  -123.761  120.788 -179.650   13.648   14.295  -10.263  -63.419 -175.911    5.435    0.000 S_00001_0046474_0_16223_0001
  60 E   -74.923  123.914 -178.259   11.663   16.929  -12.154  176.364    0.000    0.000    0.000 S_00001_0046474_0_16223_0001
  61 L   -83.156  157.495 -176.442   13.624   18.314  -15.103  -61.832  177.076    0.000    0.000 S_00001_0046474_0_16223_0001
  62 L   -70.976  164.382  174.002   13.706   21.994  -16.050   70.451  180.000    0.000    0.000 S_00001_0046474_0_16223_0001
  63 L   -76.612  -13.345  175.772   11.606   23.602  -18.779   66.689  179.994    0.000    0.000 S_00001_0046474_0_16223_0001
  64 L   -80.683  -38.441  177.061   14.910   24.540  -20.408 -176.873  173.596  179.693  177.405 S_00001_0046474_0_16223_0001
  65 L   -78.655  -38.568  171.835   16.057   20.924  -20.655   58.465  -79.422    0.000    0.000 S_00001_0046474_0_16223_0001
  66 L  -100.674   59.469 -179.877   12.556   19.752  -21.541  -60.840  178.722    0.000    0.000 S_00001_0046474_0_16223_0001
  67 H   -64.174  -39.772  177.280   11.859   22.614  -23.945 -177.538  178.225   -0.845    0.000 S_00001_0046474_0_16223_0001
  68 H   -56.316  -42.264  178.229    9.869   20.303  -26.215  179.673   71.022    0.000    0.000 S_00001_0046474_0_16223_0001
  69 H   -69.316  -38.730  178.141    7.584   19.507  -23.283  -68.712 -179.042    0.000    0.000 S_00001_0046474_0_16223_0001
  70 H   -60.059  -35.469  177.034    7.353   23.182  -22.336 -176.414   69.846    0.000    0.000 S_00001_0046474_0_16223_0001
  71 H   -60.791  -29.532  179.520    6.040   23.867  -25.837  -71.092  171.437    0.000    0.000 S_00001_0046474_0_16223_0001
  72 H   -81.132  -16.805  178.052    3.151   21.543  -24.994  -66.192  -62.603    0.000    0.000 S_00001_0046474_0_16223_0001
  73 L   -82.241    0.000    0.000    2.464   23.530  -21.827  176.800   69.337    0.000    0.000 S_00001_0046474_0_16223_0001
SEQUENCE: MEVMVFTPKGEIKRLPQGATALDFAYSLHSDLGDHCIGAKVNHKLVPLSYVLNSGDQVEVLSSKSLEHHHHHH
SCORE:     score     fa_atr     fa_rep     fa_sol    fa_intra_rep    pro_close    fa_pair    hbond_sr_bb    hbond_lr_bb    hbond_bb_sc    hbond_sc    dslf_ss_dst    dslf_cs_ang    dslf_ss_dih    dslf_ca_dih       rama      omega     fa_dun    p_aa_pp        ref    linear_chainbreak    overlap_chainbreak    Filter_Stage2_aBefore    Filter_Stage2_bQuarter    Filter_Stage2_cHalf    Filter_Stage2_dEnd    Repack_average_score    Repack_stdev_score    clashes_bb    clashes_total    time    user_tag        rms     maxsub    rms_full    ass_cst                 description
SCORE:  -148.594   -245.834     25.790    114.036           0.482        0.384     -5.252        -11.152        -27.969        -10.134      -0.822          0.000          0.000          0.000          0.000     -7.748      5.757     30.774     -9.707     -7.200                0.000                 0.000                 -164.958                  -167.332               -169.114              -169.330                   0.000                 0.000         0.000            0.000   0.000 S_00002_0037579_0_8322       4.534     66.000       1.271     42.032 S_00002_0037579_0_8322_0001
REMARK PROTEIN SILENTFILE
ANNOTATED_SEQUENCE: M[MET_p:NtermProteinFull]EVMVFTPKGEIKRLPQGATALDFAYSLHSDLGDHCIGAKVNHKLVPLSYVLNSGDQVEVLSSKSLEHHHHHH[HIS_p:CtermProteinFull] S_00002_0037579_0_8322_0001
   1 L     0.000  -28.858 -177.020    1.458    0.000    0.000  -63.616  -57.841  -69.168    0.000 S_00002_0037579_0_8322_0001
   2 E  -121.118  126.142  175.796    1.686    3.730   -0.700 -178.859  178.735    3.443    0.000 S_00002_0037579_0_8322_0001
   3 E  -118.670  125.280 -178.647    0.448    6.523    1.561  178.029    0.000    0.000    0.000 S_00002_0037579_0_8322_0001
   4 E   -96.156  119.229 -179.907    0.458   10.140    0.389 -175.266 -179.839   70.367    0.000 S_00002_0037579_0_8322_0001
   5 E  -125.591  158.236 -179.072    1.010   12.743    3.104  -62.482    0.000    0.000    0.000 S_00002_0037579_0_8322_0001
   6 E  -115.055  145.468  173.168    1.614   16.497    3.132  -65.837   91.092    0.000    0.000 S_00002_0037579_0_8322_0001
   7 L   -86.084  166.348  176.881    4.083   18.609    5.102   66.948  179.209    0.000    0.000 S_00002_0037579_0_8322_0001
   8 L   -53.538  -29.459  178.044    3.238   21.851    6.898  -26.117   35.978  -30.913    0.000 S_00002_0037579_0_8322_0001
   9 L   -79.643  -22.137  178.105    4.709   23.543    3.828  -68.001 -178.635  179.276 -179.451 S_00002_0037579_0_8322_0001
  10 L   103.165   22.518 -179.531    2.451   21.466    1.583    0.000    0.000    0.000    0.000 S_00002_0037579_0_8322_0001
  11 L   -87.192  142.036 -177.328    5.108   19.135    0.180  -60.340 -178.876   -2.093    0.000 S_00002_0037579_0_8322_0001
  12 E   -86.206  124.237  177.815    4.150   15.655   -1.013  -62.384  170.107    0.000    0.000 S_00002_0037579_0_8322_0001
  13 E  -124.466  145.590 -178.228    5.837   12.752    0.770  -58.498  -68.411 -178.145 -175.996 S_00002_0037579_0_8322_0001
  14 E  -105.090  122.282  178.718    5.487    9.009    0.202  -65.765  174.848  179.629 -177.355 S_00002_0037579_0_8322_0001
  15 E  -116.696  156.332  172.962    5.145    6.689    3.195  -58.745  176.443    0.000    0.000 S_00002_0037579_0_8322_0001
  16 E   -68.681  156.843  179.822    4.756    2.927    3.556   28.446  -34.799   27.345    0.000 S_00002_0037579_0_8322_0001
  17 L   -66.025  121.808  179.018    1.324    1.506    4.366 -176.744  174.874    1.703    0.000 S_00002_0037579_0_8322_0001
  18 L   101.013    3.076  177.907    0.683    1.700    8.108    0.000    0.000    0.000    0.000 S_00002_0037579_0_8322_0001
  19 L   -63.344  132.878 -179.062    3.176    4.513    8.681    0.000    0.000    0.000    0.000 S_00002_0037579_0_8322_0001
  20 L   -88.194  169.728  173.120    2.385    6.522   11.811   67.091  179.976    0.000    0.000 S_00002_0037579_0_8322_0001
  21 H   -56.767  -40.782  178.008    2.557   10.273   12.385    0.000    0.000    0.000    0.000 S_00002_0037579_0_8322_0001
  22 H   -65.662  -41.332  175.651    5.752    9.636   14.344 -175.756   60.792    0.000    0.000 S_00002_0037579_0_8322_0001
  23 H   -55.767  -43.598  176.992    7.133    7.552   11.481  -71.489  -17.358    0.000    0.000 S_00002_0037579_0_8322_0001
  24 H   -61.621  -48.751 -179.843    6.573   10.534    9.191 -172.611   24.376    0.000    0.000 S_00002_0037579_0_8322_0001
  25 H   -55.132  -38.364  179.952    8.256   12.927   11.619    0.000    0.000    0.000    0.000 S_00002_0037579_0_8322_0001
  26 H   -71.619  -38.062 -179.291   11.297   10.645   11.657  -72.326  -14.374  180.000    0.000 S_00002_0037579_0_8322_0001
  27 H   -72.937  -20.337  173.017   11.377   10.338    7.869   69.605   60.242    0.000    0.000 S_00002_0037579_0_8322_0001
  28 H   -72.987  -30.108  179.542   11.326   14.132    7.686  -71.195  172.218    0.000    0.000 S_00002_0037579_0_8322_0001
  29 L    56.644   44.688  179.291   14.537   14.189    9.721  -58.447  -65.330    0.000    0.000 S_00002_0037579_0_8322_0001
  30 L  -103.395  169.630  172.926   13.702   17.625   11.119   70.256  180.000    0.000    0.000 S_00002_0037579_0_8322_0001
  31 H   -63.450  -33.849  175.363   14.404   19.296   14.458  -72.880  -12.567    0.000    0.000 S_00002_0037579_0_8322_0001
  32 H   -68.005  -39.274  179.008   10.677   18.965   15.124  -68.932  172.640    0.000    0.000 S_00002_0037579_0_8322_0001
  33 H   -69.655  -36.151 -179.550   10.819   15.263   14.270    0.000    0.000    0.000    0.000 S_00002_0037579_0_8322_0001
  34 H   -64.820  -37.775 -177.749   13.876   14.753   16.472  -73.631  -12.969    0.000    0.000 S_00002_0037579_0_8322_0001
  35 H  -111.581   23.867 -175.583   12.099   16.216   19.498  -61.679  -73.604    0.000    0.000 S_00002_0037579_0_8322_0001
  36 L   -63.327  131.452  173.868    8.586   15.239   18.424  179.649 -178.978    0.000    0.000 S_00002_0037579_0_8322_0001
  37 L  -123.651  -12.368  175.759    6.124   14.637   21.255   61.102  169.372    0.000    0.000 S_00002_0037579_0_8322_0001
  38 L  -164.044 -177.604  175.955    2.917   15.016   19.250    0.000    0.000    0.000    0.000 S_00002_0037579_0_8322_0001
  39 E  -161.726  147.168  173.910    1.404   16.002   15.905    0.000    0.000    0.000    0.000 S_00002_0037579_0_8322_0001
  40 E  -108.143  116.322 -178.014   -1.726   17.591   14.452  -68.544 -178.473  178.401 -176.554 S_00002_0037579_0_8322_0001
  41 E  -106.493  121.602 -177.119   -3.087   15.831   11.369  178.378    0.000    0.000    0.000 S_00002_0037579_0_8322_0001
  42 L    58.276   43.872 -179.640   -5.653   17.654    9.238  -67.108  -27.794    0.000    0.000 S_00002_0037579_0_8322_0001
  43 L    61.774   42.472  177.818   -6.043   20.295   11.946  -56.158  -66.864    0.000    0.000 S_00002_0037579_0_8322_0001
  44 E  -151.115  122.555 -179.485   -6.552   17.662   14.641 -174.727  174.781  175.826  178.172 S_00002_0037579_0_8322_0001
  45 E   -65.981  120.053 -178.897   -4.244   16.670   17.494 -175.437   64.540    0.000    0.000 S_00002_0037579_0_8322_0001
  46 E  -125.026  158.857  175.405   -3.450   12.963   17.206  -62.130    0.000    0.000    0.000 S_00002_0037579_0_8322_0001
  47 L   -66.596  160.707 -178.317   -1.255   10.465   19.046   26.120  -35.172   30.032    0.000 S_00002_0037579_0_8322_0001
  48 L   -66.058  -27.079 -178.690    2.200    9.636   17.692  -70.069  177.134    0.000    0.000 S_00002_0037579_0_8322_0001
  49 L   -84.223   -4.867  178.023    1.012    6.122   16.861   66.304  180.000    0.000    0.000 S_00002_0037579_0_8322_0001
  50 L   -53.108  121.608  179.970   -1.807    7.575   14.766  178.002   77.129    0.000    0.000 S_00002_0037579_0_8322_0001
  51 L   -78.712  130.680 -175.512   -1.715    5.849   11.379  175.842    0.000    0.000    0.000 S_00002_0037579_0_8322_0001
  52 L   -86.157  149.928  174.849   -1.647    8.253    8.436  -60.036  176.594    0.000    0.000 S_00002_0037579_0_8322_0001
  53 L  -122.635  164.114 -177.820   -3.825    8.012    5.331  -60.423  -66.251    0.000    0.000 S_00002_0037579_0_8322_0001
  54 L   -64.061  127.266  179.168   -3.504    9.392    1.803  -64.135 -180.000    0.000    0.000 S_00002_0037579_0_8322_0001
  55 L   108.445  -15.027 -175.192   -4.448   13.071    1.619    0.000    0.000    0.000    0.000 S_00002_0037579_0_8322_0001
  56 L   -73.370  139.323  172.652   -3.554   13.818    5.237  -73.614   -9.199    0.000    0.000 S_00002_0037579_0_8322_0001
  57 E  -108.582  124.177 -167.573   -1.521   16.904    6.114 -176.615  176.874    1.310    0.000 S_00002_0037579_0_8322_0001
  58 E  -111.029  122.311  172.054    0.728   16.419    9.128 -178.529    0.000    0.000    0.000 S_00002_0037579_0_8322_0001
  59 E  -104.102  108.859 -176.819    2.016   19.118   11.468 -178.726  176.072    0.772    0.000 S_00002_0037579_0_8322_0001
  60 E   -80.315  128.554 -175.836    4.807   17.709   13.631  176.449    0.000    0.000    0.000 S_00002_0037579_0_8322_0001
  61 L  -116.219  128.078 -175.107    4.971   19.174   17.134  -58.881  175.759    0.000    0.000 S_00002_0037579_0_8322_0001
  62 L  -101.828  171.437  172.202    8.091   19.047   19.300   74.138  179.974    0.000    0.000 S_00002_0037579_0_8322_0001
  63 L   -68.742  -14.982  177.667    8.800   19.493   23.004   67.760  179.788    0.000    0.000 S_00002_0037579_0_8322_0001
  64 L   -87.140  -36.341  178.506   10.374   22.775   21.906  -68.914 -174.207  178.574  178.884 S_00002_0037579_0_8322_0001
  65 L   -81.168  -20.922  176.483    7.328   24.006   19.993   66.514   60.015    0.000    0.000 S_00002_0037579_0_8322_0001
  66 L  -112.635   89.055  176.708    5.065   22.842   22.817  -62.553  175.438    0.000    0.000 S_00002_0037579_0_8322_0001
  67 H   -66.714  -40.390  179.274    6.132   24.576   26.027 -177.932  178.123   -0.695    0.000 S_00002_0037579_0_8322_0001
  68 H   -58.151  -48.864 -177.034    2.853   23.634   27.707  176.003   74.867    0.000    0.000 S_00002_0037579_0_8322_0001
  69 H   -80.554  -20.854  170.677    3.289   19.930   26.970  -66.969  -77.336    0.000    0.000 S_00002_0037579_0_8322_0001
  70 H   -63.217  -40.107  176.957    7.016   20.205   27.636 -179.526   71.343    0.000    0.000 S_00002_0037579_0_8322_0001
  71 H   -64.408  -30.009  177.523    6.130   21.109   31.221  -67.987  170.927    0.000    0.000 S_00002_0037579_0_8322_0001
  72 H   -84.089  -28.449 -179.379    4.036   17.938   31.329  -65.847  -61.265    0.000    0.000 S_00002_0037579_0_8322_0001
  73 L   -67.872    0.000    0.000    6.700   15.875   29.568 -168.674  -78.487    0.000    0.000 S_00002_0037579_0_8322_0001
