SEQUENCE: GAMDPRTITMHKDSTGHVGFIFKNGKITSIVKDSSAARNGLLTEHNICEINGQNVIGLKDSQIADILSTSGTVVTITIMPAF
SCORE:     score     fa_atr     fa_rep     fa_sol    fa_intra_rep    fa_intra_sol_xover4    lk_ball_wtd    fa_elec    pro_close    hbond_sr_bb    hbond_lr_bb    hbond_bb_sc    hbond_sc    dslf_fa13      omega     fa_dun    p_aa_pp    yhh_planarity        ref    rama_prepro    Filter_Stage2_aBefore    Filter_Stage2_bQuarter    Filter_Stage2_cHalf    Filter_Stage2_dEnd    co        rms     maxsub    clashes_total    clashes_bb       time description
SCORE:   131.853   -404.273    108.006    244.082           1.037                 12.297         -8.697    -95.550        0.210        -13.710        -15.895        -14.415      -3.422        0.000    152.726    111.767    -15.599            0.000     44.697         28.592                    0.000                     0.000                  0.000                 0.000 24.546      1.893     82.000            0.000         0.000    357.000  S_00000001
REMARK PROTEIN SILENTFILE
ANNOTATED_SEQUENCE: G[GLY:NtermProteinFull]AMDPRTITMHKDSTGHVGFIFKNGKITSIVKDSSAARNGLLTEHNICEINGQNVIGLKDSQIADILSTSGTVVTITIMPAF[PHE:CtermProteinFull] S_00000001
   1 L     0.000  120.914  155.614    1.458    0.000    0.000    0.000    0.000    0.000    0.000 S_00000001
   2 L   -69.357  149.825  177.758    3.781    2.812    0.921    0.000    0.000    0.000    0.000 S_00000001
   3 L  -132.343  125.601  176.590    6.653    3.174   -1.543  -59.574  181.532   72.377    0.000 S_00000001
   4 L  -108.460  106.975  179.145   10.148    4.472   -0.799  -63.517  -14.036    0.000    0.000 S_00000001
   5 L   -72.472  148.600  179.246   12.057    5.476   -3.929   29.610  -38.058   30.950    0.000 S_00000001
   6 E  -134.631  132.746 -177.864   15.845    5.159   -3.989  -69.756  -71.135 -178.222  -91.653 S_00000001
   7 E   -97.335  126.433 -177.253   18.341    6.931   -6.243  -60.079  -78.212    0.000    0.000 S_00000001
   8 E  -119.856  135.323  176.681   21.316    4.932   -7.508  -50.116  -69.632    0.000    0.000 S_00000001
   9 E  -107.491  114.074 -180.255   24.424    6.177   -9.309  -60.168  160.472    0.000    0.000 S_00000001
  10 E  -101.543  117.511  179.290   26.061    3.651  -11.631  -68.109  169.112 -181.222    0.000 S_00000001
  11 E  -110.540  122.474  178.438   29.604    4.463  -12.746 -178.823 -153.166    0.000    0.000 S_00000001
  12 L   -71.888  116.863  177.932   31.258    2.417  -15.491  -60.884  172.909 -166.557  167.085 S_00000001
  13 L   -63.873  158.868  179.571   34.724    1.347  -14.352 -169.378   87.136    0.000    0.000 S_00000001
  14 L   -59.330  -23.084  177.608   37.708    1.815  -16.661   66.745  -24.391    0.000    0.000 S_00000001
  15 L   -90.845   22.112 -177.058   37.576   -1.955  -17.133   56.817  -65.617    0.000    0.000 S_00000001
  16 L   105.906  -53.494 -116.871   34.028   -1.618  -18.455    0.000    0.000    0.000    0.000 S_00000001
  17 L   -88.272  148.200  163.885   32.219   -2.803  -15.641  -75.528  -58.788    0.000    0.000 S_00000001
  18 L  -126.421 -163.563 -175.273   28.933   -2.246  -13.849  -64.109    0.000    0.000    0.000 S_00000001
  19 L   -73.568  -62.768  -95.033   26.654   -4.363  -11.665    0.000    0.000    0.000    0.000 S_00000001
  20 E  -125.188  152.062  177.501   23.648   -5.251  -12.903   46.461   76.686    0.000    0.000 S_00000001
  21 E  -130.159  125.915 -178.105   20.955   -7.504  -14.363  -60.497  172.211    0.000    0.000 S_00000001
  22 E  -108.933  143.456  175.552   17.365   -6.436  -15.015  -50.521  -43.684    0.000    0.000 S_00000001
  23 E  -132.106 -146.177  174.924   14.314   -8.629  -15.588  -60.940  -68.887 -176.676 -177.005 S_00000001
  24 L   -41.154   94.490  177.687   10.542   -8.348  -15.221 -171.897  -26.212    0.000    0.000 S_00000001
  25 L    86.725  -34.326 -114.689   10.420   -4.655  -14.326    0.000    0.000    0.000    0.000 S_00000001
  26 E  -137.996  158.266  172.288   13.140   -5.220  -12.143  175.248 -182.494  173.232 -175.124 S_00000001
  27 E   -92.408  120.866 -168.419   16.657   -5.568  -10.751  -51.651  172.828    0.000    0.000 S_00000001
  28 E  -104.294  -36.286 -173.769   17.383   -9.251  -10.209  -64.903  -38.545    0.000    0.000 S_00000001
  29 E  -150.769  139.044  171.559   21.105   -9.495   -9.487  177.993  -42.218    0.000    0.000 S_00000001
  30 E  -120.361  117.828  179.480   24.053   -7.247   -8.668  -56.764  -62.166    0.000    0.000 S_00000001
  31 E   -63.163  128.852 -177.950   27.548   -8.559   -9.389  172.273    0.000    0.000    0.000 S_00000001
  32 L   -63.183  163.688  176.566   29.770   -8.261   -6.319   66.738 -178.114 -170.884   76.077 S_00000001
  33 L    72.063  -13.420 -178.659   32.891   -6.092   -6.261  -54.563  -34.323    0.000    0.000 S_00000001
  34 L   -76.454  162.494 -175.073   31.107   -3.856   -8.766   72.521 -106.345    0.000    0.000 S_00000001
  35 H   -73.492  -25.697  176.061   30.637   -0.119   -8.254   67.779 -165.457    0.000    0.000 S_00000001
  36 H   -70.081  -42.727  175.759   26.857   -0.514   -8.175    0.000    0.000    0.000    0.000 S_00000001
  37 H   -58.884  -30.778  177.617   27.088   -3.023   -5.329    0.000    0.000    0.000    0.000 S_00000001
  38 H   -81.074  -13.168 -171.542   29.089   -0.359   -3.498  -65.071  176.651 -176.283  176.139 S_00000001
  39 L  -111.335   53.333 -176.987   26.459    2.240   -4.365  -72.734  -35.976    0.000    0.000 S_00000001
  40 L   105.929  -54.058 -108.410   23.451    0.973   -2.416    0.000    0.000    0.000    0.000 S_00000001
  41 L   -93.808  153.929 -165.966   22.422   -1.553   -4.583  181.666   60.548    0.000    0.000 S_00000001
  42 L  -137.400 -174.249 -161.090   20.494   -4.795   -4.227  -64.782  171.495    0.000    0.000 S_00000001
  43 L  -113.596    1.976 -173.975   18.743   -7.617   -6.027   63.378   79.040    0.000    0.000 S_00000001
  44 L  -128.177   45.897 -173.779   15.100   -7.143   -5.059  -68.833  -66.401  -22.942    0.000 S_00000001
  45 L  -131.722  140.562  176.332   14.278   -3.704   -6.450  -67.911 -108.275    0.000    0.000 S_00000001
  46 E   -89.695  115.971  174.286   12.168   -2.425   -9.342  -59.896  -48.954    0.000    0.000 S_00000001
  47 E   -71.379  129.887 -168.206   14.030    0.007  -11.591 -167.790  163.574    0.000    0.000 S_00000001
  48 E  -118.029  -42.490 -174.973   11.706    2.886  -12.423  -64.413   41.743    0.000    0.000 S_00000001
  49 E  -141.253  143.035  172.017   13.682    5.763  -13.928  -42.955  178.853   -0.345    0.000 S_00000001
  50 E  -134.760  134.276  172.627   17.055    6.342  -15.574  -50.213  176.256    0.000    0.000 S_00000001
  51 L    30.057   92.701 -177.230   18.754    9.596  -16.548  -77.050    3.297    0.000    0.000 S_00000001
  52 L   105.481  -52.779 -109.277   15.788   11.867  -17.253    0.000    0.000    0.000    0.000 S_00000001
  53 E  -149.693  148.230 -177.488   13.304    9.423  -17.441 -177.069   58.607  -78.433    0.000 S_00000001
  54 E   -92.290  119.929 -179.322   10.824    6.721  -16.439 -162.444  -32.572    0.000    0.000 S_00000001
  55 L  -102.126   16.326  176.497   11.769    3.194  -17.499  -65.456    0.000    0.000    0.000 S_00000001
  56 L   -62.371  -16.771  176.311    8.631    1.665  -15.993 -160.505   66.669    0.000    0.000 S_00000001
  57 L   -31.837  -63.768  -74.441    7.636    1.103  -19.619    0.000    0.000    0.000    0.000 S_00000001
  58 L  -128.862  173.095  172.354    9.640   -1.180  -20.583  -83.769 -170.982    0.000    0.000 S_00000001
  59 L   -99.230  155.215 -179.335   11.392   -4.177  -22.123  -63.151 -179.739 -179.656  179.545 S_00000001
  60 H   -55.297  -36.890 -179.633   14.771   -5.510  -21.001  -66.974  -14.530    0.000    0.000 S_00000001
  61 H   -65.382  -41.580  179.994   16.184   -4.595  -24.410  -65.943 -140.097    0.000    0.000 S_00000001
  62 H   -65.366  -42.970  178.530   15.012   -0.991  -24.114  -70.252  167.904  -52.502    0.000 S_00000001
  63 H   -62.198  -45.563  178.309   16.492   -0.629  -20.631  -65.652  168.548    0.000    0.000 S_00000001
  64 H   -59.116  -43.657  178.961   19.822   -2.067  -21.770    0.000    0.000    0.000    0.000 S_00000001
  65 H   -61.188  -42.213  179.208   19.897    0.343  -24.710  -74.706  -13.483    0.000    0.000 S_00000001
  66 H   -62.596  -43.911  178.559   19.224    3.284  -22.396  -69.693  167.477    0.000    0.000 S_00000001
  67 H   -62.214  -45.018 -178.765   22.040    2.239  -20.065  -90.895  -38.902    0.000    0.000 S_00000001
  68 H   -62.020  -33.667 -176.051   24.476    1.794  -22.949  -64.570   76.274    0.000    0.000 S_00000001
  69 L   -79.676  -17.241 -171.560   23.634    5.260  -24.262   52.719  -16.044    0.000    0.000 S_00000001
  70 L   -87.263   85.531  155.286   24.107    6.884  -20.862  -63.648   75.379    0.000    0.000 S_00000001
  71 L    55.931 -154.240  157.273   27.516    8.454  -20.608    0.000    0.000    0.000    0.000 S_00000001
  72 L   -98.970  -17.006 -176.940   29.980    6.773  -18.307   60.789 -160.062    0.000    0.000 S_00000001
  73 E  -119.618  134.420 -178.667   27.737    7.732  -15.392  177.466    0.000    0.000    0.000 S_00000001
  74 E  -131.202  136.096  174.895   24.079    6.808  -14.921 -165.555    0.000    0.000    0.000 S_00000001
  75 E  -105.267  119.735 -177.993   21.533    7.796  -12.278  -60.440  -80.692    0.000    0.000 S_00000001
  76 E  -115.821  135.460  173.308   18.861    5.189  -11.557  -61.770   79.667    0.000    0.000 S_00000001
  77 E  -107.013  126.429 -174.370   15.772    5.513   -9.368  -60.585  141.699    0.000    0.000 S_00000001
  78 E  -121.436  145.970  177.865   14.428    2.287   -7.878   65.245  180.308    0.000    0.000 S_00000001
  79 E  -120.973  112.256  178.135   11.253    1.432   -5.969  -68.664  178.698 -176.928    0.000 S_00000001
  80 L   -58.664  144.027  173.078   11.310   -1.483   -3.529  -23.924   35.962  -34.286    0.000 S_00000001
  81 L   -87.000  144.538 -180.029    8.397   -3.917   -3.669    0.000    0.000    0.000    0.000 S_00000001
  82 L  -129.698    0.000    0.000    6.305   -4.484   -0.545  -59.998   87.232    0.000    0.000 S_00000001
