SEQUENCE: gggggggaaaccccccuuugggggggaaaccccccX
SCORE:     score     fa_atr     fa_rep    fa_intra_rep    lk_nonpolar    fa_elec_rna_phos_phos    rna_torsion    suiteness_bonus    rna_sugar_close    fa_stack    stack_elec    geom_sol_fast    hbond_sr_bb_sc    hbond_lr_bb_sc    hbond_sc        ref    free_suite    free_2HOprime    intermol    other_pose    loop_close    linear_chainbreak    elec_dens_fast       N_WC      N_NWC       N_BS description
REMARK BINARY SILENTFILE    FULL_MODEL_PARAMETERS  FULL_SEQUENCE gggggggaaaccccccuuugggggggaaaccccccX  CONVENTIONAL_RES_CHAIN A:0-34,z:1  CUTPOINT_OPEN 35  DOCK_DOMAIN 1:1-35 2:36  INPUT_DOMAIN 1:1-16 2:20-35  WORKING 1-36
SCORE:  -1082.602    -93.129     15.209           0.820          4.339                    0.616         11.850              0.000              7.266     -80.677        -0.253           33.705            -0.780            -1.550     -52.731    124.560         0.000            0.000       2.300         0.000         0.000                0.000         -1054.148         12          2         40    S_000001
RES_NUM A:0-34 z:1 S_000001
FOLD_TREE  JEDGE 36 1 1  Y    C4   END  EDGE 1 35 -1  S_000001
RT -0.792788 0.562439 0.234838 0.575721 0.817519 -0.0143932 -0.20008 0.123791 -0.971928 -3.99612 5.40776 -2.09519   S_000001
ANNOTATED_SEQUENCE: g[RGU:LowerRNA:Virtual_Phosphate]ggggggaaaccccccuuugggggggaaacccccc[RCY:UpperRNA]X S_000001
LDB07AlgVFCU1l4YwkUJBBpMDdCk8kYYw//DwAdNHMCEpX6YwjEA+AV0/mAk2RyYwIgKEBFE+DAkMa5YwXAgEBByih8znXqYw3olDBVFrR8TxF5XwB0XAB953l67f98YwImuBBFF9I9LzfmZwI1tABB6Ah8bQGkXwieJABRG62+LVhbYwNnkEBxu5TAsIZfYwsnEhAFTAbAsoEDVwnnEqAFrPFBc0heVw93kqA5zmMCMT3MVwwDCyAp6DgAMPIIWwB3OwAN+iX+r4iUWwRUinA9dpc77ux7VwbMHeA1PcI+LzKPVw0CWNAN+5R8btxzUw0pwoAppnk9TAnUWwVCByA1jRr9jSd7Wwje+2A9WKd6bjo9WwrI0GBNhOmAk66pYwm29EBB2KGA0QGYZwL5FIBthcS6D8kwYwrsy5AhAFC4jRJ+Ywzj3CBduCS+LoA7WwKtd5Adom0/rzgcYw3ZGGBdZVOAcPI8YwY5PXAZZa8AMHvkUw8O0wA56VdCcR2eVwCltkA5xlaC8GFuUwCKG1Ahqkd/zvaUXw S_000001
LfaR6A5jek+7BqGawHzhxAtk1O6LXNGawaHa/AZRlT/rz1vawTT31ANbrnAckBxZwTW57Ahui0B8kXyZwQUN2AtWReC8bnbZwozM0A9bVSCsMdvYwf2OrAVHHqC8S3sZwNFurAFfWEDsx2RawQOJqANmckCsZmhYww++lARmx/Cc7nGZwpnvpABcVqDMPgBZwQqYY/ApKDCM15rWwPnYw/EiwpCMGb3WwPemZ/EIKMD8bVWWwc7mKAJgZuCcWQgXwoWOSAp6qICsDY9XwKIaJAJK5ABsAU1XwYFXr/Mm33AMBWJXwz4LN/Qa5r/LRh7WwBbRWA9l1DAcNHOYwqSMjAlLjvAcBUdYw1NeiANM2CC8oFVYwf4aBBhI0qBcCrkZwWGE9ANnbCCMgUQawRsy6AJkv3CsGEcZw5bSnAVw3PCsnvzZw59orANM22C8Y7IYwSfUcAp9r+CcziIZw1+1sA9lI0DsNlcZwKlyA9koKDCM+qMWw/nup/MzmoDMvicWwa+KR9kaBJDM173VwNtIpAt7XVAsj/sYw S_000001
L6mEiAl9/DD8v1zawW14dA5IyWCsLd7awRSMlAFHbfDM5mYbwRf/QAxgCbDs6Sbaw389RAlcpDEs+VRawlBB+/45nKEsX82Zwd4P9/Ees9D8U6OZwkhWE/kqdGE8iZKawl39T+8x3VEcSkpaw2JwC/sON2DMaTCZw9cpr+ScUGE8+WjZwqUjH/mEabEsdBVZwDb9KAzCxECsJdLYwB//LATwkwC827HYwvfAdATgaADcGJmXw0P26/GU8KDMbpXYwMy4V/Cjw1CsYnrYwygtL/ORPKCcR3wYw3+V1/qtmcBMv1fYwQwh2/2JkNAM0NhYwPps9+07VBCc7SHZwQBAg/kP4mCcoGPZw9wvf+s9BID8wM/YwDtIfABxhGEs7TBawsTNSA5z4LEcACsawvhWAA137ZE85owZw089D/QncwDMSjXawZj/0+sqzBEsTPmYwc3Pl/+ia8D8CvoZwgEt4++KelE8fYsZwD2kWAn9HoBs/X9Xw53leA/AbfDchGfXwv36jAfgFtCsxlOXwnY66/ET6qC8DueZw S_000001
LgYkV/enwPE8GyObwGJZ7++Dv0DMkvfbwEA+b/WXQiEMpesbwKjsDAbLeNE8nd2awP67NA/VlfEMTQkawVR2gAH9UZEsMhLaw336bAnc/KEcO3oZw59TpAHjDNEsiakawjqxvAXnbaEcdX+awjOfmADDb3DcMLiZw5tevAjbpBEspJBawUAr2AjnxPEsSQsZwwlZuAf1ryAsY8KZw4+U0APhJ5BMYn/YwK4l9ATXupBsFbrYwHFZxArnekCcLfHZwV25nArjbmC859bZwFCXhAf1RFCc+qoZwBZmkAjsP1AcBCgZw3t0fAnClj/7IxoZwWwgQA7BvUC8N18ZwrN0SATVR+CMAC8ZwwEuiAvqKLDswioZwH35DAnKzmEsT7Qawg99RAXLepEMtM7aw6pGkAjUPmE8Fd/ZwOLylAPeVCEM0l2awZgApATR66D87qEZwnNJzAngupDM7/LawFTC4A3zGcEct2+ZwZZRxAvHW0/rcpDZwWHFBBPFzMC8uhiYwmN0/AfC2uAsKelYwqcTIAbMLSDMDEIaw S_000001
LOue1AzY8QE8eYobw2yhtAThsDEMcr/bwSW56AzS4iEsK2+bwHue+ADFaBEsy6VbwR2uDBXgsJE8Xp/awACMHBvAEwDMp0tawarHEB3pfWDcr1PawdqRJBTcrPDMFHObwW5wNBXDweD89Xlbwfw1FBjgZqCsbVSawNNeKBfQ5oCMVRyawbCXPBb+CuCsetbawACX+AjK4F8L+Ubawp89DBPywA+rcUMawm8dHBrkgE3Lqy9Zw8HQFB3pjSAcbpLaw1rSBBnKOEBsCZbawCnv4AnatrAsnGrawSKH2AD4xm+7frrawzKytAzN1D97gW4awuV5yAfgbyB8VQ4awHPK5ADesZCstgwawo2ZBBD28NC8Z+eawEueCBfCuSEc8Boaw/S3FBLnbSEs4UTbw1lOKBHN38DsBweawYmZGBjmcIDsONibwP9IHBfKLiCsz61Zw+YbKBDbVOCMcADbw1RhRBzz7DDc7AqawN3P9AbZZl7jobaawE78KBrOlE77CuyZwQEjGBXfJb9jSN+ZwfxL3AHEb3Csuh2aw S_000001
LvyBPBLFGMDcPOUcwyI7JBDjZKDsrgscw7NpTBXLKkDs6AmcwtI7QBLROcCcJfLcw69zVBTcrTC84+1bwTQgWB7XBJBM8Vtbw/vKSBzkfqAcrfSbwb/UWBH8tOAMUQUcwjDNbBzNkNA8DbrcwUU4QBzRZm+bEFebwqh2UBfeCi9bP3Acw2AWZB7PtJ6LxNtbw4teBBDqnv/Dpb+bw6FkGBn0yJAEhWwbw2EuHBTDncBkBBqbw+HQKB/okd+zgBpbwiIbIB3rcUxbgBxbwVpbDBvPyM7LlE/bw/hB/ALEGZ8jQ2Gcw1Eu1A78ep7DIbTcwHeJDBzh1j/L9UDcwJ14HBT+uMA88/3bwHLSLBPF6W+Lresbwvh2VBvtMjCMCwabwCsyYBDhudCMetHcwr25ZBHHMABMYTebw35bTBf9ZhA84Sncw4YbRBjw9+8b6oEbwZALTB3tgW6r+AWcw57ncBXp6q8Luv4bwAoF+AfZMoA0U4CcwH8SLBfBQtB089fbwoRBFB/iUECUGZvbweX6IBbyRJBsgt3bw S_000001
L3NJbB3ZALAsM2edwh9IXBbdXKBs/CudwUMYgBf2oQAcCFudwyL9YBvKC38bx4pdw8+JcBntPf7T1lidwV78YBHwXa/TGbndwjbSUBPPBW/DcpLdw/UjWBv4f6/jGbTewlCXaB3/naAUXmxewWoFQBX1faA0VPedwFbHSBPRz8A0/VJew9BMUBHeSICECXDewZqx3An3NJA0Nzwdw2WP+AD33PB0NzsdwP/U5ATMHOCU02tdwnzXEBbTKMBUJGodw1QLGB7Yg1/jjtndwAsSDBfFP/8DLdrdwseU7Arm8S9TxgwdwWO00Az5uK37gW0dwNepGBP4Q26rOgpdwS4aLBjsqb4zAtkdwQ4aLBfJVD/DBXjdwmcodB7XQK7zSkFdwX6GfBzk2j7jyO3dwuiMbBP84dA0qIfdwYN+UBfWIQ+DLJeewicIPBLCoKBUdpLdwKdTPBjhp7AUvKfewvisXBfZPKC0wLRew0mEwAnQ0SAERK0dwJTi9AnpaoCEyKrdwh1jxArovPC0GYxdwHwqOBr2qH7bWRidw S_000001
LgmZaBXU1o/jEahfw9NJbBTVsy6DjZefwoALeBLUMoAUDZ7fwvvfUBzOJGA0tfyfwo9ISBTwgg+DY7Igwq+eOBDkuBAUXlXgwWcdRBndqJBEBBggwMXvJBvOgtAkd+MgwNXPFBrDFu/TJxKgwQu+NBvBCICk/Ujgw3IbIB7fs1BksdcgwOVjFBDT6WB0vfugwe/0LBzziUEU45Tgw3iMJBXvKHEUX5ggwos9JB7+qkD0OJkgw/RBOB7PLWD0DCYgwnZGRBnlutDE56Jgw1k4PBjGvMEE+9HgwSQgSB3HFaEEB/1fwtI7UBTAAUDUXPAgwhoFUBrKHuC01jIgwaN+PBrnFtC0oFXgwTu+UB3vhW9DMeRgw3HFQBX9TN8znwBgwCiWNBnxk4+z+UjgwW14KBvfVGBk+p+fw/L9NB3eAPCE8nygwDShGB3YRSC08SVgwQBWDBjPNmAUJGqgwtbSGBLanNEU2NpgwMNeRBXzMpEk9m0fwDcdVBrLyUEEkWkfwDUNWBDQ1UCEIwEgw S_000001
LekNCBXNff/TeUofwHXPGBHPg1/jx2FfwH/p9Av9pG8DxLpfw+is8A3U5ABkYlnfw/gA0AfYnHBUfUCgwhPKwAnCYRC0fUEgwqAr4A3jDtCkWOMgw6OfsAD9pmCkHZffw1fqhAvy4dCEDWVfwZSM4APkDVDUCBCgwRO0tAXw2VDEoZqfwjFZlA/ockDk2jCgw1VZIB/grfEUyL1ewpjCEBrteiEEUiNfwiyBBBX25TEUsHhfws25CBTHFAE0gqZfwBvUHBbAW1DUIaBfwwQLKBTWkLEEkXuewZBhOBLLyIEkLHWewWlDIBX6RJDUX5Afw67HEBbEu6CkygYfwwh2AB/PLaDkygofwgdT2ArvMzA0pbQgwNqGuA3nxjAkwf6fwLUNqALbTSC0zhOgwjpbxA7eAfCkdSIfwDGE4A/+/rDUHvMgwCxguAvGbnDkygQfwnyheAXvLRD0kCBgwtn6CBrDYxE0QgRfwewVQBr0NVEUjsJewxk4PBbDt0DkHvQewgWkDB3RMcCETLefw S_000001
LwEDcAvbUYC0jWkewcNemAXPj/BEiqNewdepFAntgICE87jewnKHcAnw3HDE98Rew/grLAX0PlDEnDdewJz3RAv6SJEUYPSewVFZjA/NKOEEBAkewM57TArnbOEkP0idwnOKAAfrzTEEQfPdwahWpAzDuaEEuIHew0KyhAP5RhE0nEjdw5oGZAv7o0EUtdudwojiHBz/qcEkQ1EdwkNJEBHQLsEkueQdwR1j+APziqEEXkhdwRw17Ary3VEEJwmdwkd+ABjRMEE0lYcdw1UDGBfIGIEkwfKdwv5bJBf2PxDkY6+cwD0i8AbS4iDkbRmdwRpbzALTOwDEPJ2dwOsdyAT9+NEkDX3dwTX6IA/yOjDUy17ewR3P9/GlwdDEPeNewT9THALlETEUJweewS4laA3ZSCE0QKUdwFBBsAzTjnEkjsVewiUjlAP3liEEirHdwROKKAb26zEUpFldwpnaFBjN06EkhrLdwlI7MBb/q4D08nycwLKcIBvuKTDUGuCdwNO0tAHEvcDEUMAew S_000001
LB+Uz/6HcNEUThfcw+69b/WykwD00Mjcwi38V/GCDgEkP0Ocw0rdOAfwhKEUAqCcwNb9YADvgcEEscwbw6yMoA3LJYEkKxobwzUjsALkuLE099LcwB14qArb+KE04PBbwRuJrA3+VXEE3ObawzmE0AnM14Dk4k8bwgco1AzpHBEUd9MbwqmE+AvKIQEENIIbwOJGwATGxMDUjWEcw0Ib3AfU6qC0hVCcw+8dABX/ryCUPJ6bwdf/zATmbCC08RJcwJmupAH081B0GDScwQmumA7dDlA0CrYcwYJGiAj8qcCkgUUcwkWklAfzkED0FYNcw7TjXAfBtoEk35DcwRLISAvACgEksHVbwo//rAvu1lE0tInbwI3klAjiE/D0FD+awXU46A/M18DUirLcwX++2AX59nD0Et8awgms7AfQpbEEEF1awUtdeArr3XAkyKfcwNhAsAfIkt/TmCXcw3rHVAHK0WCUNyacwcpbgAXOMcD0P0Ocw S_000001
LspGoAj5nME0LHuZwPw1dAnx57DEzL1ZwkTNnA77+dEEz2NZwN8SyAza/8DknZiZwxWP8ADVPIEkfUYZwTQgCBrgtvD0b8SZw6oQDBnkaYDUAq6ZwkvfBB7O3MDk56xYwIepCBnJJaDEThHYwkXaEB3tgsCUPJyZw2jCFBjtgoCEbmBZwEueKBHervCUDs2YwW3EABLGxQCkiADawQbHBBzDHKBULGIaw+4lFBjcstAkrb+Zw3sd6AXGJWA0HZXawm46wAzLN2A0Ykhaw/vfpArukAA02iwawJVjuAfEbHCkIvcawf8S2A7L1gCUbmNawpTN+AXHGSEUGZvZwvte7ALeVQEkam9YwwP1FBb1l+DUirLZwxOf7Aby5DDkWjzYwrbyHBLW7kC0KGAawKaxDBv8qMCE+S3YwKepKBrncEDU0MfYwvmZiArEJWAEeS4awDvJrAPfKH+TwzzawgQgnA/P4SCkdSkawFv00Aj+W/CEDBKaw S_000001
LNO0+A7CFGDk23/WwNNezAPjFBDkHDaXwyluABvAZfDUTLyVw8n6BBbQjXCk9m0WwvJRHBnJJSC0hUYWwxd+IBLZrHBEotbWwnVuIBLCxoAU3MzXwaihFB/M5IAk22pVwwbyGB/cZGAkLaRUwzF5GBPD3k+j8P1XwjljGBT47S9DLEYWwMVjLBTxJH6j43/VwK/pBBv5Ga+TS1QYw4R2/Aft1I1b/SfYw7byCB3ggF+r0LZYwwgV2ADyrb4bntzYw5/UwAHSlu9D445YwbAAnA3Q7H9zTLOZwL8nzA/3AOAUXjrYwolD9AjhxTAERfXYwMepJBHmGjCEc78WwhWkHBjjacC06PdVwlArMBD+YDBEATHWwTIwBBntkYAEItwVwHShJBftb98z66JYwk6mDBDFjD5jmrPWwTwqMBDQKn8j5NJVwwmZiAz/iH/D5OTZwtIwkAPzKZ3LA+XZwzuJvAjzoAB0dSwYw8Ld/A7t5LBEDWNYw S_000001
NY2OCBTPYg/TmWMTwVHa6Aj2raA0lrnTw85bEBzUqBAkz01RwqpbBBbOQ34jJYVTw6yhFBTqW58LAn8SwawKEBnRaJAsAnUTw1WkDBnoUQAMQxwUwjT39A3UGsA8NaxSwSHv+AbZeJBs31bRw+hr+A/I/JBMRcFVw3GE7AnoTyBsvFxTwoJmABnKueCMG/hTwlT31AzB6bA8NaxVwXcSuAfOCMB85heWw4tIvAPckNC8ycgWwzwKmA7jljAM3KHXwQJblAjJMd+7VKEXwT4kaALOpl8L4LtXweAAtAbhve7bRyWWwvf/0Ar+FJ+rX2uVw7z3IBTYJw7rh9YTwISBGBj8hr8b4h+Rw6ZGHBTVyuAcRHCTwLGZ4AvEe+/7VK0SwCHvABHPu2B8MZrVwEkXzAr4d+BsIWxTwGe+BB/A9dC89OnSwrkCZAbW6n6DPGsXwBSLQAvBGZ+bRJGYwPlYsATBfK8je7UWwV7R6ADMBL8bCTPVw S_000001
Nvbn0A/iOEBcBncQwgW5uAb4ol/LC9tQwqmZ4Ab3GXBMc1IOwjOJtAT+kICc3f6Qwy+TwAbxxzC80duQwIJwoArzdSDMB7ZRwozhoAnUJKDsGU1Sw1PJaA/nrPDMrC/QwusxVAnXLmDM8ekPwJ45bALMZPDMPFWTwqveOAzWghDMNvMSw5XkPA/OdHEsqCPSwMNdTA7HBmCcOF2Tw2doBA/EqmCctasUwjf+y/OWgJD8EAAVwt4Oz/2GWBCc0fKVw7+oCAbJp4AMta0Uw5nY0/uFKh/bclTVwdLxUAb+L1AcEU9Twc3jcArPX/BMHAgTwAyg3Aznr3CMWJGRwKOewAzOF6CMVDiPwNeTrAbuvvD8nUQRwrXOWAHaixC8hn3QwPeTcArMEkDc/PFUwvCV//e/QXDMObPSwMc8SADNxMEsjoVRwQudAAnpnk9LFrEVwpQyW/CVqm/7Qe5Vw4/TbAfar8/7QctTwFygkA3tV+BsMD6Sw S_000001
NRg+CAjgRWDsHTnNwh23DA3X2mC8eNeNwKSKEAL31vDcUbHLwcpVW/aCTjDcJWJPwwgQA/uOdHEcA7hPw/SRO/Uz1JEsnYoQwwq57+Ud8AEcDr8Rw4iE//sgS8D8FDKQwOP2KAxPeJE8MdTOwTxi0/MMatDcOzcSwIMJMAd3h2Ds0icRwtDuWA1udOE8na0Rw/b/s/kZ4+C84koSwlX7EA9ipnCMb8aTwggWUAF0f6Cs897Twhw2BAFzb6Bs/pmTwhfXi/AWdTBcxfCTw5kIb/4KP//b13PTwv3kD+YtaACMU2OSwo2Yr+0rZqCMtxDSwFTKo/+V3OEsgSMQwzoPq+CGCOEsYLyNwdLhb/IrFZEsWNuQwET62/cRIgDcwznPwPrz7/EiT6DsKGUTwiNKWA9qZeDsqcYRwDgrfA5hqLEM+pmSwQ9/K+0yTC/LQJ2SwITPy/UCKB/bAVzTwzIAI/yvtjB83i0RwSsol+e+l6Cs0ggRw S_000001
HIZ9MAFIU/DcRAWLwJWzv/gT+sD8JllKwv4DXA9oEQEcozmJwNzcdAR51YDMODsLw54PpApvMgDcvrpMwIxTuAJ/o3CMMMsNw60GoAl9vnC8RL8PwQXjuAhv9RCcgAxLwmlH3At8IUCc9p6Jwj1toA9gQ1B8fe/Pw8o4vA5uJZB8YOrNwf8m6A58mSB8E/lOwK1lbAJGsQBchEzPwimhYAl0L//LqwaQw94YjANuUs+bCL8QwA9DEAZRwA/7+oTQwFbYl/Qs7IAMu0ePwqeGo9gQaI/7ipbPwZmGu/Y0kcBMzycOwmJ1KAhik8BM4HpOwyi9oAZMS1DcAcGOwIhptAJUkrDMzZMLwvsl1AhAG+Cc5uSOwc2nnAFjvPCcMI3KwFD/rA5ahjBcN91QwgwZtA1QfjAcC83MwM8N7AN81gA8VzxPwAliBAdN6b8bHxqQw5peO/ARG+Bs5GnNwdHaNAJZ8aCMq36Nw S_000001
HFkD1AZo7KCcNCmFw753pARWZXC8HwVEwe5A+ARUHeCc69gCwt571AFldwAc2tGFwG1b/AtP7EAMPVnGwR5C9AVp9487hsfIwxdK1AlOjd97CCnKwl283AFbgW6jT/PFwnod/AhKfu9DFH3BwDjVuAl43z5zVXrKwiEkyANZHe+zEnlIwvyH6A90aGAE0N0JwNRXjA1JWs5bvSDKweJ7VAt28O8z5g6KwmtcYAxqtM/z9EJMwXT6BANwat2DapSKwP1E6/Q7OJ+L866IwdBoI/UgTu+Lj7gIwTaNPAtXPr/r7yFIwaJchA1aRz+rcErIwe7oBBV8dnAcYaoIwfF/BBRm76/7v/cDwdq0BBp7v16bmNQJwhZfyANq4a4rfzEDw+iXuAxo+p8jyacMwCsvsAlBQe/DapeHwL2F5AhcmABkqMIJwd0ir/YuDh8TOk4Kw8APNABQRrAcOcNGwYehnA1oi4/7QNFIw S_000001
H4918Alz8R+Dn0f2vkb3zANSay5DsBxwv5/hDBdgkH+Dlkxhvmjn4AJGApA0S6I1vETs+ARNotBkJk36vdQ03AZE9UCEOTqAwZrQxAlsm5BUu4SEwePpvAl76uCEYSE7vzGA0AJ8oUDEsRF1vUlBnAxhNOC0Yf0EwLBMnAplM4CkzrwBwRVhqAl9fZDEcDQFwgaceAtCseBkZOkCw8aPJAFB5oBEApAEw4HFDAdIsQCE81/Gwgpw2/cyRuAEpL1BwCmZAARDyX/TqB28vOOHk/8g6x9TK5l5vU0nWAFDgK/jFRN6vQGPiA19adAUqNW+vIFKCBdeTWBEEWf/vbgABBdOvGCET6+xv+Ve8ARABoC0fQuCw2+gsA946cCUGm7yvSQPlAZx3TCEwVSIwxhOgA5ab+CkWuIAwm/0kAJHFfDkQ22HwFHFR/0gX0AEbTzCwRhobAxZYf9z2r0yvJnypAR7jXA0Lha8v S_000001
HGLy2AF7iWDkn8/zPKGf2AVJMqC0tZQ6PKZTAB5muwDEThs2P23BtAh1TwDkEhF7PEwYoA1WyJEUNMRzPbrVZAJlGGEUB7ktPaajWApa/jD0ax9ovFr8KAx4AEEERnJ9P17NFAlfCYEUPq0AQU5FDA9RxPDEbuJhPvBAw/QW3uDEDFz4Pfg8H/4PxEEEMQZrPv/Ma+wzoHA09A0+Padhz+KMUMBkQ0K6Pudb3/ie+FBUqB+4PP4EZ+s4GJC0Y4z1PIAsx/Ai/GCUvAt4PHQdEAlQjMB01BS9PxSDz/oS8BAUL3XAQJ/+AAlGCC+zYpfCQK3CaAJjEhBkqlr9P1tIbAN6pWCEdDb5PwRlHABlJmC0qEd0PHtJsAlM9LEkX1OhvG6KpAVMqWEUJBD6PjfAUAl9xREEmC+gvldQSAJ6z2DkB6SBQn8I0/8AZLDEHOXyveW2g/cUjfDklrg+Pek6R/8OtTEEOOuxPdB4p+GUst+z3jeAQI8wDAXLD1BUs2YzPxYPDAT3cSAkGXX7PCnRkABHimCUYnl4P S_000001
HEqO9/sWqZE07UBHQI7uOAhrqNEEJPGJQ4Eq0/E5ewEEjuIIQesCC/I1/MEUJ8WHQ3KqK/auJWEU13WFQTw46/WSQHEEZAEGQIbey/+lTmD0ksWDQW9iCAfPtAEkr94JQkqJOA3LiQE0rBULQVrsCAzukDD026VGQQSzOAXLxXDEotgJQ5UIiAfAnfDU06tIQfuep/CHE9+DCkALQkgzHAvqLFA01sXKQ+BkZA7rFu+TLfzKQS4ZJAXpZTB0b7XJQSxHs/CKo4Bk1EEJQrZCC+K6sXB0owoJQhrkJ96/vDAkJFtKQ5hPe/U1i2+DR9VLQUCLX/kuNJC0FzBJQk9xW+c6ZqCUEJHIQXbvk/6SukCE7+EIQ7HbD/OlSZEkEtiBQFeKW/6ZijEEbXRHQCiKKA7D4NE0QSeEQD+Sq/uya7DUVz1KQBo3MAXMF1CkOD+DQjOGOAvWvFDElPHLQtJDkAH3D9DUDNMJQOdlq/GjaR8jH/uLQJx0jA/Lpe/TxwYKQbehYAXcdo7DcsiLQ/f+J/QArEDUeLBHQ S_000001
NuahMAjozREEoFhOQToUr/KGkPEkuaRPQJ5wYA//2kE0t3aPQ8X4YAXM/5D0WRhPQSJrnA3uD2DUm+LPQvxnrA/erKDEVMCQQrKjmADdipC0JqeOQx7GpAbsJ+C0jGeRQtjJwAn0ERDExRaSQyG4kALK+DCktrDQQnFxpAPSkNC0nTbRQtqj0ATAt+BUjAcRQZcPm/eoLS8DthVRQyCFJAX3eG8T9FZRQ1etRAPKhd8r6P2RQnjrVA3JAD/TrtBRQMaaKA/o3lAUiJmQQ6PEp/WWRvAEnAgQQtWk5+WDfU/D0R5QQReQS/cGgM/z+o4QQqFLd/+7l/BE/aAQQHxvBAL1aSCEaOoPQo11SATr+xBkkpJQQcsdpAr4N6DkHATNQhuPrArNGGEUECIQQklYzALYPJDUc5yPQgxvhAf1pGD0+orRQPJxoA32kYBE5tRPQGpllAncdACUBiJSQqEH5AfyRWC0kTyRQz66M/SMbk5bXSoRQovpgAfrh08LBM6RQncfIAXf+t+7clHSQedNDATHkvCkwb7OQ S_000001
LbcUsADMwYDkLQ7TQ7tVhAv86qDko74TQvU80AX5IwDUe+oUQQimrAzOypCEahiUQWt90A318QCUC8vUQZSSyADLsIBkQ7NVQpI2rALXedAUe2NUQBHorAz0oCBU1KfWQF9vxAbFOOBkWrqXQpbUkAbKFK/Teu3UQYBnmAbAVU/zBxXWQEICuATRTk8j6+tWQYqjq+Y2PY3Tcq7UQVDhS/+yAR8bNjWVQXe/F/6jjl/LW02VQ49OAADzmV2rlKSVQmQgAAPAcV+zgQwUQMiIe/Ccd2/DXbTUQ1ITr+U9Kx+jfgYUQSOCt/skKz/DXTCUQV6Et/q3zJBEt/0TQToQLAzbsHBkyo/TQrmXSAzfC5/j6QjUQfD+4ATkKPC0RJ6TQecb5ALdBfCUwHbVQDo84APMroAEhJWVQWu8lA7C/tBU6RdWQmqwlAz/Ur8jSZjUQFlAgA/9xL/jzZ5WQRPzzAjHjE+jEKQXQtPRm/gaBy67TpBVQucdr/WokUAcv/KWQ6Gxn+ExmKAsgQ6VQCswUALk/2BUdwvTQ S_000001
LSsJsA7BRxBETNgYQAGIlArsBdCUWTUYQ5Tn0AP6r9BUbABZQBmukAT6AkAEkUvYQoaQpAbS/s+z4k+YQhFxgAXMIh6TrVHZQL+CWAfqH4wzTKgYQmcEQAzFG48TYrmZQV9jWADs8d8DoASaQoI3//GbNN67DJqYQ7np7/uwtf5Ll3aZQUKLBA7NdC/bF0rZQn63MAlbzx8zid7XQetqEAVX6F7r/STYQL2rSA1XWr+riqeYQwGZg/Qa3G87JGdYQIR5i+E+nE8jjXPYQSR9L/wTaS/jaLzXQUd/AAJY/j/jOqeXQIJ/JAJqJtAEhS4WQPEYx+uJAfAUXkiXQKAOt/q7Hv/za3BYQYOti/mVWr8janUYQICPuA/oTA+DkFpYQqPMtAzTNE/z4EZZQaeOkAvinA8rNwRZQkauLAXMTS/zUtgZQxp45/GE5X+bEPgYQFqrf/igoX4TZhjZQFsdLAf9h7+LAYDaQMpTcApz1z8DDCwXQebuNAp7hIA8gIuYQkj7gAZPAf+bShXYQmBNFAbISOAkw/AYQ S_000001
LG5XLA/D6D/Dv71aQQCrJADlc6AkW3kaQzVkWAnBgl+j3KfbQSvon/OANv9zn15aQCQng/6T366botKbQSY72+wxdF9rFMHbQlhQV/gmBI9rOkaaQiO5t/0Nuc4DsncbQ5Ygw/wC7i0bTfJcQt2fDAFr3B7LJWXaQTRnLAdHqu4bMDFbQN2uUA5OQx+L5/TbQv5hrABEcnA0wXFZQcsitARrs7+jHFcZQh6v3A96CH+D0KdZQghFmARZ2E9jCNwZQpdmYAFiIp+zw1rZQWQ4SAxrodAUr6VZQf0ghAxF9MBkZcAZQ9FlgAlBsHC0rTrYQ7TF6/A9RsAUGIZZQ8CBs/o0Da/DpjwZQ+V4FAZJ5V9TV98ZQUqQy/uEAB+bi76aQpJHp/Gs0A77q5obQQEKC/kTUW/Ll7SbQlK8l/UeyK+zbxWbQkrVLAlvDP+b6CKaQBd0VA5haS8TGmGbQaA6OAhmUL/7rXwbQvinxAVjwDBEmk3YQQIq5A5+915zk6sZQr4T9AVVaI/D4XOZQPzd3+wm+L/DrZ4ZQ S_000001
Lib31/4thc+DY3ocQIjpO/otgRAkT4acQajf0/w6c68TIpVdQUFkSA5vff/jkgfcQhMWiAZiWA+DHEtcQHUisAxslF/TWyZcQdYqrA9/yL/TFcrbQWtYvAhde+AEnjlcQy7rzAJTDGBEfVPdQRR6xAVE6pAUoVbbQGxD3ABJFXBELzBcQBzsABZLL0AEr2IcQmE6vAZEYIDkGroZQijq4ApzGzCU/j4ZQSmFBBxU39CkNynZQEiK4Al0aVCEAqWaQVCCuAFmjOCkO6jaQJbvkAdvAiCkLKWaQRYZlA5b1BD0i21ZQNSJcAJ8uWDEXblZQdY4XAtH5RCkn3raQmu5fAhK9qBEP8FbQIU4qABspjBk7vCbQLtdhAZFyK2DaakcQnM3iAxTGG+zxVMdQE1dyAVjsy9znbhcQ2C9oA9DFiBU6tjcQiuh3A1YeTAkQjIbQIhU3A5hmKCUfu9bQlVGBBJ9rmA0VUncQeYIxAVQ1dDEIWSZQgfWEBNkwvCki5xZQIeTBBtD1TDU/fRZQZCOXAV47IBk1uZbQ S_000001
LIS4vAxUSJCUNMudQ6qGkAV5AGCUwgzdQ+p42AxpUJCENiUeQTGXyAVqdzC01STdQfAQsAxYRZDUsXZdQjW9yAxlcAEUXRTdQqMS8AplK9DUicudQGK83A5DUDEk4OncQbJBxAlRkNE0kvJcQW2kCBlIyIEE31adQeJxABpcnREEGOwcQjhY+ApuSnEU5W1cQP2UWBxnp6DEFoxcQ5CPTBt6zOEUzpycQ1YHOBBmqQEE7u9cQOoFMBlcF7D0K8IdQjhwOBhjWUDEWhJdQ3fKUBhEwUDUfH9cQcuPXB9Y4xCkVC8cQxdYLBhjuzCkF3WdQxo0GB1LHHDky9ddQTh9GBtdVyDUJMWdQkXTpA5zSZD00c2dQNvVmANwoZDkIzEdQSwvuAxY/MEkMvbdQlHg6ABM2qD0d4ccQ2+vDBFilUEkAQtdQfBiDB56CQEUMLacQUTH4ABeDqEkZYjcQgq/UB5EKcEk5CqcQlp/aBx8I0CUDHzcQELxVBJNCWC0GPEdQq2mDBJ0H4Cky4ndQ S_000001
LHdLvA5shDEEJ+abQQ95vAVfxXDELmebQJiblABUbNEEQZIbQ/oO5ApGpLEEVIAbQGom6ABQthE07s2aQOlADBVVtmEkkrqaQquoGBFsehEkkqNbQkXPFBtkhaEU3gEaQtGBEBx1TkEUI0cZQqpaLBBM7YEEmZ9aQ7CPLBJVxbEU38MaQYBTNBdyQwEEkTCaQ2Y8XBRZ1wCkW/TbQvA3YBN8LZDkAeHbQu+ZVBBkK5DklPCbQ4zZQB9pXsDEYiLbQlk1OBBQEEDU/yYbQFB4SBtDClCkqFdbQ8s9RBxxp5B0bkpbQ5MWJBlbpCDUiafbQRwvHBh3fpDEfKWbQUozLBV+MCE0l5JbQ1eo4AN6KqEUe6PbQ6m51AR2mlEUf3eaQO5TDBF+C2EkZokaQycEEBhDlLE0IGGaQWMfOBRFygEUlAJbQ70KNBVfSQE0JL+ZQLN2KBVAQ3EkAPuZQdtmcB5THgD07QBbQEg8UB1MLRBEv+rbQLWUOBVnDnBkdWwbQPq/DBpHfyD010XbQ S_000001
LUD1CBt91VE0+YzYQM1I/AFrNDEUmIBZQ7u0ABxHEkEE23QYQDikIBdPONEExilYQvjUMBNm5aEkZGRYQi13RBxZfREEOrRYQ3ZSTBllJLEUY78YQyxrSBBCx6Dk8CuXQGczTBZXzBEER8WWQxSJWBdBevDEtZ8YQu0ZXBFCUlDU+oNYQ0zUcBx+84Dk4OCYQJqEWB1yT7A0tZJaQqUCaB14lrBUqp5ZQmZxZBxshbCEn7lZQjpqUBt7woCkvziZQ4JLQBxejTCURcxZQtl/QBpu2XBkRxFaQooCNBJ+tnA0tdVaQsclLBBZ9qCUNooZQqSYNBNoNNDkOMVZQet1SB96/NDEDkQZQQpXMBB/toEEr7fYQLuNLBBmJdEUzxmXQJzaUBx4WcE0g1HYQYKhPBVPeoDUVWzXQ+xfZB9hsyDkEYMZQM2dXBJFZGDUSXIYQCPCcB5SICE0iKKXQlPpdBpRBUB0wF9ZQzS3NBp46h/jUUjaQm3UJBhfG7A0oMTaQwOCLBtqKkD0b2KZQ S_000001
Lu3uRBxH9mDE1lIVQfAfMB5Hk5DUjNwUQx6LWBpQ1mDkivJUQ75vQBNm42CUermVQq4DVBtVfZCE6LtVQJV7TBhTxtBk8DuWQLmMRBpvBJCUhl3XQz0QQBpOzlA0RyQWQ459SBFEQM/jBvgVQ01PNB5mRYB0tdLYQds8NBVKAFAkhvkXQdgqRBVH3f+jvOIYQ1p0HBFMX9BERLGYQArmDBZOzZB0UsdYQPAhEBFLxcA0mB2YQHhP9ANSd6BEZbZYQ70f7AVCBeCEAK+XQ0GixApmEtCE033XQ6x8BBhKzwCULgNXQVU3GBx4YgC0AbWXQdtSYBFoApCkIO+VQANqVBVXOMCUaI1UQbbVXBFkGVBkL6AXQFaXNBJc39AENAuVQWi6NBBziNBkY7pYQFGhKB50+P/zf5bXQ0zVUBBKAt9DzhnXQb/+vAZLJFDEjpRXQy3wrAZyAgCkauMYQRERBBVH6IDEm6mWQCuzJB9M5sCEje1WQ S_000001
Lcx1PBB4RF9DODYUQTpOMBxC1a/zLZqTQGx1TBprw9wLWzmTQroOMBxXqC6bMfMVQkSlOB5cnn+7mO8VQAJeKB1c5DAcoCwWQ9w9HB9YQV+7uMtXQc4yFBltZpA81P+VQQNCHBpvq4BMCzWVQEvaCBtGb8+rpy1XQcOcBB5M1vAsiACXQ1QQCBJh13Bcn73XQ/gN+AFP+r67JQXXQebbzAlncV67kSvXQLnvvAVCQZ+bReOYQlkNtAVjk78zyVUXQk8WxARSoY/jLWjWQgC8qAB0zrA0aQKWQe0S8AFxqW/zIzJWQKsLBB9Wpo8DD5kWQBlRRBRTkv9rrBjWQHQVQBFaY3/LApUVQgHRMBxUIyAshLPXQJLrEBhieAA86LSVQeRoBBxiIS/bYHZYQ+bu7A17DwAs1ToWQ78mEB1nUQCM6uaXQXivtAZu4ZB00LmVQcXajAJwPsAEY6bWQaIR/AljxYA0SulVQAv8EBRlRh8j49TWQ S_000001
Lm9HEB5w+JCMPS/TQ/WmDBRMjGBc27ITQFj5GB1sYwCcGDdTQ6Ok8ABQGYCMGxcUQX0/6A5Nc9CMM9OVQcsgvABB3BD8gYrVQ6bhsAxShdCM4DgWQypJnA96VCDsWmkUQGs+lApKGrD8i19TQpxwhAlUFRCMK9OWQAfRaAZ17yCMwqSVQ7R9QA9QKUDMqOEWQS7ehANdELB8mJpVQXFhPAR6feAsMnpVQUl8+/c4wABMJWJWQ65kOA9z6d+rPmHVQQpBgA1kHu8b14lUQEoWeAxEVM8jaBFUQOWBqAN9Vu+7qXkUQj2YqAVWwlAc0UGVQoIn/ApY97CMBnBWQcP+8AVtmWDMdBtUQYvzuAJuFcDM9UNWQbyIpAFxXtC8Lv4TQY2cbAt9JRC8QwEXQDZ8PAVXXmCshrqUQtsGWAREzvDc1BvVQCKdlAZsr79zwxrTQDrkQA5W0B+zNHGUQ8bZwAVzNy9LCgLUQBaMxAFg2EBcc3FVQ S_000001
LYaeiARxxuDsQLbSQ69+nANIXMDM/wqRQ79zjA9oBOEcNSASQEJAMARVTkD83IcSQjrY6/8pUAE8qPDTQHLn3+U30tDMW7FTQKqW4+I0oGDsjz3TQAeLI+athgDMEVwRQ+zFO/C2nBEcJZCRQNkC4+Sp0nC8mrSTQ15hl/CNn+Csk9JSQcCuFA/bhRD8MCrSQNvDq+0xHCCMIL0SQMaWv+qAb4AcAMjSQ/nJz/6wi2Acr7tSQMZCn+spZl/rlSHSQ6R/z/UI3s/biN8RQh7/DA9cZA979mgRQGt0FA9QhCBsP5MSQHC91/krgDC8/doSQRL6BAJVVDEc+29TQwmq5/sWuNEcMxiSQClqK+qTQBE8AMhTQIVuC/w9KTDsnVNRQbfui/qbneCcqE+TQz5vr/KtBrCMuiaRQvPeGAXDXvDsy4XSQ18gTAB9GD9LxyXRQ14m3/ov+D2TBJVRQVtWVAhEmEB89iESQLO0CA5h+dCM+Q0SQ S_000001
LXpSO/SyeBEcrE3OQ9HAE/MzWwDscG8NQfh+j/qzHXEs+Y7NQsEd8/iEciD8PnGOQ0P9TAD5esDMfvoOQ/UPhA3R4GDshWGOQn0gcAblIjCcE3yPQZ13gAj/h0C85ESLQARQnATLxLD8pWcJQq9leA7ob3BsyAYOQyzkkAvNoGCc27sLQUM3vAXfZECs8QAMQVFYJAvXVOBM6uBOQTOtIAP3Av/LvYVNQN8uZATgsf+LZECNQTRIr/W89g+bucANQrP+X+KfF5/7cwVNQEeHc/YVzm+bqu/MQiREa+uY0UBcD0COQwjUt/SJu6BsJZXOQD6WVATa30DsSkQQQCTUYA3vPCE8NFgNQYenoAv/PPDc0pgOQdm4SAzNW0C8typKQ4z+jAPFJRBstRZPQBeCiADGjnB83IRKQImEzAvXZeCc+pQLQ7QK5/Ed5j/rzjONQzcKc/8pz06rvpgMQop+G/oJt0BczVSOQe2Lu/GwtbCMsW2OQ S_000001
LDp9jAXEzND8ZTrEQcOYQAvdfTD8d6WEQh6HrALd/sDc6/+BQSgxmAL6SfCcTFeCQWvixA3SERC8Y4JCQddOyA3+cFBMzJfAQBk8sAzM4PAMwQbEQ1dwsATAWuAsvZ+0PLlEzAf/wBBcondqvzoknArM/U+Lmw2BQp4hqA/Dae+rd4s3P7V5zA/0vt7rIZJ0PE8sXAXjUg+7YLvCQA8MLAfeE23Ll9sBQ7CBUATjnq9zPmFAQr7mr/ioVy47DeeCQbU5S/GZSm+7JfNEQrDzB/ojRn+Lsu6EQcT8x/iJAeAcUATFQpFJOAXXwZAsObhEQBQ70AjrdUCM5nqFQhXY1AzAqiCMPpE/PaAy5AfPG1Ac1LRAQQv8lAv9GNBccz/zPkuPqAz5Dm6r5iXDQ/klkADEcx9LYaLtP5QByAXMK57jstv0Pvhae/8AmHA8zJMGQ4Irh/YANA876aKEQ60Vk/yLqSBsEskGQAp2WA7QkMB8W6PFQ S_000001
LDB07AlgVFCU1l4YwB6L9ANzHMBUUo0Yw79uBBVDrJCkF0AZw S_000001
