SEQUENCE: SMVPGKVTLQKDAQNLIGISIGGGAQPCLYIVQVFDNTPAALDGTVAAGDEITGVNGRSIKGKTKVEVAKMIQEVKGEVTIHYNKLQYYKV
SCORE:     score        vdw    hbond_sr_bb    hbond_lr_bb       pair       rama        env      cbeta         rg    chainbreak    cen_irms    cen_loopcarms    cen_looprms    cen_rms    corelen    corerms    final_looprelax_score    irms    loopcarms    looprms    rms      gdtmm     maxsub description
REMARK BINARY_SILENTFILE
SCORE:   -29.205      0.712        -21.302        -25.323    -17.665      0.689    -25.519     34.154     25.048         0.000      12.518           34.346         34.180      3.020     75.000      2.280                  -29.205  12.518       34.346     34.180  3.020      0.837     91.000      S_0001
REMARK query_alignment           T0288       1 SMVP--GKVTLQKDAQNLIGISIGGG-----AQPCLYIVQVFDNTPAALDGTVAAGDEITGVNGRSIKGKTKVEVAKMIQEVKGEVTIHYNKLQYYKV
REMARK template 2FNEA.pdb
REMARK template_alignment      2FNEA_2       1 --MPQCKSITLERGPDG-LGFSIVGGYGSPHGDLPIYVKTVFAKGAASEDGRLKRGDQIIAVNGQSLEGVTHEEAVAILKRTKGTVTLMVLSSDETSV
ANNOTATED_SEQUENCE: S[SER_p:NtermProteinFull]MVPGKVTLQKDAQNLIGISIGGGAQPCLYIVQVFDNTPAALDGTVAAGDEITGVNGRSIKGKTKVEVAKMIQEVKGEVTIHYNKLQYYKV[VAL_p:CtermProteinFull] S_0001
LtVoOBNgQHGsaoqbQqCYKB1HQFGMDhJcQPpbLBtfELGsPgzcQeyBJBtVjIG87XUdQqiBFBVMnIG81D3bQp3kDBdx6KG8U6tbQNJyNB5SuKG8LmObQ S_0001
L7rCPBBV3SGM/MycQ8QhQB1i4YG8NYYdQO5TTB9KwRG8r/4dQ4xqSBROLTGMlofeQ0NHUBFHTiGsMXMdQ4VOUBpSTwGMXlIdQmtzQBJpqUGMsCWcQ S_0001
LcYaWBp1EKGsZNpdQKOXZBFlyCGMy9EeQwr/VBhXIyFctqQeQ4PmUBR+NlFMgG1dQJMmeBJ+/9Fs11vdQD7qgBRH5+F8krwdQs+uWBVARJGs8JJdQ S_0001
LD9sUBR9HwFsnt5eQ94PRBt15eFs5xIfQHMrTB5lEJF89J/eQw/3QBZUT6EMb1xeQPzuQBNk/iFsMI5fQZENVBJNo4F81qufQ S_0001
LGf5YB5XIHF8m+FfQ8YmbBF2gyEcQ7CfQ5kocBxdbsEsJdUeQO+tdB5R3ZEcJkKeQeXmbBt+gyEsS8CfQmYDbBBvRUFMOeNfQ S_0001
ECtScB9eL8Es6B4dQmnqdBV684EMgJLdQZZCZB5xJ/EcW+tcQ5ntVBJ5gMFs6Y5cQMQVhBZjyFFcUb/cQj2elBJnRGFM8PycQ1HDbBh6wKFM6wBeQ S_0001
ErA2YBxqX1E8eQIcQatgVBJuV9E8iclbQUphYBljD9EsvF7aQP4RbBVYjtE8e1waQ80VQBV5IwEs3ygbQvFnNBRWbwEcZujbQPBEbB5bEoE8NlDcQ S_0001
E9Q/XBluSOFc+kiaQiAtaBFMJQF82c5ZQwcxWBNe+NFsWdUZQF5uSBdANZF8LuSZQflrdBZZnlFMMY1ZQTRSfBF+wrFsWL7ZQL5oVBBSbaFshssaQ S_0001
EFu+XBVNe/EsX62YQsHlUBNep7EcNeRYQGZbXBxLd/E8yhOXQ6mEcBlsd6EcbnHXQQJZSBthukEcftSYQlb4MBd3YbEM0beYQ2LXbB9b02Esyg6YQ S_0001
EO0iUBJbnHFMaROWQAAgWBBVjHF83P1UQjX6TBhAr0E8z3HUQsyBPBFZ7yEcxgIUQ+BKVBBNdcFMv5GUQb+vXBVv00FsmajTQ7/6QBNIAOFMzMbWQ S_0001
EdTCXB9TNmEcO0iTQ6mkUB9TNUEcepzSQEtoQBR14bEsnvvRQR2uRB1isrE81jCRQAQ4YBRpVGEs6vJSQpzadBNpiTD8S7JSQxCEbB9FNnE8oEmTQ S_0001
LmZGMB5P1QEs9ooRQ2jiIBVNeTE857fQQXkNKBtz3DE8hW0OQEYlOBhrH1DMv09OQZAtCBF20PEsCr5QQR+t+AdAPYEsLqJRQCTHLBp5UGEs6JXSQ S_0001
LMIwGBJFuAEMRLyMQbPwHBhRphDsaatKQulFKBZPx4CsO94LQ3QZNBB6ijCsc1oKQYaoCB9j+XDMTjLJQapoCBN29XDsanLJQPbYDB5lmJEcAlsMQ S_0001
LMIWIBdv4tCMQoTOQd9wIB9mICC8ZCTPQdq8NB1592BcTBbQQGMfRBZf7HBcz69PQX5+DBlyjuBsJwiQQA9m7AdXp6AMhdmQQ5EsGBxYgEDspOfPQ S_0001
LxwXOBZgVQCcR0kRQ6iKNBBfj3Bc5U2SQb3KSBp3mQBcQAeTQSxMWB9B7DBspiySQ5mkKBVszaC8Ke0TQzHtGBdvSkCM6cGUQE0jPBhcOvC8GckRQ S_0001
EH54RBxUv9AcGzwUQbKzVB9HMeB8w8tVQe/rUBFFrdCsBhEWQ1jVVBxfO6CMoPPVQvdzVBNq0mA8yA/WQitqZBZmyD/LD6gXQA64OBFV8XAMy6FVQ S_0001
LugATBFjJlC8BzTXQOovNB5WT3Cc2/kXQvLXJB9l5dCsfM4WQ7LOKBZ39yBMLfdWQWcjMB9ry4CcK0iYQJlCNBNmTLDMSIAZQiMcVBRwEeCsttCYQ S_0001
L+QZEBBEMsCszb3WQHo2/Ah1GWCMG3OWQjCa7AxAOmBccpIXQiwzxAl3bjBsIEaXQdu2/AZnHWCsz1OWQox0DBdV4JDcDSPXQ S_0001
EAIOBBttvtA8ZOmXQNpAABNhjt/rIjXYQfOLCB1zZl77hvQYQ4QpFBZvso5rFZrXQ30UCBJWSbAcPZBZQzXnBBt09GBcLAcZQb30EBpExoAsFfJXQ S_0001
EY6GABJxgA8TKcpYQnEjCBlDto/z57rYQBW5EBhqxDAUhrXZQSMIDB1257+Drc4ZQKN98AhZF5AkLThYQYRH5At2UJBkkbgYQ43k5ApGff6zY06YQ S_0001
EbnvIBtco9AUPKYZQueULBNc9YB0Of/ZQzh2KBlDtcCERLGaQHaRKBRKc1C0OfnZQNURRBtul/AkBAAaQCzGUB9aoMAk+THaQyF7JBV0mXBE7G8YQ S_0001
E8n6KBZQgpCEFuuaQTIhLB1ceWDECL6aQWrZPBBe+bDk9UfbQic9QBVK18CEO+zbQNJhLBxffWDUTL6aQIciKBd0gTCkgNGbQ S_0001
Lp38QB904BE0esnbQxgOSB5h1IEEGDTcQTYPRBtougEEwjYcQsytQBxgesEkHO5bQriOSBNs1IEkGETcQrNQRBFYeMEkXZPbQ S_0001
LczzQBB+1lEU/fBdQkaLQB5pn8EU2OKdQj5JLBZC6AF0rckdQTOtKBh7ZRFkiq5dQuhLQB1jn8E0QOKdQJOGRBJJibE0/RadQ S_0001
LHaYHBFP9xE0s2idQbxQDBpPSwE0ktDeQaghFBxsAnEE+/seQ2BHFBlCywEUuCPfQMQO9Al8wiEU+tzdQlnO9AFOxiE0mvzdQQcXHBJvenE0zPKdQ S_0001
L5n6HBlJGUEU7xpeQ2e4KB5ozKE0QZNfQd7VQBRwvCEED++eQn7FRB1IE6DkGwZeQlutHBpR3wDEQlhfQM4kDBl5jiDkqHGgQ/FrHBdU8LEkX8NeQ S_0001
LxaJUBRsUCEUWpcfQt+nZB1UR4DEgeSfQXH3ZBdqvKDkVKBfQb/bYBJfPsCkWVXfQpDocB9m28Dk6L9fQgfMWBlyfFEkRyIgQ S_0001
LpvqbBNOXGD0paZeQFSMcBVZdcCEYVFeQAgoeBxnHgC0n0YdQhuyfBZcSDDUhsJdQ5UZWBNaGNCEYmCeQLPeUB964qB0JYTeQrHtcBtYvgDkyrIeQ S_0001
Ey2ZfBJwK3BE99DdQ8nacBNzMjB0kYccQ+TtXBxKHqAEAAocQZQgYBhU4K/DFu6cQLaAgBV2f3AUVK7bQiUShB5l3WBkwJRbQqfChBFtTMBERRPdQ S_0001
Eue0SBRhrHBkvfecQLH6NBpFZbA0d+qcQep7KBxKHCAEnEDcQoacKBpbS0A00NlbQpgYKB1QmTBkefHdQJ/qIBF6AhBEGc9dQhojSBpbE/BE/9NcQ S_0001
EMIwIBZktT9zFZDcQpbyEBlYQg7j8SjbQgVO/AViBh+jArobQ8na6A557n+DVjLcQh+dDBtxHI+LvBmbQrQqEBJp+DAcEybbQ2F1JBRemk4jfGacQ S_0001
EY6m7AJxgw/DRLGbQ7RhxAFXPqA0OfHbQ3kYoAhU4q/z3P1aQGEYgARKcN/DCsKbQtzWyARdt+BUXTuaQSCjyAVESVC02cwaQDev/Apnep/zidqaQ S_0001
Eb8SpA1NJ2+Tc9MaQEYlgAlsde8jmZ6ZQGZ7kA1Mzs8r/UnZQ/pGtApw1j8LEYRZQh1PVAhga0+D13XZQtfj8/QZ7VA0VANZQ0ZvvAVKSS/z2x6ZQ S_0001
EqGveAhrHl/LCsuZQqGvhAh/UDB8JxYZQjX6SAlX6OBs781YQktz//kBBWB8gA/YQNMjhAhYgICcbG3ZQ5/tkA1zzXCcZpAaQJupSAlbLh/b8HEaQ S_0001
LgqxZApw1LBMv0NYQpbSKAViBJBMEYVXQVjX+/g/UPCMXPCXQbnvJAVMIwCsR22WQSHZVAxQuoAstUEWQrvZYARuYi+bx5RVQMOykA5uZLB84+GYQ S_0001
LJGEI/c++NCcMI4WQHaR29657zC8P1YWQsHFG/oa8GDM7RJVQ2jCj/QhrvC8KHSUQ9U1x/CbeoC8vwDWQZO0HAHi4pC8uBeWQKLA59Q4CmBsSwFXQ S_0001
LY6mM/ABWxDsmZGVQ357n/w1jEEMZ78TQzhWMAlsdEEM8nyTQ14lUAxfqPEczM7SQFX3H/IpC5DM4dqSQ6tiV+y29/D8m8DSQb4yv+Am3AE8WH6VQ S_0001
LAAAYAJxgwD8OfnUQx1jnAZPKwD80NhUQ+TNtAdnvJEsArUVQ6mEoA57nWEMFu+VQvi+rAdLfEDsQH+UQMKNsA982xCcnb7UQXEzQAVdIeDsWLUVQ S_0001
HRLy3A5QLKEMmuRVQMIw9ApEDcE8HF2VQMIw8ANHabEstzXXQpw16AV46rEMueAYQg6pEBZioYE8EQXVQoh9BBtjKBEciemUQ S_0001
HHv09AVMIIE8bS8XQy258AZ5QFE83PtYQlDtxAVjXMEMrc8YQjsdwAtyhWEc14dZQaUD/A9FScDsa25YQiAD/AJ+TcDMm25YQVgS/ApJe2DcpHXXQ S_0001
HFuepAlCXHEczMjYQGZ7cAh/UNEMYlvYQoa8YAZQglE8hWsYQPf/OAtIbvE8P1IZQK1zMAx3RBE8CLUYQZL0MAB1SBEcBMUYQTtrqARo6+DM9aHYQ S_0001
HGEYgAR2OvEc46JYQdTidAlBBGFsU4CYQY6mkA9S3SFcNelYQvJxgApZmjFsnvzYQQQqiAV0ZMFcLPsWQl5dZAVFyRFc5gYVQx7ikA91rmE8eSoXQ S_0001
Lpw1tApGvKFMnEzYQtd+zAxgAVF8JxUZQEtIuAhpbUFcPKAaQ++puAlBBkF8coZaQ339+AB2YKFMHrYZQGJVDB9YYMFMFtOZQhDqwA9zI9Es3ulYQ S_0001
L5luoAlsdCFsqxHaQ/pGhA99T/E8yhqaQhArlAFue4EsZmVbQiWkfA1hW2E8hW0bQspGhAZhT/EMaiqaQfmLqAFzS2E8qUzZQ S_0001
LEtIwAd8S1E8kYYbQFDC1ApZmvEc14BcQUNe2AZQgXEs9oIcQsyhzAlsdOEMFuqcQ74AABFgZ6E8YHHcQm1XBBBx/BF8v5HcQ1920A98t2EMJU+aQ S_0001
LPf/6ApGvMEc6mobQ67n9A557rDcy2tbQiWkzANHaRDMVjzbQmuJrARLyaDcbnfbQiz+BBt4YaDc3ZHbQCedEBhWLTDs1BBbQE8p8AZGBUE8DiMbQ S_0001
LhrH0AR0iwCMFuOcQmZmqA57nWCsa8WcQ+TNtAlDtQB83PhcQsHF2A1hW8AMqGvcQZcGkAxgNqCsXK7cQuqGkAxsLqCMXJ7cQakB7AJQLpCcezdcQ S_0001
LjsdlAlDtYAMEYZcQJbnmApFZ79b6mkcQ357qA5kYQ97KHSdQ357mAVjX6+LEYxdQSi6XANL5G674nfcQje7XABf/G6bEpfcQBsQdAlvrsA8YULcQ S_0001
LZ78yAhWkt1zyhWdQJbn3AdoFZ6zMzAeQ2O/ABd++p7LBWJeQ67HEBtxLd1LZ7keQ4rn3ApxJZ6TVzAeQvD41Adi4O8DCA9cQ S_0001
Lam5BB1jCH/7yhydQhALHBVNeRAMpw1dQpw1LB1Mzs+71jqdQiBhLBxfqR8bNeNdQJvSHBZn+fB8peYdQ8EyGBJhTQCMfrZdQrtG+Ah3f1/rswedQ S_0001
EShLQBVjX6+7jCDeQyL9UBZktz8LDC8dQLH6YBd9oQ/7OfndQR2OaBhU4qAcNe5dQQxJXBFOg73rG0leQh/7XBJsvY+jw3HfQmNCQBtJ1GAcwubeQ S_0001
EPK8aB9nac+LFuCdQHaxeB5luBAcktrcQ5QLiBZ78d/7fq9cQ78NjBh/Uj874l6cQm9oeBtWuf/rZR7bQtxucBFMgAAMuBdbQOlzZBp8Wq6rvX2cQ S_0001
EFDSjBlX6uAMaRSdQ8S3lBtz3nAchrndQlYQoBhrH9AMRLKdQv0dqBZ78VAMmuNdQR19lBdLxiBsBKPeQ9ljlB9XHuBsQufeQNlSiBlhMnB8ANTdQ S_0001
EoF5nBJaR+BMtIvcQtd+pBdnvLCMZ7QcQjX6oBlCXfCchrnbQ03vmBtxLxCcIwmbQkd+pBFVvLCMW6QcQQcJmBVWbPCskevcQ S_0001
EsyhqBtcodC8isFbQoFppBluJxC8P1caQ++5rBtHFODcwKPaQWOEuBpvf+CMW5EaQr4CpBN1LQCsXd5ZQnXCoBBLdHC8bOtZQUqVsBJjXPCsXHHbQ S_0001
LUNerB5kY4DMDCQaQ/pmtBdnvLEspbGaQ/pGwBNc9GEMW5gaQfUYyBViBHEciBRaQbfSuBV4FME87HXZQKxutB1GoUE8bn7YQlGopB9hmBEctfXaQ S_0001
L3kovBtHFCEcKcJbQHv0xB1is9D857nbQTiBzBtcoRDcbnnbQMIw0B9RhHDMpwBcQNv0xBNsr9D8k8nbQLhutBF0iAE84oTbQ S_0001
EhALyBtd+2CsQgJbQgVOzBhqxLCc2OHbQIwaxBtyheB8ishbQhrHvBNIwSBMVjXbQqjjzBl3L3BcgnZaQR+p1BNvRSBMgHUZQ/cywBtqZADcP7zaQ S_0001
EKxgyB5P14A8OfDcQIw6wBZPKEAMZ7gcQWO0vBVNeJ9rWkNcQv0NxBFDCs2bwK3bQejlyBp0Qc/bk6HdQQkdzBZKrL/rpYRdQvIf0Bh2eAB8oIJcQ S_0001
LY6WtBVNep7rlDZcQ5lOsBdoFZ9TLyOcQfUosB5kYw/TIwycQe+erB1Mz8AkDtwcQvFOpBhzc78TB6EcQjlvnBRhyD8jdMsbQGEPsB5hzP+L3WpcQ S_0001
LY6WuBpbSM/DRLSdQOJmuB5kYgAkmZ2dQdTSvBpvf6BULymdQtdOxBd8SDCUIwOdQentwBp0dAAEL7VeQVpoxBtvKK+D68QfQVRgvBFcxD9zWXRdQ S_0001
LhArtBlYQcCknvzdQUNOuBJv0JDEXPqdQy2JuB1MzYD0257cQoa8uBdoF9D0gAzcQvKOuBVW1JDUvOqdQuJBsB5FhUC00mEeQ S_0001
LlDNtBxfq9CUdTecQpwVtBBrcIDUxgwbQMIQrBFXPqD0HFmbQxgQpBBBWtD0P18bQmx6sBR2xgCUfpUbQbBkuB52QiBUxYsaQenYsBZaghC0aPncQ S_0001
LlDtrBRKcBE0w1DbQyLtpBVjXQE0FZzaQb8inBJwKDEEuecaQMIAoBlDtgDUiBRaQUq6qBFg6gEULcUaQDnprB9A8nEk6nQaQxcftB1+UAEkr80aQ S_0001
HqGPlBFtINEEueUaQXPKjBR2ODEka86ZQSMYkBpZm1DUc9QZQBr8jB9S3QDEueEZQN15gB5TITEUr7xZQRi9ZBxr8dEkUM/ZQxY7kBFl7bEUqggaQ S_0001
HpbylBNIwIEERL6YQpw1mBhU4CEEtIPYQpw1oB99ThDU14RYQmu5oBBBWFD0hWsXQTtMoB9c9VEEihxXQkmEoBVeHdEUFPQXQzPKmBRDhXEE34FZQ S_0001
HU4aqBdoFhD0z3zYQzMTsB1is9C0yh6YQ/p2qBtd+SCUGEAZQR2urBhVOkBECsuYQ3ZEuBhseGDU9ghZQ1SBxBtRmXDUru2ZQrgWqB1HG5DE5eJZQ S_0001
HXktoBxgATCkWkZZQEtInB5kYYB0ishZQc94lBlYQ4Aktz3YQZ78lB1NJW/j++tYQKN6kBl/CoB0F2CaQcxgkBd3/eBEpdXaQAeKoB9auuCE8rnZQ S_0001
HMdzkBxLdzB0KHeYQvJhjBpFZbBUzMrXQwKnlBViBxA0JxwWQ/UDlB1isd/ThrHWQPvQiBR6dUCE7HAXQO0QiB9BcUCUrHAXQab3kBhJ5YCEhnmYQ S_0001
HAAAoBdR2WBkVOsWQjXKqBFXPyAk8S3VQQ14qBJbnv+ja8SWQ14FrB9na87TKcdVQYppsBVoDrBE+s6VQVBJvBljQjCE0i+UQbLWoBd3oGC0DSNXQ S_0001
H+TNrBhVOU+jsdmXQSh7rBNzMz4757DYQShrpBB/pW+rWk1XQZ7MqBBBWRAMUNWXQxyfsBJS3b37j6zYQpSFvB9N/f5b3sZZQT98qB1iB2/DF+HYQ S_0001
HShLnBR14F9L8nCYQ/p2kBJFuO/bepzXQMIgkBFtI7/7xLVWQW5wjBZ6mEB8z3/VQOTRiBxzKx9bOyJYQGf+gBtCMI97VZlYQHh5mBR92X4jJFPYQ S_0001
HW5AlBJFu+9L+TdVQLymkBdSMY+7fqBUQcS8mBxgAr/r9oQTQHahmBd8SXAcjXKSQ0s9jBJkKn4TkjYTQosYhBBmnZ+DN60SQv2slB12JX3bajyVQ S_0001
HhrXpBR14l/7LdzTQqxrrBRKcVAsArETQlYgsBJFuuBMtIjTQKc9tBtcoNCs781SQ/GEuBJQww+LIkMTQVs/vBNqwI4rWUjSQXmppBFLyy+LsJuUQ S_0001
LzhmrBVMIEC8OfvUQ2OfsBJxgsCsmZWVQIFerBpZmRDcdTiUQpbCpBFXPWD8MzUUQd6grBRHcxCMrZzWQFo7rBxPzxC8fadXQfyRqBpQLjBcYPPVQ S_0001
L3kYtBRhrrDs78FUQ789sBpFZFEcIwCTQgVurBFDCaEc5QjTQiBhsBZmZiE84lmUQbrnvBdVPKEM0+VSQeCKyBpO3FE8QCrQQWUNvB9+RpD8eThUQ S_0001
LFDypBtHFiEcdTySQdTioBpGv2E8LdDTQ35rmBNc92EcGEQUQbnflBR0imE8islUQMPioB5Jv2E8gdDTQiSKpBBebZE8Bd/RQ S_0001
EcScmBpw1JFsCX3UQLy2kBJv0NF8bSEWQ3kolBNJG+EczMLXQ7RBoBNzM7EssdeXQCNOlBhT5kFMK7iWQ76GkBhun+FsFsoWQ5OdnBJzEWF8UXcUQ S_0001
EuznjBxfqzEMW5wXQc9IkBhqxhE83PVYQ5lOjBR0ioEM+TBZQ8n6gBNJGuEMUNGZQwjriBRvJNEM0uHYQ413iBxS+CEcqs/XQnnthBZhI4E8XqlXQ S_0001
EHvElBtxLpEsVOgZQOJWkBNy2tEsDtMaQU4akBFCsYEsQglaQ/UjmB56RPEcgVqaQ7WPmBNVN+EMHshaQGXumBxCtGF8ZoiaQ3qAnBhrZmE8n5YZQ S_0001
EVjHiBpEDSE8HF2aQXP6hBlDt8DMUNObQ03/hB5QLEEcy29bQBrcgBhqxRE8JxMcQNHqeBlJ6jDMs2DbQvt0cBNvgMDsSiuaQ9udgBtDEbEMmpxaQ S_0001
EIFujBd8SzDcdTWcQf/kjBZlD5Dc3kEdQQg1hBlCXTDM/pSdQXPaiBtd+uCcwKHdQEGVmBZ/n4DcWJadQ5tOoBNLVLEcGCqdQ/nHlBpYgfD87+JcQ S_0001
EzhWfBdSMcD8HFqdQdolbBRKc5CcdT2dQepbaBBAA8CMaRmeQlYwaBJFueDMaR6eQUfXWB91U8Csr5cdQP4KTBtQgkCMiExcQ+wleBBRb6DMbvzdQ S_0001
EDCMZB1jCXCMsy5eQShLXBhWkVCM7RlfQIwKRBJaROCMv0hfQ8naPB1MzcBcO0OfQrH3ZB1oamB8XCAgQIXEdBZ5QhB86yKgQ1IrZBd8y2BMGgpeQ S_0001
E/UDOBd8SrCcPK0fQHvUIBJbnrCcJGsfQ1NJFBhU4qCciBLgQiBBHBR145CsWkbgQDnyGBtI0SD8ieRfQB4mEBl77sDMogVeQTmoPB93fBDsN+DgQ S_0001
EepbABBVjXCMCsKgQR2O6A5QLWC8isdgQEYlyApa86CMW5cgQZQgwANc9MDs78LgQu4M0AV3HXB89XfgQYAr1AZQ7HA8ewtgQhWN+AJOjJC8HQ6fQ S_0001
EIFuuAZ78FDcy2vgQoFZmA5P1kDsU4ygQy25XAViBVDsmZogQiWkLARgVuDcktfgQt6skA1BPtDcrxKhQfginAFvHIEMbyfhQxj7xAVmY3CMgx8gQ S_0001
EcSMUA1jCrC83PpgQJGEAAdTiZC8P1ggQ++pAApbSUCspbIgQ1NJSAltzPCM+T9fQFAP2/sN8cBcyYrgQK7LN/YiYxA8Zz/gQS5FfA9K5WCs+ovgQ S_0001
EIFuW/Y78VC8xL9fQvJxQ/Q14RCs78NfQVjXq+ipbiBM/pCfQHv0t/mDtoBs8STfQn366+s4F9Cs5A5eQbZso/EOemDM3gdeQo+VF8gWAaCM8LHgQ S_0001
EvJxA7irHlAsvfmeQQgVe/irHF/7isZeQQgV+/GCsKAMv05dQv0Nx/uyh+AcdTedQqMxj+OV4l6b6AGeQlfFt+cb3X/DVBMeQJPQb/09MkAMFvZeQ S_0001
LPKcTAT14l/Lmu9dQhrHiALaROAcPKgdQIFuoAjU469bzMTdQv0NnArEDC4jArkdQVRfpA/lgSBsmE0dQyd5qAHHG9BMcKzdQJASXAH3RY+LIaWeQ S_0001
