SEQUENCE: acgugu
SCORE:     score     fa_atr     fa_rep    fa_intra_rep    fa_intra_RNA_base_phos_atr    fa_intra_RNA_base_phos_rep    lk_nonpolar    lk_nonpolar_intra_RNA    fa_elec_rna_phos_phos    ch_bond    rna_torsion    rna_sugar_close    fa_stack    geom_sol_fast    geom_sol_fast_intra_RNA    hbond_sr_bb_sc    hbond_lr_bb_sc    hbond_sc    hbond_intra    atom_pair_constraint    angle_constraint    rna_bulge    linear_chainbreak    NAT_rmsd description
REMARK BINARY_SILENTFILE RNA 
SCORE:   -32.153     -8.339      0.355           0.093                         0.000                         0.000         -0.183                    0.378                    0.000     -3.230          0.590              0.732      -7.695            8.214                      0.487             0.000            -1.639     -17.417          0.000                   0.000               0.000       -4.500                0.000       7.648    S_000001
RES_NUM 1-2 13-16 S_000001
FOLD_TREE  EDGE 1 2 -1  JEDGE 1 6 1  C2   C4   END  EDGE 6 3 -1  S_000001
RT -0.999481 -0.012582 -0.0296488 0.0120818 -0.999783 0.0169898 -0.0298561 0.0166228 0.999416 -4.26806 -2.47374 -0.11731   S_000001
ANNOTATED_SEQUENCE: a[RAD_p:Virtual_Phosphate]cg[RGU_p:Virtual_Phosphate_p:Virtual_Ribose]u[URA_p:Virtual_RNA_Residue]g[RGU_p:Virtual_RNA_Residue_Upper]u S_000001
LwHMH+ERmB5LFVe2v6vJt+C4xJ/rgFB4vzEmM+2qJ08zQMKAwsDk3/QKwW5b0/0yvaSRHApd1E+ztXdyvhg4eAZ0TI9DW3Otv/7ugApInZ4jDRO2P080kAlBEE5bE0C7v4X2nApeGk7DH5XCwLrbpAl1GC9rCpa1PmxUuARYFw8bxr6wvAni2AlfVT6jAaQwvmTVzAJW4uCch94BQYqP5ABVfMC8HTsAQJQJ2AJFaMBcie59P1acrAJofJB8Pa48PrFTkAFDcFCM5jC/PqcmoAxAXsCMPvVBQ/SsiA94oODsWEiCQFkvTAJhpwB8apE9PQC2VARkXhA8Lg05PNHWlApLdFAcg6g5Pq94AARRLY/zQNygP9LGFA92zI/jrq28vX1JjARDIj/DbBPwvvLMfAZg1B+r4lp9v0+4vAh9IK8rjqa8PniByAJElL/L5Gs3v2Fl9A92sj4LT9OrvnQ9AB9PeQCcHrNBQNmOmAJbepDcf4zDQdkeVApTfNDcx+JCQp8KIAFVnx/LO4F3P S_000001
Ls79nAZdsR7Lk7xHwOYTcAB/1d+rpEDIwMnBqAZ9Z47jnRMKw8SGyAFRkt+LwC1Gwxdk8ANF9C97sZeGw7sgCBJXSs/LV2EGwHk8BBJiZhAcAb8Aw5bFCB9bf+AcmgFJwKIYEBx5LnAsFTlLwkwYDBdd24BslsjBwzyCFBJHpDCc0MXHwympKB1B96B8NMpHwO1o9Ax38WCsSqu/vn0e/AFBwADsqPQ8vFwXEBt98ODcsaa8vsOI3AJ2sYDMPmz4vrUStAl6LIDsGFx4vPcSlAFN+gDs+moyvwTMrABdodC8BaR8vEwgzABkWGC8s9p/vDQC9ANDiT3L9d9CwqWG+At5YK4b5UAJwP1TGBJorn+7ehqGwdi47A931PBci0lJwkoyGBBNIGC8roG+vpvREBZt9iCMTumIwp0cMBZAjZCMPFKIwenmbA9cqVD8ExWyvaEymAVl0+Dsw6crvXwBjARGfQCspTN8vjcMyA9EsKBsGKNBw S_000001
LfumkAts5aFcCu5LwG6tuA9hdOFMgWBMwfBzUAZonQFcVptMwzDQjABgxjF8mz7IwD4AVAVmyxF8fgQIwbV+VApnG3FMxLoCwgI1kAhqUBGc1WhBwGlqWApC9jF8lrw9vaPqBAhgscFc72A7v8OupAJwA7F8L6k5vfnVhAtB6sFcexRwvZdlVANPj5FMLXTqPkHk5AR4f2EM3uMEwIZCvAV8G8EM1xdDwXswnA1WVtEsn31EwRF5rA1NwOFcBfhBwYzP0AdKnbFc6MWAwdbB/AZAkXFsas7AwyKJBBNrgDFs90BDwZVvFB1t58Es2F2Dw+mhCBlr+oFcIwh+vQL99AlFC3Fsi7c7vMenzAFp8vFMYMj8vzD5VAhpQAG8SDdJweYrFAB6DqFchRvIwseLHAJaEAGMRn4BwhDWeAFnvVFskcoAwu2EsAtXpDGMm27uvRzfkA9sTgF8ku9gPjkPdAd2b8FcWEd5PSjE7AZA+nEMtGsFw/A7fAFAcwEstUZEwrCIqA5ZPfE8h5TGw4sBAB1GeDGMOiT4v S_000001
LGMUrApjWGGsG2zEwH97uA9qR3FMGYoGw8AlfA5vNIGMKptDwZF7xAVbaJGseNK/v0VHxAFP8TGsGaj6v7ns4A1C0UGs4BehvmdyBBVwHTGs6F0xvqUK3AdRgMGcJPI3PgNRvAV4vPGs8qL/PBZsEB544MGMkfMqPhyJBBpb1LGcl1d8PGHPCBl2TUGM2Q0BQyOHGBBerCGsZzbqvMm7KBBhb7FsqrFAPYCAOBNFVBGs7Sb1PWu9LB97zoFsHPxyv/9xIBVWOfFMy0B9v+DRKBpBbOFMYxnAwEv6DBdrYqF8cIU/v7SzCBpGk8FsJ+I6vGNDzARiCaGcJtSAwHy2oAhedVG8eF03v79F3AdIzcGMzMmoPpnM0AtCxEGcGSNxPSwfIBBObQGsl4ZyPmkvBBxTiEGcNPnAQ8n7FBhNfTGsm7SDQPOZPBBSWhFs2qcuvc0GBBZOBkF86npCwyoF+A98dCGspkA8v S_000001
LpxjtA1g5IGMZ59EQK1tjAFGyCGcHuxDQdACtAh6KQG8vS0IQLYZ3Adq0AGsssqFQwE5ABFqEFGM5N9GQjVOFBFWo7FM93vEQI5vDB1hK1Fscas+PjLCGBtzdmFMXHtHQy6aJBdh4oF8aMHKQCrTFBB7xfF8sm28PphZIB53PYFsFcVDQGC3NB9iRdFMWCdCQkPC8AtRIZE8ZnPbv6WODBJs9fE8AUxLPHH/GBNmLSEMw9asv1BoEBh65yEs5S8vPL9VABFXs+EMfAy1Pqt/1ARqW5EcQrs0PNMGzA1j/kEc0PFpPmzCqANNTdEcygMhPw7qvA5z7JF8FuJ6PwGg2AZJxYFseg48PiOeABZu/SFsqJH7P/ZVBBlWJNGsgpRFQEqVBBZFzFGcDPqJQ1Y5IB5jnCGchKDFQRsUCBNWwfFsx6rIQ9K7HBRwRdF8meyzPPpTIB9mLHF8tuYEQ/eEQBBqAQFcp+zCQHwy6ANdgKE8bFzuvCk2KBF4OWEs+TwqvOs7FBpF3DEMJp9zv2wH0AR3UoFM/gIAQ S_000001
LNVHIBBXpbFMyWxMQYbQCBpd3aF8N9LNQ4vTLB18LkF8ShBPQj5PKBRkVEFMY5+LQIh2PBhBiBFMHkaLQ3t7QBt/hqEMfEnKQKeNOBd8LmEMr5FIQiuxOBl1ZZEMTmgMQdmRSBp54VE8NKtOQo5bMBJSnQE8kBEIQezPOBdQFGE84OqKQbAUTB9AY5DMJbKKQZGkGBN5lQEsKTnHQNJ/DBRuM8D8nS2FQrvXGBhvMbDMWV0EQUUE9Adks/DMCJXFQL542A9ZpREcPLbGQVDItAlqvQEcp6xFQvOx8A5e8jEs2vGIQIusDBpAuiEMAPXIQS0FRBd9XMFcoIzJQtOQSBZhqFF8T2LNQAsUVBdmcpEMYciKQe38KBhKudEsd/cNQeECOBB+2GEsFX1EQTOxLBNAnyDskchLQ0a1SBRVgaDMQzrJQXvK5A9CllD8izGEQE7j4ABs7yE80NlIQSR5FBlV9wE89RDJQ S_000001
