SEQUENCE: cgcuucauauaugaagug
SCORE:     score     fa_atr     fa_rep    fa_intra_rep    lk_nonpolar    hack_elec_rna_phos_phos    ch_bond    rna_torsion    rna_sugar_close    fa_stack    hbond_sr_bb_sc    hbond_lr_bb_sc    hbond_sc    geom_sol    atom_pair_constraint description
REMARK BINARY_SILENTFILE RNA 
SCORE:  -405.840    -51.431      8.641           0.370          0.434                     -0.369    -26.014         17.044              5.236    -317.472            -0.323             0.000     -94.993      52.496                   0.542       S_001
FOLD_TREE  JEDGE 1 18 1  C2   C4   END  EDGE 1 9 -1  EDGE 18 10 -1  S_001
RT -0.994805 -0.0315593 0.0967855 -0.0422993 0.992919 -0.111005 -0.092597 -0.114522 -0.989096 6.34696 -0.449942 0.334582   S_001
ANNOTATED_SEQUENCE: c[RCY_p:LowerRNA]gcuucauauaugaagug[RGU_p:UpperRNA] S_001
LWVnN/EGLJ9LkhEAwzWKX+6k5R2b1k14vd/FA/U6rOAsKWLBw0HIDAx+GY8r+cu7vmg3MAxU218DXyQ7vyafhAlBlX8zbG+0vM/mgAxc7m3D5y5wPe/2oABDcR7ru367vlyBuA962d4DDxiCwqCbpAJ4MD97KGi1PRPwwARTq+876CGsvxov4ANPt35TYqplvmjFlA12mFAMx2i5PUv/rAFJoEBMAgZ9Ptvr1A1ac0AMnzE+Pyz9nAxb3ICsw2IAQks+aAxhSQCc3za/PWvuTA9Tx2CsF9KBQqQiMAhuXhBs73g7PX9tUAZ/iVAsgRs4PoQ/CANU2x+T6c10vPm0NAhxYS+jvwqBwIu5kAdv1M/DeLu2v4vqkARFPl+LDNH/vXqTuAt9eo7rv1p9PVjM1ARdPW/r9dHxv1Xr9AZ+Odz7K0bwPmOHEAFEe9C89e5AQUE6dABx3MDMldiCQGCm2/84iuBcCH16PgeCKAlXUG/ruTSzP S_001
LT/WzAd7xQ9b8e7GwnTQrA9Bzx/LrrlHwVmg2AJ07nvDKwzJwcg49AZ687+bBgdEw5kpDB5nvr8LtXhDwBgDIB58VG/LLJWBwvQYGBFjvGA8lUf4vlibJB9R4wA8QTvEwKnANBd3lbAMpEgIw4wiIB1twbBcrf32vWK/LBVbtsBsiJqAwrBYRBpxxXBcYoG/v28KDBV9eAEM+WtzP5nJIBJ4fuD8D9hyPYaPMBBbLDEs6G04P5/CJB98mHDsl2BkPTdfEBR6N0CsJDflv2Fr+AJI1DDcWbmjvbT38AxvntDMV6WqPFaS0AV/jAE88N2tPWNi3ARb3lC84Y9yvF6h9AN0NFCc//C4v48FEBJ1yLCses5zvbqvCBV7PL4DFSrAwBo8EB5pmF5bRARHw5ojLBxH6i9re0KBwDc9FBxwMNBsYbyGwiRJLBFgKkB8X5ZVvsRHMBFnwXCs44BCwVQ2SBtWaAC8unt5vP47CBB3RPE8Re24P6y9PBRPs6DMlQn4PSdkLBdC4RE8k/p7P8IX6ApO7OBcdki7v S_001
LkibNBNoEZB8OnELwahxHBx1uiBsXa7LwLbZRBhzszAcLv8MwYijPBBgRaC8YTJKwNn9UB5O4fCsemNJwxDkVBFiDMDchmBIwKQ6RB5dgQDMVJkDwrJIUBxj5wDMwI4JwYEbYBJfP7DMQ5pLw52JQBhFr8D8aaTDweM9SBhtdKEsmL0HwgRpXBZJVUEsAu1Fw7FRKBNgZ9DsEAjDwSehHBFcZQEMyIiBwP0HKB9MsfEM1Ve/vwvGCBB9cQEsOZmBwNy6+A9ZW/DMfkkDw3KP0AV9aAEcu5jDw4aKCBBY1aD8JhpFwO1gHBxSLbDMt+jFwlv7VB11aHC82maHwXayXBZrobCcpM4Kwxd1ZB9PNODMD4BHwqfwQB9R1pDsTSOLwIjORBJxaGEss+F/vRopQBl8kXEs67zIwTbpWBBHCgE83DTDwfgAwAx4QoDsV2AFwoAewAxWQNEsxfGCwj+2/Apna/Cc9XRHweJvJB1og/CMKdIHw S_001
LXBOXBNE1KEcEVWOwmPeSBl7g/DsHnePwp6OcBF59LEc017Pw8kfVBVqkiEsMwkNwt8QZBpIGxEcf3XMwbNWWBREwEFs1DZLwRobSBVLd+EcTMZJwVCHTB5qnQFMorfNwSPYWBBaoeFMooDPwUs1NBB9aMFsrzmJw98DPBx1xcFs39yLwJnNRBR7ivFMGEpKw2YEJBRcJ/EMjFGKw51BEBVePHFMvxcJwjNXDBtuJZFMRFjIwlHt/ANZd5EskF6Jw+qJABtj8kEML46KwAQC4AxPeaEcVzNLwC7cFBVu1dE8F5hLwCbmJBxk5qEMdrGLwefVbBZYPpEs82sKwoAWcBRiq1EcXr1NwGGjZBFGUPFcBPqKwfbPRBx1CGF8gA/Ow5A/MBBsgVFcP4iHw0UmLBlsViF8BY9MwVgZOBVH32F8sUjJwGaY4ABF4+E89sdJwQBHGBxjsNEcPOWMwWhpNBBwJlEsoVlLw S_001
Lm2VUBhEjmFc0I+QwBjYSBlxiSF8IxmRwAduYBRy1yFs+SnRwsHXPBt6I2Fs8jxQwMzAQBFKWFGc7OJQw52kKBVCFKG8eNtPwFDuHBZJGDGcj93NwJ63GBtRHLGcVWDRwSe+HBV4iUGMJC0RwROFCBdFeDG8WYgOwIGYBBp0eLG8/QZQw5WHABdCrVG8eRvPwMKRABRtCxFsYHHPwKCv1Ahg7rFMk6zOw4TCvA5Z+4FsT8HOwlpMzAV7/WFc+ZWPwcCH6ABr+GFMMhEQwSum2Ah/10EM8jRQwD9gCBxKgNFcZ2MQw553DBZ8xhF8874PwxkTSBVCgEGcGNbOwaSTSBd6uKGMDOzQw2jdLBJWHSGsmS7OwU6SHBFIlEG8+AyRwZDH/ANEQGGM0G2MwiCP8AlFuJG8XVGRwP194AhVdVGcTn5OwixfrA9+5SFcUyJPw0NlFBJL4BFM/ugQwt8FIBBJgmF8RKDQw S_001
LbMGGBBoQVG8nRWTwVT3HBhK3KGMfj6Twd6LIBNvYfG8xC7TwIOd/AlYoVGMbpZTw+3o5A5TweGsK55Swwv5tAJm/bG8rozSwdVjsAdrHTGM6j4RwDevoAV9JYG8TPGUwwQxlAN24gGsDe8UwjOojAVOqMGMPVVSwj6GeAtU/RGsXclTwJx3MAV7uYG8AoOTw5obnAldnBGcU7hSw+ELgARnWyFsmIbSw7hPNA5fb2FsbQNSwUZujAR7/dF8FAkSw1dEuAJLTaF8X8ySw7+NxABs+FFMmT7SwoDp1AdAPrF8qI6SwWVByAhWQ/FMMUxSwKou8ApbHhGMMx6RwT4x6AJSolGsT4kTwthFqAZ+hjGsm5fSwZ/FuAFSTTG8yfuUwKfIaAlyHMGsYqmRw6vaXAB0hMG8mpVUwTsoAA1iSUG8oo5SwBl64AFMnCFsSoGTwpr4rA9yI6EsRP2SwpYJ+Al98nF8JoGTwUBp3AJyXGGs8c2Sw S_001
LoyFkAlY5eG8fRhWwUcdtABJOYGcGC5Ww6UfiA9YbpGccWLXwcUITAFI7XGMIFvWwfri8/IWRcGcQ7cWwj/9X/U2VTG8FRcWwtkAn/gZvLG8ydZVw387T/4ppMGs+btXwfWdg8YQqRGMeEXYwC8aW/IGIBGMJj1VwIM1Q+EvQCGMBXNXwM7ym/+m7CGs+vDXwi2GKAZPa1Ec53fVw+Vjs/Akb9EcZxiVwLp0f/s3sRFMxWpVwqK8AAFU2eF8HPtVw3JSWAJlAZFcLBrVw3W1aAN8DDFcH7jVwaQUnAh8E7EcjFhVwErrhAdR6qFsAdwVwAv4VA5a66FM9y1VwWzxAARnx0FcdL0VwKjy8/ASYgGMRseVwJe6z/QgRiG8WcNXwGTBt9WddXGshjTWwX3P5/8JgLGcwMGYwqWS+9YrQ6FMdpLVwBObs+ktF3FMSp5XwhPHy/up23FMcmuWwpnWF/wzjxEsZSfVw3SboAVERrEsBBcVwCyntAhz3EFs7/jVwJi/aAd82FGMIC7Vw S_001
LMuVV+4qUOG8iWIZwLq41/MQSOGsiwNZwj20H/6ojVG8JFjZw7Vjo+yiZCGsM1OZwQzz2/KEv/FcqyJZwBQT8/WDvnFM/MIZwH9Jl/eCVfFMejjYw8ZKq/unjbFsbNuZwv0aDAberbFcR3RawvMNK/eOSKFs6TuYwbAAk/eBMFFcSybZw+7MFAbjQ5EMyUaZwRTUT/oIRKFcuVoYwOziu/g/+2E8o7fYwnwzX/4w4lEMnPeYwUY8MAFLt4E8dqZYwD4DZAFUKLFcT5aYw7nPmAxwHKFsahUYwykLNANeOeFsGrjYwttGw/UyDdFcL6pYwvtoBADugDG8tTsYwlWrEAr+NDG8CkkZw3zlPA7HalFcqPHZwdYDy+WqhiFcrE7ZwtIbh/iXf9EsaiZYweBF4+2xW7Ec+8uZw8kRCALKyqE8Y+NZwBS1UABeGrEcXnTYwFKaVA18xtFsiUlYwZitc/8G5rFsBmwYw S_001
Lsyt0/2rpXFslVBbwz0+2+m4OlFs02CbwYM+LArJibFMVRgbwd0Nm/qpT/E8AgFbwOtiCAXwNuE8bkDbw3K/t/KyDZEcXFAbwzxzL/qGjYEcBVYaw5cIz+SVyUE84mibwfeqf/aehMEsp0IcwwoGC/sG1MEsU9eaw5x3A/o1hEEMj+Mbw0nMH8OzCfD8o3NbwapkrAVvEQEMu1vZwx8ClABTc/DMu24Zw13vVAx6AAEc+bFawZ0oOAtZPUEc5qIawiqIaANYtmE8IgAawrAwnAdkNkEcTazZwMcQuAx/i0E8lcqZwbajNAd/s4EMDPHawxZF2/wh3wE8WJTawqBH1/Ao5aEcXsUawyMMNAv6cwEce6nawQerMAL7ZuEMSWgbws6yDAbVDNE89qCbweNOB+wZPjEsGatbwbwEJ/wfm9DMwAKawDg0v/QOPDE8YpcbwU+EI/49GLDcVQ/awUpmoABcefDsAa1Zw4Nz1AZjvxEsfRhZw6kmrABxkDFcB4sZwoRpU/4S86EMPJbaw S_001
L2cQXB9855DMlszWwUFUUBVrMREsnljWwRrCaBNkLkDcc3rVwuLNTBFftYDs9+dXwvxBVBp7YvCsah6XwdZdQBRP8XCMIgSYwB/yOBBtdvCMXV4YwOUZLBli6TCMxuvXwBbqLBhVPhBs0p1Ww3WHJBBZfrC8xX9YwZhHHBFipNCc7CaYwpA5GBB/XGB8VipYw+IxGBFfuWDMSv8YwXtwBBlhYdDsKVPZwOPT+AJepADMXYfZwN69/A90dDEc7MOZweQmCBht4UE8W48YwGTeABBOqmEckY+Yw/4sHB5cJQE8oeqYwykiJBlYI4DMrGrYwJhXYBF9GzC8G1TYwcdiWBdOucC855DXwfMESBl0gvBsDsYYwV9oKB5IqvCciIGXwu14HBpXPdCsrAcZw4+DDBZXLUCMJIOYwMICEBdczBBsP1/YwnAz4A12SGEsgSbZwKaGKBlv+cEMw1bYw1ceNBZ8cxD8t0cYw S_001
LYKTIBdZdjBMRFfVwrGEJBV+PeCMFJAVwCwCKBZzpaAs+uoUwjLICBVG8WBs9G1VwOFLABxtHHAcxCXWwpL+0A9qpSAMqi1WwIDz0ABhzQBs6r6Xwf4OtANvZ2AsfhzVwhMIpAlltp/7np8Uw6BMrAlkWBC8PG1Xw/sjkA5D2dB85lrWw17haAxXlgA8MqLXwzqqeABjkOEswKQYwFgxUAJ2w3DsVyWYwFW1bAduJQDsYBQYwcN7nAVh3QDc0VAYwfcDuAtvu0DsNovXwrHZpAB5XOEMwXAYwZgVuAl5AhEsMdzXwGVA4At9HpDMFuPXwg0r3AtMO/C8LJOXwOIMuA5ZYuCsu8qXw8auCBxWkj/L8PMXwROWAB1/Jq+rxllVwbzZyAZNaj+rhTHXwzc6wAJCdkB8sJHVwmyJmAFGAACMvXXYw0CHfAdpBGC88xIWwOZjPAhnz9A8W9vXwK1cEAZoH6DcWojYwnwlqA98wuEMwcAYwsox1AZOQhEMoHcXwAmZ+Al8VrC8133Ww S_001
LLhVlANyWMAcCMeTwJVatAh8CMBc0zBTwLA/jAh4Ku9biWtSwgdDUAdGI7AcFGjTwKySBAxltNAMTY/TwK11d/AP0MB8SAQUwDF1r/QPdDCM82TVwQubH/okjDCcOZFTwMCqj+u8reBMCkKSwMFwV/ErQtC8wwCVwZSFz8qMqpCM4YyTwsu1r/eJGiCsOwJUwUO7+/UOcLD8o37UwSBM4/UDn2DM6VOVwUhnK/MzcCEcNOiVw5q+NAJC+HEsIcIVwOwMhA9YlBEs9fyUw8ycoARS7OE8OEwUwRrQiA1weWDM9jgUwH/YTAFAA9CcJzlUwKj3EAJZ1S/rf65UwiUo4/07G++7DhOTw4nax9AWXkAcQ6eUwVrav/ECZMCMNudSwRRzR+8G55Cch11VwOIjf92tXGD8h0JTwtjr3/mZB8CsS6mUwQMAMAFKiXE8VSVVwYAGqAh+JJD8RdOUwcPVVAdStaC8R1XUw S_001
Lju3n+qLq8BcdIpQw3P+j/crkECcXOUQwSwlj/GIv9AshUvPwtxIh/CBprCs4UjQwly8GATK6vCcnx3QweMfMAjgveDsdkARw1tLAArYCxDshdGSwqd+GAzle6DsCbnPw1BTXA3i24DMSKnNwcAr0/iuEOE8NXxRwiK+EA3HYTEcT1bQwiQAZA7NOdEMsbqQwRqQFAR9u/EMD4RSwEHCf/8GUEFMjoSSwBLHK/EA6YFM/oeSw3P+D9IE01Ec0iISwRrtC/kI/hEcjb9Rwzyo7/MfubE8Ai7Rwwc9NA9scrE8fTGSwN7zgAZTDpE8ipGSwEe8+/gf0FE8weuRwL5rO/8Xm+DMAwoRwBSHP+i6jPEM/RxRw9ZkKAba5eC8onzRwy3vQArJJhCcaTFQwiS7dA7q7eDc7sJRwrc4w/WmNwDMVXjOwGnx//uvFaE8VufSw/9e4/y6seE8KwlPwWiwWAHqorEMAzERwnPbPA1l5LF8rOaSwcO8m+OKRdFcL+fSwRH/r/4Z4jFsGQmSweNT5+Ih9cDMzHeRw S_001
LxRORAPTIAEMNWjKwfic4/qvaqDsDhSKwJ4whAnOEyDsiR4IwSvmNA/2CZEMCqDKw50+eAnXCoE8AyUKwcYFWAXlb+EMQXjKwBBjIAfdw/E8DL6MwoNsHAbSdFFss3QIw7MxTAn0aNFsA2FEwqdnt/uqhNFMbwXMwPxQ0/G7zWFcLqkJw1L3EAjsqqFsZYwJwRz/YAth5QF8z3wOwK2/JAVyBgF8nXgOwLi6q/IjDeF8TO2NwyM/g/I3aJFMevaNwmjT8/4ME4EM3qmNw35eTAtnT8E8aVUOwuDOhA5YMtEMkqkOwEl0m/gHMlE82YBNw+mpL8GNbrEMuMgMwKlSR+ODKBFc1NtMw89SkAX2KkEcvjGMwBQ2kA3k5mE80alIwAiLiAv9tIF812lKwR/R8/OnY4EctQzGwUt5q/+HKbFcaEwNwyI1N/6YVaF81ZcIwG5j2/CFb1FsKOoKwsrbPA1cdwFMnC5OwxXsoABGOxEMzhFPwLbueAND3dEstJQOwdDZU/ioSgEszP9Lw S_001
LHcNKAvOzLFsiUZ8vPYAAAr1V2E8JuQ8veHlbA7SuQFMKEWxvqFxv/qLTdF8v9B7vDMs5/SrzzFcRuK7vxnwB/O2PAGc4Ed8vTZTv94L+6FMqGTDwYgID/YqB8FMIXUwvsL7r+U8DEGMZj1yPmoiw/MVD7FsX1sCw8WM6/seVBGMi/B6vKqWAAxshMGsboA6vnBJsA5BqPFsn0zIwof0qAlygkFMtoTIwmyQiAxaxuFcCQwGwmUZUANl/gFMxM4Fw4GrUApcHLFMn6tGwcD4jAVwOCFciQWIwz2LlAlVatEs5O2IwpwGBAd1FCFM+pXFwUAPr/8uaSF8eOxDw8USAA18nlFMOX+DwdT6HAf2Z3Fc4i4AwqS+EAXwY4F8WP0uvonVW/+UoIG82kt7v4OZE/AuUrFMMZGjvVXnAANbADGsc7bFw1YpLA9cC8FsGdv0vZ41NAVUQOGcGU99vOW0xABLouFcUBuIw1wLsABPCoEM2QjJw5bXeApAMjEMyShIwlLrn+kb5QF8GDZCw S_001
LlIsW/UN9+FsitSAQnvND/s3vnFcQR0/PeHce+cr7FGsX+oEQo8+GAd40AGs/XnAQ0jmQARZTLGc+aqAQVaCkAN6WKGMBpn+PKXJlAhm6FG8aqvvPf1bqAlA1CGM/42CQgR2tA5C9HGMIqrHQ5JVuAFKK+Fsg8YuPRizzAhKr/FcOlg+PWr17AJpyHGcfyN+PYxp5AVKB3EMrKP8vAMq/AtY6IFcZQE6vzXCFBR2uHFcdpk8vm7v7AB4maFMMqkzvSSKxAlVAZFM/KOvvDtcqAd65HFsX3TzvFAwuANiA1E88BP6vxNFqAxeIkEcVif8vo9EgANGqMF8it5pvA/qgA1WMgF8m6ehPeFzqAt9noFsiGvZPeViIA5CiQGsVPh7PMbnOARTAPGsK5nEQcrInA5zhSGsWGn/PIR2lA9du3FcNEREQUoT0AFaZBGsIatpvHu93Ah1IxFMlJmAQkN7AB1UWFG8R8h5P9qZ9AZQfqEMH0f/vH4bHBZxPUFsy+M7v1ShGB1rX6Ecofz/vqAhTAxw/oFswa0wP S_001
L94ivAdwDBGsaKfKQ8ETmA9mMzFsngdKQfC9wApuhIG8oQxMQtpM6AJMV0F8d0LKQ7cNCBZWn+Fcug2JQTLEGBlLOvFse0iIQi56DBNmnoFMTg8DQwW/GBJqYaFcrxCKQJF9KBh+pcFsDcFMQebRFBB60SF8hA/CQggyIBhpYLFMTRoHQXePOBNZ+NFcx3RGQs4RABJ2nGFMDYSCQhyYABhxezEcQI1+PGveEBJ4BsE8Q9E7Pl0B3Ax3mpEc4it9PP1TtARrlwEMMA0AQJ0MlAdn5lEswI8/PZ9wtAlDUEFMpMtDQzCJ3AdqTOF8BPUEQsrxBBNOiGGMMmnIQSxxDBZR4BGMZjzLQEn2JBpZJ4FcC0cIQzPcDBtNmUFcs7HLQBelHBVMTQFMRCm+PrKaIBp2a6E8SJXIQw/MPB1lzDFs/4VDQpW92AF/0bEc+bo5PxXbmAJyNLFclRbFQUdV3A1EedFc+PjGQ S_001
L4CcKB58TPF8HZyOQD0kEBVgrOFcQpQPQa4/NBJSMZFMTNaQQapbMBNBe3E8Z6QOQysASBRP/yEcqezNQdDmSBR5rcEMkerMQiezPBladbEMGpIKQhNIQBBa8KEs0vWOQZ8qTBJc6DEMVkNQQv6XNB9/6GEspJ3JQFeGPB1yLzDcRqRMQ8rvTBVDgbD8WqoLQqkL4AZGXNDcU31EQMlLBBd6x8Ccdu0EQadvBBZN7VC8wdnCQTZZFB5vyQDckxzGQxyGEBteb3DsSTbIQjsU+AhfbFE8pYiIQO8V1AhpA1Dc5B8GQVE6rAdyeAEsrSwGQ6pC/AZxVZEs1QwJQVTlEBl5TbEMsbWKQTglHBRP7JEMUZmJQ78sTBZ1w+E8pFaMQVsQUBdsa0Esc7rPQtS8WBlVMaEMdtkMQ1+fMB5j2PEsdIcPQ56nOB9YK8DMUOEIQCCNMBRbGbDM3c9MQGS2SBJPTFD8a+QKQ8tXyANJl7CclnODQwYWFBNzIICMUUeCQ9mH9AlrwGCMYcHBQfNRGB9ydpEsopWLQ S_001
