SEQUENCE: ua
SCORE:     score    rna_data_backbone    rna_vdw    rna_base_backbone    rna_backbone_backbone    rna_repulsive    rna_base_pair    rna_base_axis    rna_base_stagger    rna_base_stack    rna_base_stack_axis     rna_rg    atom_pair_constraint    base_pair_constraint    linear_chainbreak       N_WC      N_NWC       N_BS description
REMARK BINARY SILENTFILE
SCORE:    -3.176                0.000      0.000                0.000                    0.000            0.000           -4.193           -0.588              -2.246             0.000                  0.000      3.852                   0.000                   0.000                0.000          0          1          0    S_000001
FOLD_TREE  JEDGE 1 2 1  C2   C4   END  S_000001
RT 0.253654 0.959357 0.123665 -0.901241 0.18796 0.390431 0.351319 -0.210486 0.912289 5.63164 -1.15087 -0.503214   S_000001
ANNOTATED_SEQUENCE: u[URA:LowerRNA:Virtual_Phosphate]a[RAD:UpperRNA:Virtual_Phosphate] S_000001
PLhCt9U7RS8TsV2rvbBHy+q1oa+zhII2PEX3A/KO718b05E1vODP1/gEU96TDIDovWVlIAxFD++DquuhvNvHfARk2H+DJIzjP6OwfAtqeZ7T/f57P5fbkA9+Xtw7diTzvFpsnAtGN47TxJw/vSw1oA1gTa7LGLm8PnWwtA9l007r71gjPPWb2AtZQg7joHVfPr+PlAJGWh/bjnKAQQ4/sAxPTnAMYYJCQb8b2AFAOUAs3HaCQhkTpABkk1BMGL1DQrExdARvMJC8qRvDQB1qZAZlZtCcljZFQPUnOA5ifWBcH7oBQBSXVAtYyJAsN78/PICVDApifFAURJywPzCsIAJ5T7/j9gD4vUVQkAZVPs/TfPnjPXe9eAptHC9rcUc1vnfHuAB6zI2L7Y0AQsOAwA97jx+LJOxVvlCG9Adcuk0rI3EqPstquANMpOCM83PFQKY1+/kAnlBs1YbBQyJsKAFO9D/bBvG9P S_000001
Pn2fKBtKEI/b5EB9P4RGFBNwFX/7XoK4PEZqOBJaKA9rddM3PJqzMBVcMCB8TZp+P/XwRB97wPBcul+BQfzrSBxzrWCsepHDQ2OmOBpWxkCsiQ2GQgmcSBVLg0CMWfo8PcKBWBt1jXDsDXd9PrX1LBZzCID8GpnEQMGvMBpPRFDsKVJ9PdsWMBFa+uDs8ms4Po4j4AJgpHEsGkZLQW9bBBBQ+MEsfFHLQKjRFBxB9CE8SRwJQ/WWDBdTbiDMTykIQI+T8AlJWTD8ZCsIQbE90ANAdrDsgKMKQECrqA9z3gDs+jeKQbaS7A5QytCsgFdGQrVdCBhrHnCMK5jEQSNHGBB7uFDMJOCGQA2vRBd+IwAs6TXFQ9pqUBFHT6A8Puc/PLTKWBNKFaCMgc4EQ6U8SBBo1kCchP0zPSNWNBdc5iDchP+FQi0NKBNkXxC8Exx5PxqePB9Ds/D8wj66PsviCBBJHaEscyBMQgw6lA5F+yDcRRjLQJF4nA5MAHDMjmnJQQgXDB5yiOC8yFTCQ S_000001
