SEQUENCE: KQFTKCTMFHTVEYGLFQIS
SCORE:     score     fa_atr     fa_rep     fa_sol    fa_intra_rep    pro_close    fa_pair    hbond_sr_bb    hbond_lr_bb    hbond_bb_sc    hbond_sc    loop_close    dslf_ss_dst    dslf_cs_ang    dslf_ss_dih    dslf_ca_dih    atom_pair_constraint    coordinate_constraint       rama      omega     fa_dun    p_aa_pp        ref    free_side_chain    other_pose    linear_chainbreak    all_rms    backbone_rms    rms    silent_score     nclust description
SCORE:    18.048    -21.519      2.872     12.158           0.027        0.000     -0.210         -1.916         -1.497          0.000       0.000         9.597          0.000          0.000          0.000          0.000                   0.000                    0.000      1.135      6.446     15.979     -1.375     19.350            -23.000         0.000                0.000      0.069           0.000  0.000          -7.462          1          S_0
REMARK PARENT_TAG S_00000
RES_NUM A:1-11 A:20-28 S_0
REMARK BINARY SILENTFILE
FOLD_TREE  EDGE 1 11 -1  JEDGE 11 12 1 C N  INTRA_RES_STUB  EDGE 12 20 -1  S_0
RT 0.433016 0.0307682 -0.900861 0.0227707 -0.999472 -0.023191 -0.901098 -0.0104711 -0.433488 6.60233 -5.93951 2.88761   S_0
ANNOTATED_SEQUENCE: K[LYS_p:NtermProteinFull_p:Virtual_Protein_SideChain]Q[GLN_p:Virtual_Protein_SideChain]F[PHE_p:Virtual_Protein_SideChain]T[THR_p:Virtual_Protein_SideChain]K[LYS_p:Virtual_Protein_SideChain]C[CYS_p:Virtual_Protein_SideChain]T[THR_p:Virtual_Protein_SideChain]M[MET_p:Virtual_Protein_SideChain]F[PHE_p:Virtual_Protein_SideChain]H[HIS_D_p:Virtual_Protein_SideChain]T[THR_p:Virtual_Protein_SideChain_p:C_methylamidated]V[VAL_p:Virtual_Protein_SideChain_p:N_acetylated]E[GLU_p:Virtual_Protein_SideChain]Y[TYR_p:Virtual_Protein_SideChain]GL[LEU_p:Virtual_Protein_SideChain]F[PHE_p:Virtual_Protein_SideChain]Q[GLN_p:Virtual_Protein_SideChain]I[ILE_p:Virtual_Protein_SideChain]S[SER_p:CtermProteinFull_p:Virtual_Protein_SideChain] S_0
CHAIN_ENDINGS  11 S_0
LWO0DBpEDUH0FZXYQnvfHBJFuaHkQg9XQRLyIBpbSVH0eUoWQ357JB1isLHEuekWQ8HoMBph3cHUO/XYQK8iQBZrXkHkZ0BYQ57ZVBB5jmHUJydYQl6WZBla8tHEDdHYQAoIeBJKKwHE3ciYQY1UgBRwE1H0eiSYQUQ+cB5IszH06A+YQn3AgBJHOpHEDKpYQBs3RBxjygHEHnHXQs5jOBl66rHEmU1XQq6HUBJRRqHk/q7YQ9tZXBZfCfHUsRlYQguqaBhpSqH0CNTXQ0uZXBJTg1Hk5z/XQ+9+CBVQoXHUNOzYQVybABVWATHUc0GYQxfgFBx87MH0bBdYQtIbFB5kYiHEShzXQkonLBdHWgHk+82YQaAsOBJKVVHUaBeYQ S_0
L35bIBxfqbHUKclVQNzsJBNzMYHkmZOUQgqRPBd++cH01j6TQhALQBJEYmHklDNUQ6IfFBJl9bHkL+NTQgbw/AV72XHU+7fTQ7e5+ANS0LHkyCWTQ54CBBhAUHHExjUSQAqk6A5shGHUTIXUQ07y5ANJk+GEHRUUQQtF4AlmfKHkiCLVQr8k9A9e7ZHk1ahUQjfN6AVelbHEdHzSQRLSHB99TjHUHapVQnEjJBNHaPHEZ7MUQ1CWFBdWrkH0TgNTQZknGBFPXZHEi5NSQ S_0
LTihSBlBBWHkmZWTQZQAYBFueZH0jC/SQ3k4XBlYQcHkCXfRQShLUBZmZZHUGEwQQNZJcB1NwQHkX4QTQ+d5cBVbXOHEnVuUQzfFaB5ZIGHUyQVVQkPNgBdXWUHkkhfVQ6fxaBRb7DHk2PrWQBnjgBBRKSHUyc1WQzVSeBtG8JHElVbXQ34TXBhyXBHkcNvUQ6ZiYBN5b9GEJBJXQ8+0eBZuNIHUdjPYQQg8hB986WHkdYbXQLpUhBhK2aHE4lBVQhrnRBNHaOHEQ1ITQhALZBFuegHEEYlTQFC9aBtxYJHEF6wSQ62/fBRMJTHEse2SQ S_0
LYlDcBV46hHUMIIRQsHFdBJbnkHEBWZPQ8SngBFsybHElYwOQcSshBFCsXHk9oYQQZNSfBdq9vH0aJ7OQIVNiBx1+wH0lrFQQ84fbB9bT4H0vXCQQkyqiBVsWqHEeDhQQzrHdBVuIAIUJLuPQuumXB9Cn3H0I9GPQqaDbBJyA3HUb8GRQpbyeBhqxkHUc9wRQEtoZBdR2kHEsyBOQVlvfB97VxH0RMyMQ S_0
LkCHhB14lZHk/UTMQnEDjBx1jRHkqxbLQdo1lB1jCTH0GvkMQVjHnB56RLH0HFeNQVRNjBFSdRH0YRYIQq7qgB5vmNHU7X/FQpGAhBNqhNH05c4/P0g7cBxVuJH0geV6PgkfdBVBwJH0NGIkvRSDaBd/LHHEYZxxv8FTeBBQQRH0XRHwvtZQgBVJ1EHUxYpuvIcMgBB+hFH0P0VHQApBeBl92SHUccCHQrpehBF6kVH0E4G9PnNpiBBHOIHEKRt9PF++bBlooBHE3Y98P69mZB1d7OH0V+h8PcSMgBJaRdH0EDyKQbnPiBNc9JHkArMMQZFpjBxDgZHE7+THQIK2kBdoSMHkHlfHQ S_0
L6m0jBJbnRGk46RFQOJ2hBViBPG0IbHBQLyWfBZlDIGkqxrDQdolaBlYQKGk6mEDQvHIjBBjGJGE8h14PazqlBVStQGEDrKnPaJRnBhF8RGU4WT6PGZrlBFuePGUbnPEQZ78gBNHaWGUYlD/P4VCkBNStBGkhPs7PLmlhB1e7GG0fNPsP S_0
LaRmgBJwKAGUXPqGQCsydBpw1xFEnEzIQlDNaBtyh8FULy2KQVjXVBB/p2FkCX/KQL1mgBBXtgF0T+MKQSrBiBhdbUFkKaPIQQxsdBFm3RFEpo2LQW/lhBJIoZFE4M+EQt7FgBh33FF01Q1MQ8ekbBFiIbFUjMXNQlo0aBR/8JFEYQjKQnEjiB56R9FEOJGHQlDNbBNzMrFkArcGQqbDiBVndoFU42gLQ S_0
Ly2ZcBpFZFGUepbMQ9oQZBtd+KGE7RhOQAAAVB125RG0HFONQyLdQBdTiSGksdOOQLN4cB1PxRGEzpJQQrBTgBpwWLGEtSDRQ4kBdBdjiCGUVpKSQ8AuZBhXBMG0AUOTQwDphBVpjGGEJFcQQXNghBhvzQG0lqpRQczVXBNVyHGUU/9TQ4VscBJJ/QG0LcuTQz2GXB5FFRGkdvnSQSMIgBdTiHGEOJWMQO0CXB9mEFGk78tPQWwVfBNz9WGUN2DPQuXbaBty4WGU/YyQQ S_0
LQgVWBFYlWGkAr8KQShrSBpFZdG0xLdJQPffNBNHaXGEW5wIQ67HJBJbnbGUbnPJQLKXVBtkZhGkBjyFQNywRBJsCoGUpvTCQhetQBhHpyGkxMkDQTyaPBROtjGUp8i7PahZNBltw4G0JaXAQ+GHMBxfzpGUYpQyP3ZGLBZHW0GU0pd3PgEiSBFyI2GUP0HHQMymMBVGFBHkaqZBQ4JfIBhIK5GkeUwqPS8SKB5RTmGU4G2nvl1NQBtMYbGURlf5Pep7ZBFsyVGEOJGKQWO0RBdoFkGkVO0KQCe2YBFjMmGEMU0GQgVwWBpKmaG0W4cDQ S_0
L03POBBAAOGk6mEHQ7RhJB57nHGUZ7cFQy25GBJbnCGEXPKJQ/pGCBtz3/F0YQAJQoBDLBFTq9FUqxdBQxSqMBRx/CGkZLL4P4MLJBBRaIGEOKckPBUYRBZeiCGUEeirP9/rLBBGHLGU3ys2vBpqQBd6oHGUFte1vz2bFB1ZnKG0zxZtPS6mJBZ3ePGEpJp9v0gQVBhhL+F09QyxPMdzRBhqxKGklDNGQMdzGB1hWNGUxggDQkCXOB9xT0F0WwEDQoOrHBR80yFEjI7AQ S_0
L357JBNHaBG0EDSLQTiBIBlsd4FU2OvNQKxgEBhU4CGElYgPQbnPABluJ9FEYlLQQzQNGBlpvMGUUjAQQLfKDBFbCUGkns2QQanyMB1krwFUlbbPQxW3PBFvhhF0xA7NQ5p1KB1/MmFUT1/QQJ+QOBFpmfFk3UMMQQtQOBBvzgF0LQlRQoaiIBZbvxFUC/kRQYNUIB1wiYFEQLwQQR2uNB125DGkSMYLQNzMFB9TNsFERLCNQ5asJBpWQPGEaoNPQ25VPBZKP+FkPk7PQ S_0
LsisHAd0ioFUFZDWQZ0N5/wTibFEktDVQBYQs/cbnFFk/qkVQLArCAFOJ4EEDY9VQyHvBAtQ68FEDhIWQHRcMAJemFGkQtJXQxqYn/M1uBGEx/XVQn/8KAtdmYFEAb0TQ8FRAA541JFUw2zSQZdzPA5RQuFkdcMTQxSoKABU8HFU9O8RQEZ86/k1Q6Ek6HRTQIHHi/EKvQFktzfSQZi9ZAVwDsFUAdUSQn+4AANj71FUKT5SQmrCYAVWU4F0H86TQHLySAl9ogF0e/kWQ25mU/IMdjFEYQ4UQa12ZAxk9QFUR6HUQ S_0
LVWkiApEDuEUBXfXQy+ptA5+p0E00jSXQevfuA1naMFEvfqXQHJGnAtKHYF0ziUXQfHNxAps+wEEF/1VQfHmxA1wkZEUtPbVQBCI6AlkHNEEQRJWQftOBBdq+VE0mvZWQyeT4AFRb1DE6+bWQXr2pAVAQSEETSoVQ7TBzAtzsYEEfkWUQe4laAJXP2EUIG8WQt89yAlgArEE4Q7XQK1wrAJjR5E0TuKVQv2J5ANKw3E0EjsVQ S_0
L8sI3Adz3RFEIwKYQ+Bs4ARX6mF0V5cYQz3PBBZLdzF0bSQYQgWkFBtEuqFE/pKYQLHh4A9/4kF0fsNZQHe7tAZ7OdF08bfZQNUwrAZ3fHF0MthZQ6SZmAxW8rFEybtZQAaFiANRgAFkP6xZQc8cZAl08kF0ro9ZQJFIVAJ/UPFEL5/ZQJR3BA1MXIFUBCQaQMnty/0MfUFEdMYaQrWrxAlz77EE/sWZQRGYgAhkbvEkVszZQSfmNAV8gwFEWnIaQebGoAtcB9F0snrZQI2O9A5x2HFEGEQYQR46xAdbSwFEueQYQZ+t+A1ptZFko4XZQjOV6AhDX0F0hCcZQ S_0
LjsdABtkYEG01jOYQ+owEBda8LG0sdGYQalDHBhHFMGUNz0WQirHFBdYQHGEIF2VQhqx5ANO0HGkFuSYQzHXDBJgCUGkuCNYQ1UEIBpyWKGkDQcYQ S_0
LyfqLB9b9RGUovvWQc7cOB1teTGEhVeVQrGPQBpP1IG0Ly2UQMyWQBxS3HGUkCnTQIYVTBxuuaGEZarVQ5jGSBpHdmG02rAWQaBSXBl6RsGEWGWWQARSPB1pqrGEKH1UQachPB920mGEo34WQkAaWB9Hn0GkkOlWQ7BLZBx1eoGEiINXQFZ+ZBhd7rGkQXfVQqDaOBV9/zGkMQEVQNU3RB90TrGE068TQsDkLBFrbnGEA8nUQ12ZNBdyhVG0syhXQbktLBR++WGUY6uUQlMvVBpifXGUwbfWQN+uVB1SnaG02LxUQ S_0
L1NpRB5wgBGkaRuVQfVuTBR25tF0gATVQ1PVPBF/UdF057HVQIIQQBlUjLF0JclUQ9TzXBh2glFkd1TWQEi4cBdLUyFEEGXWQZR3dBVDJAGk9QaXQtHWgBVjbwF07AXVQnMRhBZSCGGUvUdXQaxriBRSL8FkL8ZVQGRJjB5kAFGUZMdWQLe5aB9k8AGkvgGYQGMohB1qfLGECPJYQ7F/kB5/pJGkGhfWQBjKkBZci6FkoLnUQyj9fBx/flF043hUQtIbRBxteCGEjstWQJcdVBBWkvFECsSUQa/BWBtAilFk1hTXQeA1YBdxBVFkxTEWQ S_0
L9pmKBNX6iF0S3kVQEaxFBJoFVFUxLdVQykYHBl9T/EE1jCWQnI7GBVGvuEUanXVQFn4DBpr0SFUBaAUQ3aBCBFEonFU+5XTQrIi5AF1bvF03B9TQW3mxARFrjFUBO/TQE3Z5A5trBGUBfaUQKSsyAJ7sEG0kuzUQIZAABFXLGGktdXUQ3zCFBBM5zFUM6iTQymeBBJUHlFkIbTSQKH6JBlS3wFERLCWQ69TCBJ78bFER2+VQfMIHBZ2bMF0jaZTQBelABppcHFkHc9TQ S_0
LuMTJBdOf/EUluRXQcX6KBd9TrEkCt4XQSm5FB1grhE0MeRYQlyBDBZhWsEE++pYQFmZPBVKduEk9fdYQtsaUB1Kf3Ekc/HYQirpQBticZE0F7zYQt1qYBh+v+E0mKnYQNU1TB1E9bEUaOLZQLUFNBZMqTE0wOEZQaD8RBlcpNEEiYcYQZFKWBVQYrE0uQmXQEsUTBxAGFFUS+nXQsQGcBJ98EFEzhVYQFUDXBtQTLFkrq7YQkg7ZBNnQxEkNy6YQhYwJBpwgMFkTN2XQ0naMBNHFgEULIIXQ23IOBROK6EkXS1YQ S_0
LJhLFBRIbNEU6RFYQiHlABN89/D0tJRYQXBhABxaSwDUvK/YQpisEBVnFlDE9TRZQF+v4A9vmuDUtgSZQSVXABt8ZZDUkgnXQByi4AJpU9Cky+/XQrVN1A95DKDkEkYYQatzHBhowFEU2PlXQD5Q6At+pKEUteMYQHFa/Ah9/jDkW6lWQRSMEBRkxID0VJpXQ S_0
SCORE:     0.000          8       0.000    S_000001
RES_NUM A:1-11 A:20-28 S_000001
REMARK BINARY SILENTFILE
FOLD_TREE  EDGE 1 11 -1  JEDGE 11 12 1 C N  INTRA_RES_STUB  EDGE 12 20 -1  S_000001
RT 0.433016 0.0307682 -0.900861 0.0227707 -0.999472 -0.023191 -0.901098 -0.0104711 -0.433488 6.60233 -5.93951 2.88761   S_000001
ANNOTATED_SEQUENCE: K[LYS_p:NtermProteinFull_p:Virtual_Protein_SideChain]Q[GLN_p:Virtual_Protein_SideChain]F[PHE_p:Virtual_Protein_SideChain]T[THR_p:Virtual_Protein_SideChain]K[LYS_p:Virtual_Protein_SideChain]C[CYS_p:Virtual_Protein_SideChain]T[THR_p:Virtual_Protein_SideChain]M[MET_p:Virtual_Protein_SideChain]F[PHE_p:Virtual_Protein_SideChain]H[HIS_D_p:Virtual_Protein_SideChain]T[THR_p:Virtual_Protein_SideChain_p:C_methylamidated]V[VAL_p:Virtual_Protein_SideChain_p:N_acetylated]E[GLU_p:Virtual_Protein_SideChain]Y[TYR_p:Virtual_Protein_SideChain]GL[LEU_p:Virtual_Protein_SideChain]F[PHE_p:Virtual_Protein_SideChain]Q[GLN_p:Virtual_Protein_SideChain]I[ILE_p:Virtual_Protein_SideChain]S[SER_p:CtermProteinFull_p:Virtual_Protein_SideChain] S_000001
CHAIN_ENDINGS  11 S_000001
LWO0DBtEDUHkFZXYQnvfHBNFuaHEQg9XQRLyIBtbSVHUeUoWQ357JB5isLHktekWQ8HoMBxh3cHEO/XYQJ8iQBhrXkHUZ0BYQ57ZVBJ5jmHEJydYQk6WZBta8tHkCdHYQ/nIeBRKKwHk2ciYQY1UgBZwE1HUeiSYQTQ+cBBJszHU6A+YQn3AgBRHOpHkCKpYQAs3RB5jygHUGnHXQr5jOBt66rHUlU1XQq6HUBRRRqHU/q7YQ9tZXBhfCfHEsRlYQfuqaBppSqHECNTXQzuZXBRTg1H04z/XQ+9+CBdQoXHENOzYQVybABZWATHEc0GYQxfgFB587MHkbBdYQtIbFB9kYiHkRhzXQkonLBlHWgHU+82YQaAsOBRKVVHEaBeYQ S_000001
L25bIB1fqbH0JclVQMzsJBRzMYHEmZOUQfqRPBh++cHU1j6TQgALQBNEYmH0kDNUQ5IfFBNl9bHEL+NTQfbw/AZ72XH097fTQ6e5+ARS0LHEyCWTQ54CBBlAUHH0wjUSQAqk6A9shGHETIXUQ07y5ARJk+G0GRUUQQtF4ApmfKHUiCLVQq8k9ABf7ZHE1ahUQhfN6AZelbHkcHzSQQLSHBB+TjH0GapVQnEjJBRHaPHkY7MUQ0CWFBhWrkHUTgNTQYknGBJPXZHkh5NSQ S_000001
LSihSBpBBWHEmZWTQYQAYBJueZHEjC/SQ2k4XBpYQcH0BXfRQRhLUBdmZZH0FEwQQNZJcB9NwQHEX4QTQ+d5cBdbXOHkmVuUQzfFaBBaIGH0xQVVQkPNgBlXWUH0jhfVQ6fxaBZb7DHE2PrWQBnjgBJRKSHkxc1WQzVSeB1G8JHkkVbXQ34TXBpyXBHEcNvUQ7ZiYBV5b9GkIBJXQ8+0eBhuNIHEdjPYQQg8hBF96WH0cYbXQLpUhBpK2aHU3lBVQhrnRBRHaOHkP1ITQgALZBNuegHUDYlTQFC9aB1xYJHkE6wSQ52/fBZMJTHUre2SQ S_000001
LXlDcBZ46hHkLIIRQrHFdBNbnkHk/VZPQ7SngBJsybHkjYwOQbSshBNCsXH08oYQQXNSfBhq9vHEZJ7OQHVNiB51+wH0krFQQ64fbBBcT4HEvXCQQjyqiBdsWqHUdDhQQxrHdBZuIAIkHLuPQsumXBBDn3HEH9GPQoaDbBNyA3Hka8GRQobyeBpqxkHkb9wRQCtoZBhR2kHkqyBOQTlvfBB8VxHEQMyMQ S_000001
LjCHhB54lZHE+UTMQmEDjB11jRHEpxbLQco1lB9jCTHUFvkMQVjHnBB7RLHUGFeNQURNjBJSdRHUXRYIQp7qgB9vmNH04X/FQoGAhBRqhNH00c4/Pzg7cB1VuJHUceV6PekfdBVBwJH0yGIkvPSDaBd/LHHkgZxxv6FTeBBQQRH0hRHwvsZQgBZJ1EHkDZpuvHcMgBF+hFHkN0VHQ/oBeBp92SH0ZcCHQqpehBJ6kVHU/3G9PmNpiBFHOIHEFRt9PE++bBpooBH0yY98P49mZB5d7OHER+h8PbSMgBNaRdHUDDyKQbnPiBRc9JHU/qMMQYFpjB1DgZHE4+THQHK2kBhoSMH0ElfHQ S_000001
L6m0jBNbnRGU36RFQOJ2hBZiBPG0HbHBQMyWfBdlDIG0pxrDQeolaBpYQKGE6mEDQvHIjBFjGJGU6h14PazqlBZStQGEvqKnPaJRnBlF8RGk1WT6PGZrlBJuePGEanPEQZ78gBRHaWGEWlD/P4VCkBRStBGEgPs7PLmlhB5e7GGkZNPsP S_000001
LaRmgBNwKAG0WPqGQDsydBxw1xF0mEzIQmDNaB1yh8FELy2KQWjXVBJ/p2FkCX/KQM1mgBJXtgF0T+MKQTrBiBpdbUFkKaPIQSxsdBNm3RFEpo2LQX/lhBRIoZFE4M+EQu7FgBp33FF01Q1MQ+ekbBNiIbFUjMXNQno0aBZ/8JFUYQjKQoEjiBB7R9FkNJGHQmDNbBVzMrFkArcGQrbDiBhndoFE42gLQ S_000001
Lz2ZcBtFZFGEepbMQ+oQZBxd+KG06RhOQBAAVB525RGkHFONQzLdQBhTiSGUsdOOQMN4cB5PxRG0ypJQQsBTgBtwWLG0sSDRQ6kBdBljiCGUVpKSQ9AuZBpXBMGkAUOTQxDphBdpjGG0IFcQQYNghBpvzQGklqpRQezVXBVVyHGUU/9TQ5VscBRJ/QGkLcuTQ02GXB9FFRGUdvnSQTMIgBhTiHG0NJWMQP0CXBBnEFGU78tPQXwVfBRz9WG0M2DPQvXbaBxy4WGE/YyQQ S_000001
LRgVWBJYlWGEAr8KQShrSBtFZdGUxLdJQPffNBNHaXG0V5wIQ67HJBJbnbGEbnPJQLKXVBxkZhGkAjyFQNywRBJsCoGUovTCQgetQBhHpyGUwMkDQTyaPBROtjGUn8i7PZhZNBltw4GUIaXAQ9GHMBxfzpGUUpQyP2ZGLBZHW0GUvpd3PfEiSBJyI2G0N0HHQLymMBVGFBHEZqZBQ3JfIBhIK5GUUUwqPR8SKB5RTmGEGH2nvl1NQBtMYbG0Plf5Pep7ZBJsyVGkNJGKQWO0RBhoFkGEVO0KQCe2YBJjMmG0KU0GQgVwWBtKmaG0V4cDQ S_000001
L13POBBAAOGU6mEHQ8RhJB57nHGUZ7cFQz25GBJbnCGEXPKJQAqGCBtz3/FEZQAJQpBDLBFTq9FkqxdBQySqMBRx/CGkZLL4P4MLJBBRaIGENKckPCUYRBZeiCGEDeirP9/rLBBGHLGE4ys2vBpqQBd6oHGUGte1vz2bFB1ZnKG0zxZtPS6mJBZ3ePGkpJp9v1gQVBlhL+FE9QyxPNdzRBlqxKGUlDNGQMdzGB1hWNGUxggDQlCXOBByT0FEXwEDQpOrHBR80yFUjI7AQ S_000001
L457JBNHaBG0EDSLQUiBIBpsd4Fk2OvNQLxgEBlU4CGElYgPQdnPABpuJ9FEYlLQQ0QNGBppvMGUUjAQQMfKDBJbCUGkns2QQcnyMB9krwFUlbbPQzW3PBNvhhFEyA7NQ7p1KB9/MmFUT1/QQL+QOBJpmfF03UMMQStQOBJvzgF0LQlRQqaiIBhbvxFUC/kRQaNUIB9wiYFUQLwQQS2uNB525DGkSMYLQPzMFBBUNsFURLCNQ6asJBtWQPG0ZoNPQ35VPBhKP+FkPk7PQ S_000001
L2isHAh0ioF0FZDWQw0N5/0TibFkktDVQZYQs/gbnFFEArkVQXArCAJOJ4EkDY9VQ8HvBAxQ68FUDhIWQPRcMANemFG0QtJXQFrYn/M1uBGUx/XVQ0/8KAxdmYFkAb0TQKGRAA941JF0w2zSQmdzPA9RQuFEecMTQAToKABU8HF09O8RQhZ86/o1Q6EE7HRTQlHHi/EKvQFEuzfSQni9ZAZwDsF0AdUSQ0+4AARj71FkKT5SQyrCYAZWU4FUI86TQRLySAp9ogFUf/kWQk6mU/MMdjFUYQ4UQn12ZA1k9QF0R6HUQ S_000001
LaWkiAxEDuEECXfXQ3+ptAB/p0Ek1jSXQjvfuA9naMF0vfqXQMJGnA1KHYFU0iUXQlHNxAts+wE0F/1VQmHmxA5wkZEEuPbVQHCI6AtkHNEERRJWQitOBBlq+VE0nvZWQ5eT4ARRb1DE7+bWQer2pAZAQSE0TSoVQCUBzAxzsYE0fkWUQp4laANXP2E0IG8WQy89yAtgArE04Q7XQQ1wrANjR5EkUuKVQ12J5AVKw3EkFjsVQ S_000001
LAtI3Alz3RFUIwKYQCCs4AZX6mFEW5cYQ13PBBhLdzFEcSQYQiWkFB1EuqFk/pKYQOHh4AFA5kFEgsNZQKe7tAh7OdFE9bfZQQUwrAh3fHFENthZQ9SZmA5W8rFUybtZQDaFiAVRgAF0P6xZQh8cZAt08kFEso9ZQPFIVAR/UPFUL5/ZQOR3BA9MXIFkBCQaQVnty/8MfUFUdMYaQvWrxAtz77EU/sWZQUGYgApkbvE0VszZQWfmNAd8gwFUWnIaQgbGoA1cB9FEtnrZQN2O9ABy2HFkGEQYQV46xAlbSwFUueQYQc+t+A9ptZFEp4XZQmOV6ApDX0FEiCcZQ S_000001
LlsdABxkYEGE2jOYQApwEBha8LGEtdGYQclDHBlHFMGEOz0WQkrHFBhYQHG0IF2VQkqx5ARO0HG0FuSYQ1HXDBNgCUG0uCNYQ3UEIBtyWKG0DQcYQ S_000001
L0fqLBBc9RGEpvvWQe7cOB5teTG0hVeVQuGPQBtP1IGkMy2UQPyWQB1S3HGElCnTQKYVTB1uuaG0ZarVQ7jGSBtHdmGk3rAWQcBSXBp6RsG0WGWWQCRSPB5pqrG0KH1UQcchPBB30mG0o34WQlAaWBBIn0GUlOlWQ9BLZB11eoG0iINXQHZ+ZBld7rGURXfVQsDaOBZ9/zGENQEVQPU3RBB1TrG0068TQuDkLBJrbnG0A8nUQ32ZNBhyhVGktyhXQdktLBV++WGEZ6uUQnMvVBtifXGExbfWQP+uVB5SnaGk3LxUQ S_000001
L3NpRB9wgBGkbRuVQiVuTBZ25tF0hATVQ4PVPBN/UdF067HVQLIQQBtUjLF0KclUQAUzXBt2glFke1TWQGi4cBpLUyFEFGXWQbR3dBZDJAGk+QaXQuHWgBhjbwFE9AXVQoMRhBhSCGGkwUdXQbxriBdSL8F0M8ZVQHRJjB9kAFGkaMdWQNe5aBBl8AGEwgGYQHMohB9qfLGkCPJYQ8F/kBBAqJG0HhfWQCjKkBlci6F0pLnUQ1j9fB5/flFE63hUQvIbRB1teCGEkstWQMcdVBJWkvFEDsSUQc/BWB5AilFk2hTXQhA1YBpxBVF0yTEWQ S_000001
LAqmKBVX6iF0T3kVQHaxFBRoFVFEyLdVQ1kYHBt9T/EE2jCWQqI7GBdGvuEUbnXVQIn4DBxr0SFECaAUQ6aBCBJEonFE/5XTQxIi5AJ1bvFk4B9TQc3mxAVFrjFECO/TQJ3Z5A9trBG0BfaUQPSsyAN7sEGUluzUQLZAABJXLGGUudXUQ6zCFBJM5zFEN6iTQ1meBBNUHlFUJbTSQNH6JBtS3wF0RLCWQ99TCBR78bF0R2+VQiMIHBh2bMF0kaZTQEelABtpcHFUIc9TQ S_000001
LxMTJBlOf/EUmuRXQfX6KBl9TrEkDt4XQVm5FB9grhEUNeRYQnyBDBhhWsEk++pYQHmZPBhKduEE+fdYQvsaUBBLf3EEd/HYQkrpQB5icZEUG7zYQv1qYBt+v+EUnKnYQPU1TBBF9bE0aOLZQNUFNBlMqTEUxOEZQdD8RBxcpNEkiYcYQcFKWBhQYrEEwQmXQGsUTB9AGFFUT+nXQuQGcBV98EFkzhVYQHUDXB5QTLFEsq7YQmg7ZBZnQxEEOy6YQjYwJBxwgMFkUN2XQ3naMBVHFgEUMIIXQ43IOBdOK6EEYS1YQ S_000001
LMhLFBZIbNE06RFYQlHlABd89/DUuJRYQaBhABFbSwD0vK/YQrisEBpnFlDk9TRZQK+v4ARwmuD0tgSZQVVXAB98ZZDUlgnXQHyi4AZpU9Ckz+/XQxVN1AN6DKDEFkYYQdtzHBpowFEU3PlXQI5Q6A1+pKE0teMYQOFa/Ax9/jDkX6lWQUSMEBhkxID0WJpXQ S_000001
